Component: ARM Compiler 5.06 (build 20) Tool: armlink [4d35a3]

==============================================================================

Section Cross References

    startup_stm32f407xx.o(STACK) refers (Special) to heapauxi.o(.text) for __use_two_region_memory
    startup_stm32f407xx.o(HEAP) refers (Special) to heapauxi.o(.text) for __use_two_region_memory
    startup_stm32f407xx.o(RESET) refers (Special) to heapauxi.o(.text) for __use_two_region_memory
    startup_stm32f407xx.o(RESET) refers to startup_stm32f407xx.o(STACK) for __initial_sp
    startup_stm32f407xx.o(RESET) refers to startup_stm32f407xx.o(.text) for Reset_Handler
    startup_stm32f407xx.o(RESET) refers to stm32f4xx_it.o(i.NMI_Handler) for NMI_Handler
    startup_stm32f407xx.o(RESET) refers to stm32f4xx_it.o(i.HardFault_Handler) for HardFault_Handler
    startup_stm32f407xx.o(RESET) refers to stm32f4xx_it.o(i.MemManage_Handler) for MemManage_Handler
    startup_stm32f407xx.o(RESET) refers to stm32f4xx_it.o(i.BusFault_Handler) for BusFault_Handler
    startup_stm32f407xx.o(RESET) refers to stm32f4xx_it.o(i.UsageFault_Handler) for UsageFault_Handler
    startup_stm32f407xx.o(RESET) refers to port.o(.emb_text) for SVC_Handler
    startup_stm32f407xx.o(RESET) refers to stm32f4xx_it.o(i.DebugMon_Handler) for DebugMon_Handler
    startup_stm32f407xx.o(RESET) refers to port.o(i.SysTick_Handler) for SysTick_Handler
    startup_stm32f407xx.o(RESET) refers to stm32f4xx_it.o(i.DMA1_Stream0_IRQHandler) for DMA1_Stream0_IRQHandler
    startup_stm32f407xx.o(RESET) refers to stm32f4xx_it.o(i.DMA1_Stream1_IRQHandler) for DMA1_Stream1_IRQHandler
    startup_stm32f407xx.o(RESET) refers to stm32f4xx_it.o(i.DMA1_Stream2_IRQHandler) for DMA1_Stream2_IRQHandler
    startup_stm32f407xx.o(RESET) refers to stm32f4xx_it.o(i.DMA1_Stream3_IRQHandler) for DMA1_Stream3_IRQHandler
    startup_stm32f407xx.o(RESET) refers to stm32f4xx_it.o(i.DMA1_Stream4_IRQHandler) for DMA1_Stream4_IRQHandler
    startup_stm32f407xx.o(RESET) refers to stm32f4xx_it.o(i.DMA1_Stream5_IRQHandler) for DMA1_Stream5_IRQHandler
    startup_stm32f407xx.o(RESET) refers to stm32f4xx_it.o(i.DMA1_Stream6_IRQHandler) for DMA1_Stream6_IRQHandler
    startup_stm32f407xx.o(RESET) refers to stm32f4xx_it.o(i.USART1_IRQHandler) for USART1_IRQHandler
    startup_stm32f407xx.o(RESET) refers to stm32f4xx_it.o(i.USART2_IRQHandler) for USART2_IRQHandler
    startup_stm32f407xx.o(RESET) refers to stm32f4xx_it.o(i.USART3_IRQHandler) for USART3_IRQHandler
    startup_stm32f407xx.o(RESET) refers to stm32f4xx_it.o(i.DMA1_Stream7_IRQHandler) for DMA1_Stream7_IRQHandler
    startup_stm32f407xx.o(RESET) refers to stm32f4xx_it.o(i.UART4_IRQHandler) for UART4_IRQHandler
    startup_stm32f407xx.o(RESET) refers to stm32f4xx_it.o(i.UART5_IRQHandler) for UART5_IRQHandler
    startup_stm32f407xx.o(RESET) refers to stm32f4xx_it.o(i.TIM6_DAC_IRQHandler) for TIM6_DAC_IRQHandler
    startup_stm32f407xx.o(RESET) refers to stm32f4xx_it.o(i.DMA2_Stream1_IRQHandler) for DMA2_Stream1_IRQHandler
    startup_stm32f407xx.o(RESET) refers to stm32f4xx_it.o(i.DMA2_Stream2_IRQHandler) for DMA2_Stream2_IRQHandler
    startup_stm32f407xx.o(RESET) refers to stm32f4xx_it.o(i.OTG_FS_IRQHandler) for OTG_FS_IRQHandler
    startup_stm32f407xx.o(RESET) refers to stm32f4xx_it.o(i.DMA2_Stream6_IRQHandler) for DMA2_Stream6_IRQHandler
    startup_stm32f407xx.o(RESET) refers to stm32f4xx_it.o(i.DMA2_Stream7_IRQHandler) for DMA2_Stream7_IRQHandler
    startup_stm32f407xx.o(RESET) refers to stm32f4xx_it.o(i.USART6_IRQHandler) for USART6_IRQHandler
    startup_stm32f407xx.o(.text) refers (Special) to heapauxi.o(.text) for __use_two_region_memory
    startup_stm32f407xx.o(.text) refers to system_stm32f4xx.o(i.SystemInit) for SystemInit
    startup_stm32f407xx.o(.text) refers to __main.o(!!!main) for __main
    startup_stm32f407xx.o(.text) refers to startup_stm32f407xx.o(HEAP) for Heap_Mem
    startup_stm32f407xx.o(.text) refers to startup_stm32f407xx.o(STACK) for Stack_Mem
    main.o(i.HAL_TIM_PeriodElapsedCallback) refers to stm32f4xx_hal.o(i.HAL_IncTick) for HAL_IncTick
    main.o(i.SystemClock_Config) refers to rt_memclr_w.o(.text) for __aeabi_memclr4
    main.o(i.SystemClock_Config) refers to stm32f4xx_hal_rcc.o(i.HAL_RCC_OscConfig) for HAL_RCC_OscConfig
    main.o(i.SystemClock_Config) refers to stm32f4xx_hal_rcc.o(i.HAL_RCC_ClockConfig) for HAL_RCC_ClockConfig
    main.o(i.main) refers to stm32f4xx_hal.o(i.HAL_Init) for HAL_Init
    main.o(i.main) refers to main.o(i.SystemClock_Config) for SystemClock_Config
    main.o(i.main) refers to gpio.o(i.MX_GPIO_Init) for MX_GPIO_Init
    main.o(i.main) refers to dma.o(i.MX_DMA_Init) for MX_DMA_Init
    main.o(i.main) refers to tim.o(i.MX_TIM7_Init) for MX_TIM7_Init
    main.o(i.main) refers to usart.o(i.MX_USART1_UART_Init) for MX_USART1_UART_Init
    main.o(i.main) refers to i2c.o(i.MX_I2C1_Init) for MX_I2C1_Init
    main.o(i.main) refers to usart.o(i.MX_USART6_UART_Init) for MX_USART6_UART_Init
[...]
    IS_12H_Misc_DP_Vlu                       0x20000f50   Data          12  app_innerscreen_cfg.o(.data)
    IS_16H_Misc_DP_Vlu                       0x20000f5c   Data          12  app_innerscreen_cfg.o(.data)
    IS_8H_WeightColor_DP_Vlu                 0x20000f68   Data          32  app_innerscreen_cfg.o(.data)
    innerScreenCfg                           0x20000f88   Data         272  app_innerscreen_cfg.o(.data)
    g_u8InnerScreenVoicePrintfStatus         0x20001098   Data           1  app_innerscreenrxhandle.o(.data)
    innerScreenRxHandle                      0x2000109c   Data         120  app_innerscreenrxhandle.o(.data)
    innerScreenTxHandle                      0x20001114   Data          40  app_innerscreentxhandle.o(.data)
    g_led_ctrl_data                          0x2000113f   Data           4  app_led_ctrl.o(.data)
    g_sys_ms_tick                            0x20001148   Data           4  app_main_task.o(.data)
    g_ModbusRtu                              0x2000114c   Data         812  app_modbus_rtu_ctrl.o(.data)
    g_passWordId                             0x20001478   Data           4  app_password.o(.data)
    g_passWordStore                          0x2000147c   Data           4  app_password.o(.data)
    g_sysLocked                              0x20001480   Data           4  app_password.o(.data)
    idAddr                                   0x20001484   Data          40  app_password.o(.data)
    gSystemPara                              0x200014b0   Data         100  app_syspara.o(.data)
    u8T5LVoiceBuffPush_i                     0x20001514   Data           1  app_t5l_ctrl.o(.data)
    u8T5LVoiceBuffPop_i                      0x20001515   Data           1  app_t5l_ctrl.o(.data)
    u8T5LVoiceBuffStoreNum                   0x20001516   Data           1  app_t5l_ctrl.o(.data)
    g_i16ColorBuff                           0x20001522   Data           4  app_t5l_ctrl.o(.data)
    g_i16ColorBuffPre                        0x20001526   Data           4  app_t5l_ctrl.o(.data)
    g_i16ColorOtherChanel                    0x2000152a   Data           4  app_t5l_ctrl.o(.data)
    g_i16OtherChanelCaculate                 0x2000152e   Data           4  app_t5l_ctrl.o(.data)
    g_i16HelpDataChnSort                     0x20001532   Data           4  app_t5l_ctrl.o(.data)
    g_i16ColorBuffLarger                     0x20001536   Data           4  app_t5l_ctrl.o(.data)
    g_i16ColorBuffPreLarger                  0x2000153a   Data           4  app_t5l_ctrl.o(.data)
    g_i16ColorOtherChanelLarger              0x2000153e   Data           4  app_t5l_ctrl.o(.data)
    g_i16OtherChanelCaculateLarger           0x20001542   Data           4  app_t5l_ctrl.o(.data)
    g_handleStatus                           0x20001546   Data           4  app_t5l_ctrl.o(.data)
    g_u16WeightHoldOn                        0x2000154a   Data           4  app_t5l_ctrl.o(.data)
    g_needSendHelp                           0x2000154e   Data           4  app_t5l_ctrl.o(.data)
    g_handle_i                               0x20001552   Data           4  app_t5l_ctrl.o(.data)
    g_rmTrigerInnerSts                       0x20001556   Data           4  app_t5l_ctrl.o(.data)
    g_i32DataBuff                            0x20001560   Data           8  app_t5l_ctrl.o(.data)
    g_i32DataBuffPre                         0x20001568   Data           8  app_t5l_ctrl.o(.data)
    g_i32_i16DataBuff                        0x20001570   Data           8  app_t5l_ctrl.o(.data)
    g_fDataBuffCaculate                      0x20001578   Data           8  app_t5l_ctrl.o(.data)
    g_i16HelpDataSort                        0x20001580   Data           8  app_t5l_ctrl.o(.data)
    g_i32DataBuffLarger                      0x20001588   Data           8  app_t5l_ctrl.o(.data)
    g_i32DataBuffPreLarger                   0x20001590   Data           8  app_t5l_ctrl.o(.data)
    g_i32_i16DataBuffLarger                  0x20001598   Data           8  app_t5l_ctrl.o(.data)
    g_fDataBuffCaculateLarger                0x200015a0   Data           8  app_t5l_ctrl.o(.data)
    g_T5LCtx                                 0x200015a8   Data        1440  app_t5l_ctrl.o(.data)
    g_ScreenHandle                           0x20001b48   Data          48  app_t5l_ctrl.o(.data)
    DO_GPIO_PORT                             0x20001b78   Data          40  hal_gpio.o(.data)
    DI_GPIO_PORT                             0x20001ba0   Data          24  hal_gpio.o(.data)
    g_UartDevice                             0x20001bb8   Data         312  hal_uart.o(.data)
    retUSBH                                  0x20001d02   Data           1  fatfs.o(.data)
    USBHPath                                 0x20001d03   Data           4  fatfs.o(.data)
    fileName                                 0x20001d07   Data          10  fatfs.o(.data)
    fileData                                 0x20001d11   Data          20  fatfs.o(.data)
    Appli_state                              0x20001d25   Data           1  usb_host.o(.data)
    USBH_msc                                 0x20001d30   Data          32  usbh_msc.o(.data)
    hadc1                                    0x20001fa4   Data          72  adc.o(.bss)
    hi2c1                                    0x20001fec   Data          84  i2c.o(.bss)
    htim7                                    0x20002040   Data          72  tim.o(.bss)
    Usart1AsScreen1Type                      0x20002088   Data        1028  usart.o(.bss)
    Rx_buff                                  0x2000248c   Data          50  usart.o(.bss)
    huart4                                   0x200024c0   Data          68  usart.o(.bss)
    huart5                                   0x20002504   Data          68  usart.o(.bss)
    huart1                                   0x20002548   Data          68  usart.o(.bss)
    huart2                                   0x2000258c   Data          68  usart.o(.bss)
    huart3                                   0x200025d0   Data          68  usart.o(.bss)
    huart6                                   0x20002614   Data          68  usart.o(.bss)
    hdma_uart4_rx                            0x20002658   Data          96  usart.o(.bss)
    hdma_uart4_tx                            0x200026b8   Data          96  usart.o(.bss)
    hdma_uart5_rx                            0x20002718   Data          96  usart.o(.bss)
    hdma_uart5_tx                            0x20002778   Data          96  usart.o(.bss)
    hdma_usart1_rx                           0x200027d8   Data          96  usart.o(.bss)
    hdma_usart1_tx                           0x20002838   Data          96  usart.o(.bss)
    hdma_usart2_rx                           0x20002898   Data          96  usart.o(.bss)
    hdma_usart2_tx                           0x200028f8   Data          96  usart.o(.bss)
    hdma_usart3_rx                           0x20002958   Data          96  usart.o(.bss)
    hdma_usart3_tx                           0x200029b8   Data          96  usart.o(.bss)
    hdma_usart6_rx                           0x20002a18   Data          96  usart.o(.bss)
    hdma_usart6_tx                           0x20002a78   Data          96  usart.o(.bss)
    htim6                                    0x20002ad8   Data          72  stm32f4xx_hal_timebase_tim.o(.bss)
    xQueueRegistry                           0x20002b20   Data          64  queue.o(.bss)
    HX711Chanel                              0x20006890   Data         236  app_hx711_ctrl.o(.bss)
    app_i2cRxData                            0x2000697c   Data          64  app_i2c.o(.bss)
    app_i2cTxData                            0x200069bc   Data          64  app_i2c.o(.bss)
    user_i2cRxData                           0x200069fc   Data        1024  app_i2c.o(.bss)
    user_i2cTxData                           0x20006dfc   Data        1024  app_i2c.o(.bss)
    SysKey                                   0x200071fc   Data          12  app_key_ctrl.o(.bss)
    STM32McuId                               0x20007208   Data          12  app_password.o(.bss)
    flashStoreDataBuf                        0x20007214   Data         180  app_syspara.o(.bss)
    flashStoreDataBuf_3030                   0x200072c8   Data         100  app_syspara.o(.bss)
    g_i16HelpDataBuff                        0x2000732c   Data          24  app_t5l_ctrl.o(.bss)
    g_i16HelpDataBuffPre                     0x20007344   Data          24  app_t5l_ctrl.o(.bss)
    g_i16HelpDataBuffLarger                  0x2000735c   Data          24  app_t5l_ctrl.o(.bss)
    g_i16HelpDataBuffPreLarger               0x20007374   Data          24  app_t5l_ctrl.o(.bss)
    g_T5L_VoiceBuff                          0x2000742c   Data          18  app_t5l_ctrl.o(.bss)
    SmmzHandleContex                         0x2000743e   Data         396  app_smmz.o(.bss)
    WzdyjHandleContex                        0x200075cc   Data         400  app_wzdyj.o(.bss)
    FatfsUDisk                               0x2000775c   Data         564  fatfs.o(.bss)
    myFile                                   0x20007990   Data         560  fatfs.o(.bss)
    hUsbHostFS                               0x20007bc0   Data         996  usb_host.o(.bss)
    hhcd_USB_OTG_FS                          0x20007fa4   Data         772  usbh_conf.o(.bss)
    disk                                     0x200082c8   Data          12  ff_gen_drv.o(.bss)
    __libspace_start                         0x200082d4   Data          96  libspace.o(.bss)
    __temporary_stack_top$libspace           0x20008334   Data           0  libspace.o(.bss)



==============================================================================

Memory Map of the image

  Image Entry point : 0x08000189

  Load Region LR_IROM1 (Base: 0x08000000, Size: 0x0000f9ac, Max: 0x00080000, ABSOLUTE, COMPRESSED[0x0000e5f8])

    Execution Region ER_IROM1 (Base: 0x08000000, Size: 0x0000dc5c, Max: 0x00080000, ABSOLUTE)

    Base Addr    Size         Type   Attr      Idx    E Section Name        Object

    0x08000000   0x00000188   Data   RO            3    RESET               startup_stm32f407xx.o
    0x08000188   0x00000008   Code   RO         9487  * !!!main             c_w.l(__main.o)
    0x08000190   0x00000034   Code   RO         9723    !!!scatter          c_w.l(__scatter.o)
    0x080001c4   0x00000064   Code   RO         9721    !!dclz77c           c_w.l(__dclz77c.o)
    0x08000228   0x0000001c   Code   RO         9725    !!handler_zi        c_w.l(__scatter_zi.o)
    0x08000244   0x00000002   Code   RO         9660    .ARM.Collect$$libinit$$00000000  c_w.l(libinit.o)
    0x08000246   0x00000004   Code   RO         9535    .ARM.Collect$$libinit$$00000001  c_w.l(libinit2.o)
    0x0800024a   0x00000000   Code   RO         9538    .ARM.Collect$$libinit$$00000004  c_w.l(libinit2.o)
    0x0800024a   0x00000008   Code   RO         9539    .ARM.Collect$$libinit$$00000005  c_w.l(libinit2.o)
    0x08000252   0x00000000   Code   RO         9541    .ARM.Collect$$libinit$$0000000A  c_w.l(libinit2.o)
    0x08000252   0x00000000   Code   RO         9543    .ARM.Collect$$libinit$$0000000C  c_w.l(libinit2.o)
    0x08000252   0x00000000   Code   RO         9545    .ARM.Collect$$libinit$$0000000E  c_w.l(libinit2.o)
    0x08000252   0x00000000   Code   RO         9548    .ARM.Collect$$libinit$$00000011  c_w.l(libinit2.o)
    0x08000252   0x00000000   Code   RO         9550    .ARM.Collect$$libinit$$00000013  c_w.l(libinit2.o)
    0x08000252   0x00000000   Code   RO         9552    .ARM.Collect$$libinit$$00000015  c_w.l(libinit2.o)
    0x08000252   0x00000000   Code   RO         9554    .ARM.Collect$$libinit$$00000017  c_w.l(libinit2.o)
    0x08000252   0x00000000   Code   RO         9556    .ARM.Collect$$libinit$$00000019  c_w.l(libinit2.o)
    0x08000252   0x00000000   Code   RO         9558    .ARM.Collect$$libinit$$0000001B  c_w.l(libinit2.o)
    0x08000252   0x00000000   Code   RO         9560    .ARM.Collect$$libinit$$0000001D  c_w.l(libinit2.o)
    0x08000252   0x00000000   Code   RO         9562    .ARM.Collect$$libinit$$0000001F  c_w.l(libinit2.o)
    0x08000252   0x00000000   Code   RO         9564    .ARM.Collect$$libinit$$00000021  c_w.l(libinit2.o)
    0x08000252   0x00000000   Code   RO         9566    .ARM.Collect$$libinit$$00000023  c_w.l(libinit2.o)
    0x08000252   0x00000000   Code   RO         9568    .ARM.Collect$$libinit$$00000025  c_w.l(libinit2.o)
    0x08000252   0x00000000   Code   RO         9572    .ARM.Collect$$libinit$$0000002C  c_w.l(libinit2.o)
    0x08000252   0x00000000   Code   RO         9574    .ARM.Collect$$libinit$$0000002E  c_w.l(libinit2.o)
    0x08000252   0x00000000   Code   RO         9576    .ARM.Collect$$libinit$$00000030  c_w.l(libinit2.o)
    0x08000252   0x00000000   Code   RO         9578    .ARM.Collect$$libinit$$00000032  c_w.l(libinit2.o)
    0x08000252   0x00000002   Code   RO         9579    .ARM.Collect$$libinit$$00000033  c_w.l(libinit2.o)
    0x08000254   0x00000002   Code   RO         9718    .ARM.Collect$$libshutdown$$00000000  c_w.l(libshutdown.o)
    0x08000256   0x00000000   Code   RO         9676    .ARM.Collect$$libshutdown$$00000002  c_w.l(libshutdown2.o)
    0x08000256   0x00000000   Code   RO         9678    .ARM.Collect$$libshutdown$$00000004  c_w.l(libshutdown2.o)
    0x08000256   0x00000000   Code   RO         9681    .ARM.Collect$$libshutdown$$00000007  c_w.l(libshutdown2.o)
    0x08000256   0x00000000   Code   RO         9684    .ARM.Collect$$libshutdown$$0000000A  c_w.l(libshutdown2.o)
    0x08000256   0x00000000   Code   RO         9686    .ARM.Collect$$libshutdown$$0000000C  c_w.l(libshutdown2.o)
    0x08000256   0x00000000   Code   RO         9689    .ARM.Collect$$libshutdown$$0000000F  c_w.l(libshutdown2.o)
    0x08000256   0x00000002   Code   RO         9690    .ARM.Collect$$libshutdown$$00000010  c_w.l(libshutdown2.o)
    0x08000258   0x00000000   Code   RO         9503    .ARM.Collect$$rtentry$$00000000  c_w.l(__rtentry.o)
    0x08000258   0x00000000   Code   RO         9595    .ARM.Collect$$rtentry$$00000002  c_w.l(__rtentry2.o)
    0x08000258   0x00000006   Code   RO         9607    .ARM.Collect$$rtentry$$00000004  c_w.l(__rtentry4.o)
    0x0800025e   0x00000000   Code   RO         9597    .ARM.Collect$$rtentry$$00000009  c_w.l(__rtentry2.o)
    0x0800025e   0x00000004   Code   RO         9598    .ARM.Collect$$rtentry$$0000000A  c_w.l(__rtentry2.o)
    0x08000262   0x00000000   Code   RO         9600    .ARM.Collect$$rtentry$$0000000C  c_w.l(__rtentry2.o)
    0x08000262   0x00000008   Code   RO         9601    .ARM.Collect$$rtentry$$0000000D  c_w.l(__rtentry2.o)
    0x0800026a   0x00000002   Code   RO         9663    .ARM.Collect$$rtexit$$00000000  c_w.l(rtexit.o)
    0x0800026c   0x00000000   Code   RO         9694    .ARM.Collect$$rtexit$$00000002  c_w.l(rtexit2.o)
    0x0800026c   0x00000004   Code   RO         9695    .ARM.Collect$$rtexit$$00000003  c_w.l(rtexit2.o)
    0x08000270   0x00000006   Code   RO         9696    .ARM.Collect$$rtexit$$00000004  c_w.l(rtexit2.o)
    0x08000276   0x00000002   PAD
    0x08000278   0x000000be   Code   RO         5944    .emb_text           port.o
    0x08000336   0x00000002   PAD
    0x08000338   0x00000000   Code   RO         9613    .emb_text           c_w.l(maybetermalloc1.o)
    0x08000338   0x00000040   Code   RO            4    .text               startup_stm32f407xx.o
    0x08000378   0x0000005e   Code   RO         9415    .text               c_w.l(h1_alloc.o)
    0x080003d6   0x0000004e   Code   RO         9417    .text               c_w.l(h1_free.o)
    0x08000424   0x000000ee   Code   RO         9473    .text               c_w.l(lludivv7m.o)
    0x08000512   0x0000008a   Code   RO         9475    .text               c_w.l(rt_memcpy_v6.o)
    0x0800059c   0x00000064   Code   RO         9477    .text               c_w.l(rt_memcpy_w.o)
    0x08000600   0x00000044   Code   RO         9481    .text               c_w.l(rt_memclr.o)
    0x08000644   0x0000004e   Code   RO         9483    .text               c_w.l(rt_memclr_w.o)
    0x08000692   0x00000006   Code   RO         9485    .text               c_w.l(heapauxi.o)
    0x08000698   0x00000008   Code   RO         9511    .text               c_w.l(rt_heap_descriptor_intlibspace.o)
    0x080006a0   0x00000004   Code   RO         9513    .text               c_w.l(hguard.o)
    0x080006a4   0x0000008a   Code   RO         9515    .text               c_w.l(init_alloc.o)
    0x0800072e   0x0000000e   Code   RO         9519    .text               c_w.l(h1_init.o)
    0x0800073c   0x00000008   Code   RO         9591    .text               c_w.l(libspace.o)
    0x08000744   0x00000034   Code   RO         9615    .text               c_w.l(h1_extend.o)
    0x08000778   0x0000000e   Code   RO         9619    .text               c_w.l(defsig_rtmem_outer.o)
    0x08000786   0x00000002   Code   RO         9632    .text               c_w.l(use_no_semi.o)
    0x08000788   0x00000000   Code   RO         9634    .text               c_w.l(indicate_semi.o)
    0x08000788   0x0000004a   Code   RO         9635    .text               c_w.l(sys_stackheap_outer.o)
    0x080007d2   0x00000012   Code   RO         9641    .text               c_w.l(exit.o)
    0x080007e4   0x0000000a   Code   RO         9643    .text               c_w.l(defsig_exit.o)
    0x080007ee   0x00000002   PAD
    0x080007f0   0x00000050   Code   RO         9649    .text               c_w.l(defsig_rtmem_inner.o)
    0x08000840   0x0000000c   Code   RO         9661    .text               c_w.l(sys_exit.o)
    0x0800084c   0x00000032   Code   RO         9671    .text               c_w.l(defsig_general.o)
    0x0800087e   0x0000000e   Code   RO         9691    .text               c_w.l(sys_wrch.o)
    0x0800088c   0x00000128   Code   RO         2634    i.ADC_Init          stm32f4xx_hal_adc.o
    0x080009b4   0x0000028c   Code   RO         6024    i.BalancingData_ColorData_Handle_Prepare  app_balancingdatahandle.o
    0x08000c40   0x0000004e   Code   RO         6025    i.BalancingData_ColorData_Handle_PrepareAndJudgeAndSendToScreen  app_balancingdatahandle.o
    0x08000c8e   0x00000002   PAD
    0x08000c90   0x000000d0   Code   RO         6026    i.BalancingData_ColorData_Handle_PrepareAndJudgeIfNotNeedSend  app_balancingdatahandle.o
    0x08000d60   0x0000001a   Code   RO         6027    i.BalancingData_Data16_WasSend  app_balancingdatahandle.o
    0x08000d7a   0x00000002   PAD
    0x08000d7c   0x00000174   Code   RO         6029    i.BalancingData_HelpData_Handle_Prepare  app_balancingdatahandle.o
    0x08000ef0   0x0000004a   Code   RO         6030    i.BalancingData_HelpData_Handle_PrepareAndJudgeAndSendToScreen  app_balancingdatahandle.o
    0x08000f3a   0x00000002   PAD
    0x08000f3c   0x000000a4   Code   RO         6031    i.BalancingData_HelpData_Handle_PrepareAndJudgeIfNotNeedSend  app_balancingdatahandle.o
    0x08000fe0   0x00000024   Code   RO         6032    i.BalancingData_JudgeINT16_IfNotNeedSend  app_balancingdatahandle.o
    0x08001004   0x00000054   Code   RO         6034    i.BalancingData_WeightData_Handle_PrepareAndJudgeAndSendToScreen  app_balancingdatahandle.o
    0x08001058   0x0000005a   Code   RO         6131    i.BubbleSort        app_crc.o
    0x080010b2   0x00000002   PAD
    0x080010b4   0x00000040   Code   RO         6132    i.BubbleSortINT32   app_crc.o
    0x080010f4   0x00000002   Code   RO          765    i.BusFault_Handler  stm32f4xx_it.o
    0x080010f6   0x00000002   PAD
    0x080010f8   0x0000000c   Code   RO          766    i.DMA1_Stream0_IRQHandler  stm32f4xx_it.o
    0x08001104   0x0000000c   Code   RO          767    i.DMA1_Stream1_IRQHandler  stm32f4xx_it.o
    0x08001110   0x0000000c   Code   RO          768    i.DMA1_Stream2_IRQHandler  stm32f4xx_it.o
    0x0800111c   0x0000000c   Code   RO          769    i.DMA1_Stream3_IRQHandler  stm32f4xx_it.o
    0x08001128   0x0000000c   Code   RO          770    i.DMA1_Stream4_IRQHandler  stm32f4xx_it.o
    0x08001134   0x0000000c   Code   RO          771    i.DMA1_Stream5_IRQHandler  stm32f4xx_it.o
    0x08001140   0x0000000c   Code   RO          772    i.DMA1_Stream6_IRQHandler  stm32f4xx_it.o
    0x0800114c   0x0000000c   Code   RO          773    i.DMA1_Stream7_IRQHandler  stm32f4xx_it.o
    0x08001158   0x0000000c   Code   RO          774    i.DMA2_Stream1_IRQHandler  stm32f4xx_it.o
    0x08001164   0x0000000c   Code   RO          775    i.DMA2_Stream2_IRQHandler  stm32f4xx_it.o
    0x08001170   0x0000000c   Code   RO          776    i.DMA2_Stream6_IRQHandler  stm32f4xx_it.o
    0x0800117c   0x0000000c   Code   RO          777    i.DMA2_Stream7_IRQHandler  stm32f4xx_it.o
    0x08001188   0x00000028   Code   RO         1958    i.DMA_CalcBaseAndBitshift  stm32f4xx_hal_dma.o
    0x080011b0   0x00000054   Code   RO         1959    i.DMA_CheckFifoParam  stm32f4xx_hal_dma.o
    0x08001204   0x00000028   Code   RO         1960    i.DMA_SetConfig     stm32f4xx_hal_dma.o
    0x0800122c   0x0000004a   Code   RO         8824    i.DeInitStateMachine  usbh_core.o
    0x08001276   0x00000002   Code   RO          778    i.DebugMon_Handler  stm32f4xx_it.o
    0x08001278   0x00000004   Code   RO           13    i.Error_Handler     main.o
    0x0800127c   0x00000006   Code   RO         8726    i.FATFS_LinkDriver  ff_gen_drv.o
    0x08001282   0x00000002   PAD
    0x08001284   0x00000044   Code   RO         8727    i.FATFS_LinkDriverEx  ff_gen_drv.o
    0x080012c8   0x0000014c   Code   RO         2636    i.HAL_ADC_ConfigChannel  stm32f4xx_hal_adc.o
    0x08001414   0x00000054   Code   RO         2645    i.HAL_ADC_Init      stm32f4xx_hal_adc.o
    0x08001468   0x00000060   Code   RO          458    i.HAL_ADC_MspInit   adc.o
    0x080014c8   0x00000092   Code   RO         1961    i.HAL_DMA_Abort     stm32f4xx_hal_dma.o
    0x0800155a   0x00000024   Code   RO         1962    i.HAL_DMA_Abort_IT  stm32f4xx_hal_dma.o
    0x0800157e   0x00000002   PAD
    0x08001580   0x000001a0   Code   RO         1966    i.HAL_DMA_IRQHandler  stm32f4xx_hal_dma.o
    0x08001720   0x000000d4   Code   RO         1967    i.HAL_DMA_Init      stm32f4xx_hal_dma.o
    0x080017f4   0x0000006e   Code   RO         1971    i.HAL_DMA_Start_IT  stm32f4xx_hal_dma.o
    0x08001862   0x00000002   PAD
    0x08001864   0x00000024   Code   RO         2380    i.HAL_Delay         stm32f4xx_hal.o
    0x08001888   0x000001f0   Code   RO         1854    i.HAL_GPIO_Init     stm32f4xx_hal_gpio.o
    0x08001a78   0x0000000a   Code   RO         1856    i.HAL_GPIO_ReadPin  stm32f4xx_hal_gpio.o
    0x08001a82   0x00000010   Code   RO         1857    i.HAL_GPIO_TogglePin  stm32f4xx_hal_gpio.o
    0x08001a92   0x0000000a   Code   RO         1858    i.HAL_GPIO_WritePin  stm32f4xx_hal_gpio.o
    0x08001a9c   0x0000000c   Code   RO         2386    i.HAL_GetTick       stm32f4xx_hal.o
    0x08001aa8   0x00000008   Code   RO         8083    i.HAL_HCD_Connect_Callback  usbh_conf.o
    0x08001ab0   0x00000008   Code   RO         8084    i.HAL_HCD_Disconnect_Callback  usbh_conf.o
    0x08001ab8   0x00000006   Code   RO         1015    i.HAL_HCD_GetCurrentFrame  stm32f4xx_hal_hcd.o
    0x08001abe   0x00000006   Code   RO         1016    i.HAL_HCD_GetCurrentSpeed  stm32f4xx_hal_hcd.o
    0x08001ac4   0x00000012   Code   RO         1019    i.HAL_HCD_HC_GetURBState  stm32f4xx_hal_hcd.o
    0x08001ad6   0x00000010   Code   RO         1020    i.HAL_HCD_HC_GetXferCount  stm32f4xx_hal_hcd.o
    0x08001ae6   0x00000024   Code   RO         1021    i.HAL_HCD_HC_Halt   stm32f4xx_hal_hcd.o
    0x08001b0a   0x00000076   Code   RO         1022    i.HAL_HCD_HC_Init   stm32f4xx_hal_hcd.o
    0x08001b80   0x00000008   Code   RO         8085    i.HAL_HCD_HC_NotifyURBChange_Callback  usbh_conf.o
    0x08001b88   0x0000009a   Code   RO         1024    i.HAL_HCD_HC_SubmitRequest  stm32f4xx_hal_hcd.o
    0x08001c22   0x0000013a   Code   RO         1025    i.HAL_HCD_IRQHandler  stm32f4xx_hal_hcd.o
    0x08001d5c   0x00000072   Code   RO         1026    i.HAL_HCD_Init      stm32f4xx_hal_hcd.o
    0x08001dce   0x00000002   PAD
    0x08001dd0   0x00000084   Code   RO         8087    i.HAL_HCD_MspInit   usbh_conf.o
    0x08001e54   0x00000008   Code   RO         8088    i.HAL_HCD_PortDisabled_Callback  usbh_conf.o
    0x08001e5c   0x00000008   Code   RO         8089    i.HAL_HCD_PortEnabled_Callback  usbh_conf.o
    0x08001e64   0x00000006   Code   RO         1031    i.HAL_HCD_ResetPort  stm32f4xx_hal_hcd.o
    0x08001e6a   0x00000008   Code   RO         8090    i.HAL_HCD_SOF_Callback  usbh_conf.o
    0x08001e72   0x0000002c   Code   RO         1033    i.HAL_HCD_Start     stm32f4xx_hal_hcd.o
    0x08001e9e   0x00000024   Code   RO         1034    i.HAL_HCD_Stop      stm32f4xx_hal_hcd.o
    0x08001ec2   0x00000002   PAD
    0x08001ec4   0x00000188   Code   RO         2920    i.HAL_I2C_Init      stm32f4xx_hal_i2c.o
    0x0800204c   0x000001f8   Code   RO         2938    i.HAL_I2C_Mem_Read  stm32f4xx_hal_i2c.o
    0x08002244   0x00000130   Code   RO         2941    i.HAL_I2C_Mem_Write  stm32f4xx_hal_i2c.o
    0x08002374   0x0000006c   Code   RO          524    i.HAL_I2C_MspInit   i2c.o
    0x080023e0   0x00000010   Code   RO         2392    i.HAL_IncTick       stm32f4xx_hal.o
    0x080023f0   0x00000034   Code   RO         2393    i.HAL_Init          stm32f4xx_hal.o
    0x08002424   0x00000098   Code   RO          973    i.HAL_InitTick      stm32f4xx_hal_timebase_tim.o
    0x080024bc   0x00000038   Code   RO          949    i.HAL_MspInit       stm32f4xx_hal_msp.o
    0x080024f4   0x0000001a   Code   RO         2243    i.HAL_NVIC_EnableIRQ  stm32f4xx_hal_cortex.o
    0x0800250e   0x00000002   PAD
    0x08002510   0x00000040   Code   RO         2249    i.HAL_NVIC_SetPriority  stm32f4xx_hal_cortex.o
    0x08002550   0x00000024   Code   RO         2250    i.HAL_NVIC_SetPriorityGrouping  stm32f4xx_hal_cortex.o
    0x08002574   0x00000024   Code   RO         2251    i.HAL_NVIC_SystemReset  stm32f4xx_hal_cortex.o
    0x08002598   0x00000134   Code   RO         1500    i.HAL_RCC_ClockConfig  stm32f4xx_hal_rcc.o
    0x080026cc   0x00000040   Code   RO         1504    i.HAL_RCC_GetClockConfig  stm32f4xx_hal_rcc.o
    0x0800270c   0x00000020   Code   RO         1507    i.HAL_RCC_GetPCLK1Freq  stm32f4xx_hal_rcc.o
    0x0800272c   0x00000020   Code   RO         1508    i.HAL_RCC_GetPCLK2Freq  stm32f4xx_hal_rcc.o
    0x0800274c   0x00000064   Code   RO         1509    i.HAL_RCC_GetSysClockFreq  stm32f4xx_hal_rcc.o
    0x080027b0   0x0000036c   Code   RO         1512    i.HAL_RCC_OscConfig  stm32f4xx_hal_rcc.o
    0x08002b1c   0x00000002   Code   RO         4065    i.HAL_TIMEx_BreakCallback  stm32f4xx_hal_tim_ex.o
    0x08002b1e   0x00000002   Code   RO         4066    i.HAL_TIMEx_CommutCallback  stm32f4xx_hal_tim_ex.o
    0x08002b20   0x00000090   Code   RO         4084    i.HAL_TIMEx_MasterConfigSynchronization  stm32f4xx_hal_tim_ex.o
    0x08002bb0   0x0000005a   Code   RO         3361    i.HAL_TIM_Base_Init  stm32f4xx_hal_tim.o
    0x08002c0a   0x00000002   PAD
    0x08002c0c   0x00000028   Code   RO          566    i.HAL_TIM_Base_MspInit  tim.o
    0x08002c34   0x00000080   Code   RO         3366    i.HAL_TIM_Base_Start_IT  stm32f4xx_hal_tim.o
    0x08002cb4   0x00000002   Code   RO         3395    i.HAL_TIM_IC_CaptureCallback  stm32f4xx_hal_tim.o
    0x08002cb6   0x00000166   Code   RO         3409    i.HAL_TIM_IRQHandler  stm32f4xx_hal_tim.o
    0x08002e1c   0x00000002   Code   RO         3412    i.HAL_TIM_OC_DelayElapsedCallback  stm32f4xx_hal_tim.o
    0x08002e1e   0x00000002   Code   RO         3439    i.HAL_TIM_PWM_PulseFinishedCallback  stm32f4xx_hal_tim.o
    0x08002e20   0x00000014   Code   RO           14    i.HAL_TIM_PeriodElapsedCallback  main.o
    0x08002e34   0x00000002   Code   RO         3452    i.HAL_TIM_TriggerCallback  stm32f4xx_hal_tim.o
    0x08002e36   0x00000002   Code   RO         4343    i.HAL_UARTEx_RxEventCallback  stm32f4xx_hal_uart.o
    0x08002e38   0x00000070   Code   RO         4355    i.HAL_UART_DMAStop  stm32f4xx_hal_uart.o
    0x08002ea8   0x00000002   Code   RO         4357    i.HAL_UART_ErrorCallback  stm32f4xx_hal_uart.o
    0x08002eaa   0x00000002   PAD
    0x08002eac   0x00000268   Code   RO         4360    i.HAL_UART_IRQHandler  stm32f4xx_hal_uart.o
    0x08003114   0x00000062   Code   RO         4361    i.HAL_UART_Init     stm32f4xx_hal_uart.o
    0x08003176   0x00000002   PAD
    0x08003178   0x000004b8   Code   RO          608    i.HAL_UART_MspInit  usart.o
    0x08003630   0x0000002a   Code   RO         4365    i.HAL_UART_Receive_DMA  stm32f4xx_hal_uart.o
    0x0800365a   0x0000002a   Code   RO         4366    i.HAL_UART_Receive_IT  stm32f4xx_hal_uart.o
    0x08003684   0x00000018   Code   RO          609    i.HAL_UART_RxCpltCallback  usart.o
    0x0800369c   0x00000002   Code   RO         4368    i.HAL_UART_RxHalfCpltCallback  stm32f4xx_hal_uart.o
    0x0800369e   0x00000002   PAD
    0x080036a0   0x0000008c   Code   RO         4370    i.HAL_UART_Transmit_DMA  stm32f4xx_hal_uart.o
    0x0800372c   0x00000044   Code   RO          610    i.HAL_UART_TxCpltCallback  usart.o
    0x08003770   0x00000002   Code   RO         4373    i.HAL_UART_TxHalfCpltCallback  stm32f4xx_hal_uart.o
    0x08003772   0x000001ea   Code   RO         1036    i.HCD_HC_IN_IRQHandler  stm32f4xx_hal_hcd.o
    0x0800395c   0x0000021c   Code   RO         1037    i.HCD_HC_OUT_IRQHandler  stm32f4xx_hal_hcd.o
    0x08003b78   0x00000094   Code   RO         1038    i.HCD_Port_IRQHandler  stm32f4xx_hal_hcd.o
    0x08003c0c   0x0000008c   Code   RO         1039    i.HCD_RXQLVL_IRQHandler  stm32f4xx_hal_hcd.o
    0x08003c98   0x00000002   Code   RO          779    i.HardFault_Handler  stm32f4xx_it.o
    0x08003c9a   0x0000002e   Code   RO         2962    i.I2C_IsAcknowledgeFailed  stm32f4xx_hal_i2c.o
    0x08003cc8   0x000000fc   Code   RO         2972    i.I2C_RequestMemoryRead  stm32f4xx_hal_i2c.o
    0x08003dc4   0x000000a8   Code   RO         2973    i.I2C_RequestMemoryWrite  stm32f4xx_hal_i2c.o
    0x08003e6c   0x0000004c   Code   RO         2977    i.I2C_WaitOnBTFFlagUntilTimeout  stm32f4xx_hal_i2c.o
    0x08003eb8   0x00000068   Code   RO         2978    i.I2C_WaitOnFlagUntilTimeout  stm32f4xx_hal_i2c.o
    0x08003f20   0x00000096   Code   RO         2979    i.I2C_WaitOnMasterAddressFlagUntilTimeout  stm32f4xx_hal_i2c.o
    0x08003fb6   0x00000066   Code   RO         2980    i.I2C_WaitOnRXNEFlagUntilTimeout  stm32f4xx_hal_i2c.o
    0x0800401c   0x0000004c   Code   RO         2981    i.I2C_WaitOnTXEFlagUntilTimeout  stm32f4xx_hal_i2c.o
    0x08004068   0x00000052   Code   RO         6845    i.LedCtrlSendPulse  app_led_ctrl.o
    0x080040ba   0x00000002   PAD
    0x080040bc   0x00000068   Code   RO         6846    i.LedDataSet        app_led_ctrl.o
    0x08004124   0x00000088   Code   RO         7997    i.MSC_Application   fatfs.o
    0x080041ac   0x00000064   Code   RO          459    i.MX_ADC1_Init      adc.o
    0x08004210   0x000000ec   Code   RO          499    i.MX_DMA_Init       dma.o
    0x080042fc   0x00000018   Code   RO         8276    i.MX_DriverVbusFS   usbh_platform.o
    0x08004314   0x0000001c   Code   RO         7998    i.MX_FATFS_Init     fatfs.o
    0x08004330   0x0000003c   Code   RO          390    i.MX_FREERTOS_Init  freertos.o
    0x0800436c   0x000001f0   Code   RO          366    i.MX_GPIO_Init      gpio.o
    0x0800455c   0x00000040   Code   RO          525    i.MX_I2C1_Init      i2c.o
    0x0800459c   0x00000044   Code   RO          567    i.MX_TIM7_Init      tim.o
    0x080045e0   0x00000038   Code   RO          611    i.MX_UART4_Init     usart.o
    0x08004618   0x00000038   Code   RO          612    i.MX_UART5_Init     usart.o
    0x08004650   0x00000038   Code   RO          613    i.MX_USART1_UART_Init  usart.o
    0x08004688   0x00000038   Code   RO          614    i.MX_USART2_UART_Init  usart.o
    0x080046c0   0x00000038   Code   RO          615    i.MX_USART3_UART_Init  usart.o
    0x080046f8   0x00000038   Code   RO          616    i.MX_USART6_UART_Init  usart.o
    0x08004730   0x00000040   Code   RO         8043    i.MX_USB_HOST_Init  usb_host.o
    0x08004770   0x00000002   Code   RO          780    i.MemManage_Handler  stm32f4xx_it.o
    0x08004772   0x00000002   PAD
    0x08004774   0x00000038   Code   RO         6951    i.ModbusRtu_init    app_modbus_rtu_ctrl.o
    0x080047ac   0x00000002   Code   RO          781    i.NMI_Handler       stm32f4xx_it.o
    0x080047ae   0x00000002   PAD
    0x080047b0   0x0000000c   Code   RO          782    i.OTG_FS_IRQHandler  stm32f4xx_it.o
    0x080047bc   0x0000003c   Code   RO         7065    i.STM32CheckPassWord  app_password.o
    0x080047f8   0x00000064   Code   RO         7843    i.SmmzHandle_Mainfunction  app_smmz.o
    0x0800485c   0x00000038   Code   RO         7844    i.Smmz_TrigReadCode  app_smmz.o
    0x08004894   0x00000038   Code   RO         7846    i.Smmz_TrigReset    app_smmz.o
    0x080048cc   0x0000002c   Code   RO          391    i.StartDefaultTask  freertos.o
    0x080048f8   0x0000000c   Code   RO          392    i.StartappTask1Ms   freertos.o
    0x08004904   0x0000002c   Code   RO         5945    i.SysTick_Handler   port.o
    0x08004930   0x00000098   Code   RO           15    i.SystemClock_Config  main.o
    0x080049c8   0x00000010   Code   RO         4690    i.SystemInit        system_stm32f4xx.o
    0x080049d8   0x00000018   Code   RO          783    i.TIM6_DAC_IRQHandler  stm32f4xx_it.o
    0x080049f0   0x000000c8   Code   RO         3454    i.TIM_Base_SetConfig  stm32f4xx_hal_tim.o
    0x08004ab8   0x00000018   Code   RO          784    i.UART4_IRQHandler  stm32f4xx_it.o
    0x08004ad0   0x00000018   Code   RO          785    i.UART5_IRQHandler  stm32f4xx_it.o
    0x08004ae8   0x00000010   Code   RO         4374    i.UART_DMAAbortOnError  stm32f4xx_hal_uart.o
    0x08004af8   0x0000004a   Code   RO         4375    i.UART_DMAError     stm32f4xx_hal_uart.o
    0x08004b42   0x00000082   Code   RO         4376    i.UART_DMAReceiveCplt  stm32f4xx_hal_uart.o
    0x08004bc4   0x0000001a   Code   RO         4378    i.UART_DMARxHalfCplt  stm32f4xx_hal_uart.o
    0x08004bde   0x00000042   Code   RO         4380    i.UART_DMATransmitCplt  stm32f4xx_hal_uart.o
    0x08004c20   0x0000000a   Code   RO         4382    i.UART_DMATxHalfCplt  stm32f4xx_hal_uart.o
    0x08004c2a   0x0000004e   Code   RO         4384    i.UART_EndRxTransfer  stm32f4xx_hal_uart.o
    0x08004c78   0x0000001c   Code   RO         4385    i.UART_EndTxTransfer  stm32f4xx_hal_uart.o
    0x08004c94   0x000000c0   Code   RO         4386    i.UART_Receive_IT   stm32f4xx_hal_uart.o
    0x08004d54   0x0000010c   Code   RO         4387    i.UART_SetConfig    stm32f4xx_hal_uart.o
    0x08004e60   0x00000094   Code   RO         4388    i.UART_Start_Receive_DMA  stm32f4xx_hal_uart.o
    0x08004ef4   0x0000003a   Code   RO         4389    i.UART_Start_Receive_IT  stm32f4xx_hal_uart.o
    0x08004f2e   0x00000002   PAD
    0x08004f30   0x00000018   Code   RO          786    i.USART1_IRQHandler  stm32f4xx_it.o
    0x08004f48   0x00000018   Code   RO          787    i.USART2_IRQHandler  stm32f4xx_it.o
    0x08004f60   0x00000018   Code   RO          788    i.USART3_IRQHandler  stm32f4xx_it.o
    0x08004f78   0x00000018   Code   RO          789    i.USART6_IRQHandler  stm32f4xx_it.o
    0x08004f90   0x00000038   Code   RO         7801    i.USART_HW_Choice   hal_uart.o
    0x08004fc8   0x00000028   Code   RO         9164    i.USBH_AllocPipe    usbh_pipes.o
    0x08004ff0   0x00000026   Code   RO         9092    i.USBH_BulkReceiveData  usbh_ioreq.o
    0x08005016   0x00000030   Code   RO         9093    i.USBH_BulkSendData  usbh_ioreq.o
    0x08005046   0x0000000a   Code   RO         9165    i.USBH_ClosePipe    usbh_pipes.o
    0x08005050   0x0000001e   Code   RO         8978    i.USBH_ClrFeature   usbh_ctlreq.o
    0x0800506e   0x00000026   Code   RO         9094    i.USBH_CtlReceiveData  usbh_ioreq.o
    0x08005094   0x00000068   Code   RO         8979    i.USBH_CtlReq       usbh_ctlreq.o
    0x080050fc   0x00000030   Code   RO         9095    i.USBH_CtlSendData  usbh_ioreq.o
    0x0800512c   0x00000024   Code   RO         9096    i.USBH_CtlSendSetup  usbh_ioreq.o
    0x08005150   0x00000004   Code   RO         8091    i.USBH_Delay        usbh_conf.o
    0x08005154   0x0000004c   Code   RO         8826    i.USBH_FindInterface  usbh_core.o
    0x080051a0   0x00000018   Code   RO         9166    i.USBH_FreePipe     usbh_pipes.o
    0x080051b8   0x00000040   Code   RO         8980    i.USBH_GetDescriptor  usbh_ctlreq.o
    0x080051f8   0x00000020   Code   RO         9167    i.USBH_GetFreePipe  usbh_pipes.o
    0x08005218   0x0000000e   Code   RO         8981    i.USBH_GetNextDesc  usbh_ctlreq.o
    0x08005226   0x0000002e   Code   RO         8982    i.USBH_Get_CfgDesc  usbh_ctlreq.o
    0x08005254   0x0000002e   Code   RO         8983    i.USBH_Get_DevDesc  usbh_ctlreq.o
    0x08005282   0x0000002e   Code   RO         8984    i.USBH_Get_StringDesc  usbh_ctlreq.o
    0x080052b0   0x00000024   Code   RO         8092    i.USBH_Get_USB_Status  usbh_conf.o
    0x080052d4   0x000002ca   Code   RO         8985    i.USBH_HandleControl  usbh_ctlreq.o
    0x0800559e   0x00000294   Code   RO         8829    i.USBH_HandleEnum   usbh_core.o
    0x08005832   0x00000014   Code   RO         8830    i.USBH_HandleSof    usbh_core.o
    0x08005846   0x00000002   PAD
    0x08005848   0x00000084   Code   RO         8831    i.USBH_Init         usbh_core.o
    0x080058cc   0x00000012   Code   RO         8093    i.USBH_LL_ClosePipe  usbh_conf.o
    0x080058de   0x00000022   Code   RO         8833    i.USBH_LL_Connect   usbh_core.o
    0x08005900   0x0000003e   Code   RO         8834    i.USBH_LL_Disconnect  usbh_core.o
    0x0800593e   0x0000001a   Code   RO         8095    i.USBH_LL_DriverVBUS  usbh_conf.o
    0x08005958   0x00000008   Code   RO         8096    i.USBH_LL_GetLastXferSize  usbh_conf.o
    0x08005960   0x00000022   Code   RO         8097    i.USBH_LL_GetSpeed  usbh_conf.o
    0x08005982   0x00000024   Code   RO         8098    i.USBH_LL_GetToggle  usbh_conf.o
    0x080059a6   0x00000008   Code   RO         8099    i.USBH_LL_GetURBState  usbh_conf.o
    0x080059ae   0x0000000e   Code   RO         8835    i.USBH_LL_IncTimer  usbh_core.o
    0x080059bc   0x00000050   Code   RO         8100    i.USBH_LL_Init      usbh_conf.o
    0x08005a0c   0x00000016   Code   RO         8836    i.USBH_LL_NotifyURBChange  usbh_core.o
    0x08005a22   0x00000026   Code   RO         8101    i.USBH_LL_OpenPipe  usbh_conf.o
    0x08005a48   0x00000008   Code   RO         8837    i.USBH_LL_PortDisabled  usbh_core.o
    0x08005a50   0x00000014   Code   RO         8838    i.USBH_LL_PortEnabled  usbh_core.o
    0x08005a64   0x00000012   Code   RO         8102    i.USBH_LL_ResetPort  usbh_conf.o
    0x08005a76   0x00000006   Code   RO         8839    i.USBH_LL_SetTimer  usbh_core.o
    0x08005a7c   0x00000026   Code   RO         8103    i.USBH_LL_SetToggle  usbh_conf.o
    0x08005aa2   0x00000012   Code   RO         8104    i.USBH_LL_Start     usbh_conf.o
    0x08005ab4   0x00000012   Code   RO         8105    i.USBH_LL_Stop      usbh_conf.o
    0x08005ac6   0x0000002a   Code   RO         8106    i.USBH_LL_SubmitURB  usbh_conf.o
    0x08005af0   0x00000024   Code   RO         9302    i.USBH_MSC_BOT_Abort  usbh_msc_bot.o
    0x08005b14   0x00000024   Code   RO         9303    i.USBH_MSC_BOT_Init  usbh_msc_bot.o
    0x08005b38   0x000002e8   Code   RO         9304    i.USBH_MSC_BOT_Process  usbh_msc_bot.o
    0x08005e20   0x00000016   Code   RO         9305    i.USBH_MSC_BOT_REQ_GetMaxLUN  usbh_msc_bot.o
    0x08005e36   0x00000018   Code   RO         9306    i.USBH_MSC_BOT_REQ_Reset  usbh_msc_bot.o
    0x08005e4e   0x0000007c   Code   RO         9211    i.USBH_MSC_ClassRequest  usbh_msc.o
    0x08005eca   0x00000002   PAD
    0x08005ecc   0x0000004c   Code   RO         9307    i.USBH_MSC_DecodeCSW  usbh_msc_bot.o
    0x08005f18   0x00000070   Code   RO         9212    i.USBH_MSC_GetLUNInfo  usbh_msc.o
    0x08005f88   0x0000004c   Code   RO         9214    i.USBH_MSC_InterfaceDeInit  usbh_msc.o
    0x08005fd4   0x00000122   Code   RO         9215    i.USBH_MSC_InterfaceInit  usbh_msc.o
    0x080060f6   0x0000036a   Code   RO         9217    i.USBH_MSC_Process  usbh_msc.o
    0x08006460   0x000000f2   Code   RO         9218    i.USBH_MSC_RdWrProcess  usbh_msc.o
    0x08006552   0x0000009a   Code   RO         9219    i.USBH_MSC_Read     usbh_msc.o
    0x080065ec   0x000000e4   Code   RO         9358    i.USBH_MSC_SCSI_Inquiry  usbh_msc_scsi.o
    0x080066d0   0x0000009c   Code   RO         9359    i.USBH_MSC_SCSI_Read  usbh_msc_scsi.o
    0x0800676c   0x0000008c   Code   RO         9360    i.USBH_MSC_SCSI_ReadCapacity  usbh_msc_scsi.o
    0x080067f8   0x00000098   Code   RO         9361    i.USBH_MSC_SCSI_RequestSense  usbh_msc_scsi.o
    0x08006890   0x0000004e   Code   RO         9362    i.USBH_MSC_SCSI_TestUnitReady  usbh_msc_scsi.o
    0x080068de   0x0000009a   Code   RO         9363    i.USBH_MSC_SCSI_Write  usbh_msc_scsi.o
    0x08006978   0x00000004   Code   RO         9220    i.USBH_MSC_SOFProcess  usbh_msc.o
    0x0800697c   0x00000026   Code   RO         9221    i.USBH_MSC_UnitIsReady  usbh_msc.o
    0x080069a2   0x0000009a   Code   RO         9222    i.USBH_MSC_Write    usbh_msc.o
    0x08006a3c   0x0000001e   Code   RO         9168    i.USBH_OpenPipe     usbh_pipes.o
    0x08006a5a   0x00000136   Code   RO         8986    i.USBH_ParseCfgDesc  usbh_ctlreq.o
    0x08006b90   0x0000006c   Code   RO         8987    i.USBH_ParseDevDesc  usbh_ctlreq.o
    0x08006bfc   0x00000096   Code   RO         8988    i.USBH_ParseEPDesc  usbh_ctlreq.o
    0x08006c92   0x00000026   Code   RO         8989    i.USBH_ParseInterfaceDesc  usbh_ctlreq.o
    0x08006cb8   0x00000034   Code   RO         8990    i.USBH_ParseStringDesc  usbh_ctlreq.o
    0x08006cec   0x00000322   Code   RO         8840    i.USBH_Process      usbh_core.o
    0x0800700e   0x0000002c   Code   RO         8841    i.USBH_Process_OS   usbh_core.o
    0x0800703a   0x00000022   Code   RO         8843    i.USBH_RegisterClass  usbh_core.o
    0x0800705c   0x00000016   Code   RO         8844    i.USBH_SelectInterface  usbh_core.o
    0x08007072   0x0000001c   Code   RO         8991    i.USBH_SetAddress   usbh_ctlreq.o
    0x0800708e   0x0000001c   Code   RO         8992    i.USBH_SetCfg       usbh_ctlreq.o
    0x080070aa   0x0000001c   Code   RO         8993    i.USBH_SetFeature   usbh_ctlreq.o
    0x080070c6   0x00000016   Code   RO         8845    i.USBH_Start        usbh_core.o
    0x080070dc   0x00000028   Code   RO         8044    i.USBH_UserProcess  usb_host.o
    0x08007104   0x00000004   Code   RO         7929    i.USBH_initialize   usbh_diskio.o
    0x08007108   0x00000070   Code   RO         7930    i.USBH_ioctl        usbh_diskio.o
    0x08007178   0x00000044   Code   RO         7931    i.USBH_read         usbh_diskio.o
    0x080071bc   0x00000018   Code   RO         7932    i.USBH_status       usbh_diskio.o
    0x080071d4   0x0000004c   Code   RO         7933    i.USBH_write        usbh_diskio.o
    0x08007220   0x00000074   Code   RO         1199    i.USB_CoreInit      stm32f4xx_ll_usb.o
    0x08007294   0x00000040   Code   RO         1200    i.USB_CoreReset     stm32f4xx_ll_usb.o
    0x080072d4   0x0000000c   Code   RO         1207    i.USB_DisableGlobalInt  stm32f4xx_ll_usb.o
    0x080072e0   0x00000024   Code   RO         1208    i.USB_DoPing        stm32f4xx_ll_usb.o
    0x08007304   0x0000002c   Code   RO         1209    i.USB_DriveVbus     stm32f4xx_ll_usb.o
    0x08007330   0x0000000c   Code   RO         1216    i.USB_EnableGlobalInt  stm32f4xx_ll_usb.o
    0x0800733c   0x0000003c   Code   RO         1217    i.USB_FlushRxFifo   stm32f4xx_ll_usb.o
    0x08007378   0x00000040   Code   RO         1218    i.USB_FlushTxFifo   stm32f4xx_ll_usb.o
    0x080073b8   0x00000008   Code   RO         1219    i.USB_GetCurrentFrame  stm32f4xx_ll_usb.o
    0x080073c0   0x0000000e   Code   RO         1221    i.USB_GetHostSpeed  stm32f4xx_ll_usb.o
    0x080073ce   0x00000008   Code   RO         1222    i.USB_GetMode       stm32f4xx_ll_usb.o
    0x080073d6   0x000000c4   Code   RO         1223    i.USB_HC_Halt       stm32f4xx_ll_usb.o
    0x0800749a   0x00000002   PAD
    0x0800749c   0x0000010a   Code   RO         1224    i.USB_HC_Init       stm32f4xx_ll_usb.o
    0x080075a6   0x00000008   Code   RO         1225    i.USB_HC_ReadInterrupt  stm32f4xx_ll_usb.o
    0x080075ae   0x00000140   Code   RO         1226    i.USB_HC_StartXfer  stm32f4xx_ll_usb.o
    0x080076ee   0x00000002   PAD
    0x080076f0   0x000000d0   Code   RO         1227    i.USB_HostInit      stm32f4xx_ll_usb.o
    0x080077c0   0x00000036   Code   RO         1228    i.USB_InitFSLSPClkSel  stm32f4xx_ll_usb.o
    0x080077f6   0x00000008   Code   RO         1233    i.USB_ReadInterrupts  stm32f4xx_ll_usb.o
    0x080077fe   0x0000003e   Code   RO         1234    i.USB_ReadPacket    stm32f4xx_ll_usb.o
    0x0800783c   0x00000032   Code   RO         1235    i.USB_ResetPort     stm32f4xx_ll_usb.o
    0x0800786e   0x0000005c   Code   RO         1236    i.USB_SetCurrentMode  stm32f4xx_ll_usb.o
    0x080078ca   0x0000008a   Code   RO         1241    i.USB_StopHost      stm32f4xx_ll_usb.o
    0x08007954   0x00000028   Code   RO         1242    i.USB_WritePacket   stm32f4xx_ll_usb.o
    0x0800797c   0x00000002   Code   RO          790    i.UsageFault_Handler  stm32f4xx_it.o
    0x0800797e   0x00000002   PAD
    0x08007980   0x00000050   Code   RO          617    i.Usart1AsScreen1Receive_IDLE  usart.o
    0x080079d0   0x00000050   Code   RO          618    i.Usart2AsScreen2Receive_IDLE  usart.o
    0x08007a20   0x00000064   Code   RO          619    i.Usart3WithXXReceive_IDLE  usart.o
    0x08007a84   0x00000068   Code   RO          620    i.Usart4WithRS485Receive_IDLE  usart.o
    0x08007aec   0x00000068   Code   RO          621    i.Usart5WithYYReceive_IDLE  usart.o
    0x08007b54   0x00000064   Code   RO          622    i.Usart6WithZZReceive_IDLE  usart.o
    0x08007bb8   0x0000003c   Code   RO         7898    i.WzdyjHandle_Mainfunction  app_wzdyj.o
    0x08007bf4   0x00000020   Code   RO         2256    i.__NVIC_SetPriority  stm32f4xx_hal_cortex.o
    0x08007c14   0x00000038   Code   RO         7178    i.appScreenCfgIndexGet  app_t5l_cfg.o
    0x08007c4c   0x000000a0   Code   RO         6463    i.app_HAL_I2C_Master_Read  app_i2c.o
    0x08007cec   0x0000009c   Code   RO         6464    i.app_HAL_I2C_Master_Transmit  app_i2c.o
    0x08007d88   0x0000008c   Code   RO         6465    i.app_i2c_test      app_i2c.o
    0x08007e14   0x00000030   Code   RO         6908    i.app_main_task     app_main_task.o
    0x08007e44   0x00000016   Code   RO         6848    i.balaningColorClear  app_led_ctrl.o
    0x08007e5a   0x00000002   PAD
    0x08007e5c   0x00000038   Code   RO         6133    i.cal_crc16         app_crc.o
    0x08007e94   0x00000074   Code   RO         8355    i.check_fs          ff.o
    0x08007f08   0x00000010   Code   RO         8356    i.chk_chr           ff.o
    0x08007f18   0x00000070   Code   RO         8357    i.chk_lock          ff.o
    0x08007f88   0x00000088   Code   RO         7204    i.clearLocalCalibrationKAndBAndSample  app_t5l_ctrl.o
    0x08008010   0x00000058   Code   RO         7205    i.clearLocalCalibrationRecordData  app_t5l_ctrl.o
    0x08008068   0x00000024   Code   RO         8358    i.clear_lock        ff.o
    0x0800808c   0x00000028   Code   RO         8359    i.clmt_clust        ff.o
    0x080080b4   0x00000018   Code   RO         8360    i.clust2sect        ff.o
    0x080080cc   0x00000024   Code   RO         7206    i.color_clearAllColor  app_t5l_ctrl.o
    0x080080f0   0x000000ba   Code   RO         8361    i.create_chain      ff.o
    0x080081aa   0x00000002   PAD
    0x080081ac   0x000000fc   Code   RO         8362    i.create_name       ff.o
    0x080082a8   0x00000030   Code   RO         8363    i.dec_lock          ff.o
    0x080082d8   0x0000004a   Code   RO         8364    i.dir_alloc         ff.o
    0x08008322   0x00000058   Code   RO         8365    i.dir_find          ff.o
    0x0800837a   0x00000126   Code   RO         8366    i.dir_next          ff.o
    0x080084a0   0x0000003c   Code   RO         8368    i.dir_register      ff.o
    0x080084dc   0x000000a4   Code   RO         8370    i.dir_sdi           ff.o
    0x08008580   0x0000002c   Code   RO         8300    i.disk_initialize   diskio.o
    0x080085ac   0x0000001c   Code   RO         8301    i.disk_ioctl        diskio.o
    0x080085c8   0x00000020   Code   RO         8302    i.disk_read         diskio.o
    0x080085e8   0x00000018   Code   RO         8303    i.disk_status       diskio.o
    0x08008600   0x00000020   Code   RO         8304    i.disk_write        diskio.o
    0x08008620   0x00000028   Code   RO         8371    i.enq_lock          ff.o
    0x08008648   0x00000038   Code   RO         6221    i.externalScreenRxHandle_RemoveWeightTriger  app_externalscreenrxhandle.o
    0x08008680   0x0000001c   Code   RO         6222    i.externalScreenRxHandle_Version  app_externalscreenrxhandle.o
    0x0800869c   0x00000070   Code   RO         6259    i.externalScreenTxHandle_ChangeDisplayPosition  app_externalscreentxhandle.o
    0x0800870c   0x00000320   Code   RO         6260    i.externalScreenTxHandle_Init  app_externalscreentxhandle.o
    0x08008a2c   0x00000034   Code   RO         6261    i.externalScreenTxHandle_JumpToBanlingPage  app_externalscreentxhandle.o
    0x08008a60   0x00000024   Code   RO         6262    i.externalScreenTxHandle_ScreenInit  app_externalscreentxhandle.o
    0x08008a84   0x00000030   Code   RO         6263    i.externalScreenTxHandle_ScreenWeightAndColorAndHelpHandle  app_externalscreentxhandle.o
    0x08008ab4   0x00000034   Code   RO         8372    i.f_close           ff.o
    0x08008ae8   0x00000098   Code   RO         8379    i.f_mount           ff.o
    0x08008b80   0x00000218   Code   RO         8380    i.f_open            ff.o
    0x08008d98   0x000000aa   Code   RO         8389    i.f_sync            ff.o
    0x08008e42   0x00000218   Code   RO         8392    i.f_write           ff.o
    0x0800905a   0x00000020   Code   RO         8776    i.ff_cre_syncobj    syscall.o
    0x0800907a   0x0000000a   Code   RO         8777    i.ff_del_syncobj    syscall.o
    0x08009084   0x00000004   Code   RO         8778    i.ff_rel_grant      syscall.o
    0x08009088   0x00000014   Code   RO         8779    i.ff_req_grant      syscall.o
    0x0800909c   0x000002ec   Code   RO         8393    i.find_volume       ff.o
    0x08009388   0x00000086   Code   RO         8394    i.follow_path       ff.o
    0x0800940e   0x00000002   PAD
    0x08009410   0x00000008   Code   RO         6317    i.getChanelStruct   app_hx711_ctrl.o
    0x08009418   0x0000000c   Code   RO         6952    i.getModbusOtherRemoveFlag  app_modbus_rtu_ctrl.o
    0x08009424   0x00000038   Code   RO         7207    i.getSysColorWhichUsable  app_t5l_ctrl.o
    0x0800945c   0x0000000c   Code   RO          791    i.get_SysTick_ByTimer  stm32f4xx_it.o
    0x08009468   0x000000c4   Code   RO         8395    i.get_fat           ff.o
    0x0800952c   0x00000004   Code   RO         7999    i.get_fattime       fatfs.o
    0x08009530   0x0000004e   Code   RO         8397    i.get_ldnumber      ff.o
    0x0800957e   0x00000018   Code   RO         7728    i.hal_delay_ms      hal_delay.o
    0x08009596   0x00000010   Code   RO         7730    i.hal_delay_us      hal_delay.o
    0x080095a6   0x00000002   PAD
    0x080095a8   0x00000024   Code   RO         7755    i.hal_di_get        hal_gpio.o
    0x080095cc   0x00000018   Code   RO         7756    i.hal_gpio_TogglePin  hal_gpio.o
    0x080095e4   0x0000001c   Code   RO         7757    i.hal_gpio_set_do_high  hal_gpio.o
    0x08009600   0x0000001c   Code   RO         7758    i.hal_gpio_set_do_low  hal_gpio.o
    0x0800961c   0x000000bc   Code   RO         7802    i.hal_uart_choice   hal_uart.o
    0x080096d8   0x00000068   Code   RO         7803    i.hal_uart_tx_bytes  hal_uart.o
    0x08009740   0x000000c4   Code   RO         6319    i.hx711_AllChanelSample  app_hx711_ctrl.o
    0x08009804   0x0000002c   Code   RO         6320    i.hx711_DataSampleCtrl  app_hx711_ctrl.o
    0x08009830   0x0000004c   Code   RO         6321    i.hx711_MainFunction  app_hx711_ctrl.o
    0x0800987c   0x000000b4   Code   RO         6324    i.hx711_SampleFunction  app_hx711_ctrl.o
    0x08009930   0x0000017c   Code   RO         6325    i.hx711_SenserCheck  app_hx711_ctrl.o
    0x08009aac   0x0000009a   Code   RO         6326    i.hx711_SigChanelAvrgAndWeightCalc  app_hx711_ctrl.o
    0x08009b46   0x00000002   PAD
    0x08009b48   0x00000014   Code   RO         6327    i.hx711_getAvgSample  app_hx711_ctrl.o
    0x08009b5c   0x000000a8   Code   RO         6329    i.hx711_init        app_hx711_ctrl.o
    0x08009c04   0x00000050   Code   RO         6330    i.hx711_setAllRemoveWeight  app_hx711_ctrl.o
    0x08009c54   0x0000000c   Code   RO         5508    i.inHandlerMode     cmsis_os.o
    0x08009c60   0x00000094   Code   RO         8398    i.inc_lock          ff.o
    0x08009cf4   0x00000040   Code   RO         6570    i.innerScreenRxHandle_CalibrateAddressSet  app_innerscreenrxhandle.o
    0x08009d34   0x00000036   Code   RO         6571    i.innerScreenRxHandle_CalibrateChanelSet  app_innerscreenrxhandle.o
    0x08009d6a   0x000000ba   Code   RO         6572    i.innerScreenRxHandle_CalibratePointSampleAndSet  app_innerscreenrxhandle.o
    0x08009e24   0x0000008a   Code   RO         6573    i.innerScreenRxHandle_CalibratePointSet  app_innerscreenrxhandle.o
    0x08009eae   0x00000022   Code   RO         6574    i.innerScreenRxHandle_JumpToBalancingClearnPage  app_innerscreenrxhandle.o
    0x08009ed0   0x00000022   Code   RO         6575    i.innerScreenRxHandle_JumpToBalancingHomePage  app_innerscreenrxhandle.o
    0x08009ef2   0x00000022   Code   RO         6576    i.innerScreenRxHandle_JumpToBalancingPage  app_innerscreenrxhandle.o
    0x08009f14   0x00000038   Code   RO         6577    i.innerScreenRxHandle_JumpToCalibrateOrActivePage  app_innerscreenrxhandle.o
    0x08009f4c   0x00000026   Code   RO         6578    i.innerScreenRxHandle_JumpToSysParaPage  app_innerscreenrxhandle.o
    0x08009f72   0x00000002   PAD
    0x08009f74   0x00000038   Code   RO         6579    i.innerScreenRxHandle_RemoveWeightTriger  app_innerscreenrxhandle.o
    0x08009fac   0x00000118   Code   RO         6580    i.innerScreenRxHandle_SysPara  app_innerscreenrxhandle.o
    0x0800a0c4   0x0000002a   Code   RO         6581    i.innerScreenRxHandle_SysPassWord  app_innerscreenrxhandle.o
    0x0800a0ee   0x00000024   Code   RO         6582    i.innerScreenRxHandle_SystemReset  app_innerscreenrxhandle.o
    0x0800a112   0x0000001c   Code   RO         6583    i.innerScreenRxHandle_Version  app_innerscreenrxhandle.o
    0x0800a12e   0x00000002   PAD
    0x0800a130   0x0000001c   Code   RO         6584    i.innerScreenRxHandle_VoicePrintfStatusFromScreen  app_innerscreenrxhandle.o
    0x0800a14c   0x00000016   Code   RO         6698    i.innerScreenTxHandle_ScreenInit  app_innerscreentxhandle.o
    0x0800a162   0x00000002   PAD
    0x0800a164   0x00000034   Code   RO         6699    i.innerScreenTxHandle_ScreenWeightAndColorAndHelpAndVoiceHandle  app_innerscreentxhandle.o
    0x0800a198   0x00000020   Code   RO         6796    i.key_FilterGet     app_key_ctrl.o
    0x0800a1b8   0x0000008c   Code   RO         6797    i.key_MainFunction  app_key_ctrl.o
    0x0800a244   0x00000048   Code   RO         6798    i.key_filter        app_key_ctrl.o
    0x0800a28c   0x00000030   Code   RO         6799    i.key_init          app_key_ctrl.o
    0x0800a2bc   0x00000026   Code   RO         8399    i.ld_clust          ff.o
    0x0800a2e2   0x00000016   Code   RO         8400    i.ld_dword          ff.o
    0x0800a2f8   0x0000000a   Code   RO         8401    i.ld_word           ff.o
    0x0800a302   0x00000002   PAD
    0x0800a304   0x0000007c   Code   RO         6849    i.led_MainFunction  app_led_ctrl.o
    0x0800a380   0x00000022   Code   RO         6850    i.led_RunIndicate   app_led_ctrl.o
    0x0800a3a2   0x00000040   Code   RO         6851    i.led_init          app_led_ctrl.o
    0x0800a3e2   0x00000016   Code   RO         8402    i.lock_fs           ff.o
    0x0800a3f8   0x000000fc   Code   RO           16    i.main              main.o
    0x0800a4f4   0x0000000c   Code   RO         5510    i.makeFreeRtosPriority  cmsis_os.o
    0x0800a500   0x00000018   Code   RO         8403    i.mem_cmp           ff.o
    0x0800a518   0x00000012   Code   RO         8404    i.mem_cpy           ff.o
    0x0800a52a   0x0000000c   Code   RO         8405    i.mem_set           ff.o
    0x0800a536   0x00000034   Code   RO         8406    i.move_window       ff.o
    0x0800a56a   0x0000000e   Code   RO         5512    i.osDelay           cmsis_os.o
    0x0800a578   0x0000000a   Code   RO         5515    i.osKernelStart     cmsis_os.o
    0x0800a582   0x00000026   Code   RO         5524    i.osMessageCreate   cmsis_os.o
    0x0800a5a8   0x00000094   Code   RO         5526    i.osMessageGet      cmsis_os.o
    0x0800a63c   0x0000005c   Code   RO         5528    i.osMessagePut      cmsis_os.o
    0x0800a698   0x0000003e   Code   RO         5541    i.osSemaphoreCreate  cmsis_os.o
    0x0800a6d6   0x00000018   Code   RO         5542    i.osSemaphoreDelete  cmsis_os.o
    0x0800a6ee   0x00000002   PAD
    0x0800a6f0   0x00000050   Code   RO         5544    i.osSemaphoreRelease  cmsis_os.o
    0x0800a740   0x00000064   Code   RO         5545    i.osSemaphoreWait   cmsis_os.o
    0x0800a7a4   0x00000054   Code   RO         5549    i.osThreadCreate    cmsis_os.o
    0x0800a7f8   0x00000020   Code   RO         7214    i.pointSampleTrigerDataSet  app_t5l_ctrl.o
    0x0800a818   0x00000028   Code   RO         7215    i.pointTrigerDataSet  app_t5l_ctrl.o
    0x0800a840   0x00000020   Code   RO         7216    i.pointWeightTrigerDataSet  app_t5l_ctrl.o
    0x0800a860   0x00000070   Code   RO         5192    i.prvAddCurrentTaskToDelayedList  tasks.o
    0x0800a8d0   0x000000d0   Code   RO         5193    i.prvAddNewTaskToReadyList  tasks.o
    0x0800a9a0   0x00000026   Code   RO         4868    i.prvCopyDataFromQueue  queue.o
    0x0800a9c6   0x0000006c   Code   RO         4869    i.prvCopyDataToQueue  queue.o
    0x0800aa32   0x00000034   Code   RO         5194    i.prvDeleteTCB      tasks.o
    0x0800aa66   0x00000002   PAD
    0x0800aa68   0x0000004c   Code   RO         5877    i.prvHeapInit       heap_4.o
    0x0800aab4   0x00000060   Code   RO         5195    i.prvIdleTask       tasks.o
    0x0800ab14   0x00000016   Code   RO         4871    i.prvInitialiseNewQueue  queue.o
    0x0800ab2a   0x00000098   Code   RO         5196    i.prvInitialiseNewTask  tasks.o
    0x0800abc2   0x00000002   PAD
    0x0800abc4   0x0000004c   Code   RO         5878    i.prvInsertBlockIntoFreeList  heap_4.o
    0x0800ac10   0x0000001c   Code   RO         4872    i.prvIsQueueEmpty   queue.o
    0x0800ac2c   0x00000020   Code   RO         5197    i.prvResetNextTaskUnblockTime  tasks.o
    0x0800ac4c   0x00000028   Code   RO         5946    i.prvTaskExitError  port.o
    0x0800ac74   0x0000006a   Code   RO         4873    i.prvUnlockQueue    queue.o
    0x0800acde   0x00000102   Code   RO         8407    i.put_fat           ff.o
    0x0800ade0   0x000000dc   Code   RO         5879    i.pvPortMalloc      heap_4.o
    0x0800aebc   0x00000018   Code   RO         5199    i.pvTaskIncrementMutexHeldCount  tasks.o
    0x0800aed4   0x0000002c   Code   RO         5947    i.pxPortInitialiseStack  port.o
    0x0800af00   0x00000134   Code   RO         7105    i.readSysDataFromFlash  app_syspara.o
    0x0800b034   0x00000110   Code   RO         7106    i.readSysDataFromFlash_3030  app_syspara.o
    0x0800b144   0x00000028   Code   RO         7221    i.releaseSysColor   app_t5l_ctrl.o
    0x0800b16c   0x0000007e   Code   RO         8411    i.remove_chain      ff.o
    0x0800b1ea   0x00000028   Code   RO         6332    i.sampleDataPush    app_hx711_ctrl.o
    0x0800b212   0x00000002   PAD
    0x0800b214   0x000000fc   Code   RO         7222    i.screenPrivate_ChanelChangedTrigerHandle  app_t5l_ctrl.o
    0x0800b310   0x0000011c   Code   RO         7223    i.screenPrivate_Init  app_t5l_ctrl.o
    0x0800b42c   0x000000a0   Code   RO         7224    i.screenPrivate_PointTrigerHandle  app_t5l_ctrl.o
    0x0800b4cc   0x00000080   Code   RO         7225    i.screenPrivate_RemoveWeightTrigerHandle  app_t5l_ctrl.o
    0x0800b54c   0x0000009c   Code   RO         7226    i.screenPrivate_ResetCalibrationTrigerHandle  app_t5l_ctrl.o
    0x0800b5e8   0x00000022   Code   RO         7230    i.screenPublic_ChanelChangedTrigerHandle  app_t5l_ctrl.o
    0x0800b60a   0x00000002   PAD
    0x0800b60c   0x000000b0   Code   RO         7233    i.screenPublic_FreshDisplayPosition_Of_HelpVlu  app_t5l_ctrl.o
    0x0800b6bc   0x0000007a   Code   RO         7234    i.screenPublic_FreshDisplayPosition_Of_OtherMisc  app_t5l_ctrl.o
    0x0800b736   0x00000076   Code   RO         7235    i.screenPublic_FreshDisplayPosition_Of_WeightColor  app_t5l_ctrl.o
    0x0800b7ac   0x0000007a   Code   RO         7236    i.screenPublic_FreshDisplayPosition_Of_WeightIndex  app_t5l_ctrl.o
    0x0800b826   0x00000002   PAD
    0x0800b828   0x000000ac   Code   RO         7237    i.screenPublic_FreshDisplayPosition_Of_WeightVlu  app_t5l_ctrl.o
    0x0800b8d4   0x0000001c   Code   RO         7239    i.screenPublic_Init  app_t5l_ctrl.o
    0x0800b8f0   0x00000040   Code   RO         7241    i.screenPublic_PageJump  app_t5l_ctrl.o
    0x0800b930   0x00000022   Code   RO         7242    i.screenPublic_PointTrigerHandle  app_t5l_ctrl.o
    0x0800b952   0x00000036   Code   RO         7243    i.screenPublic_RemoveWeightTrigerHandle  app_t5l_ctrl.o
    0x0800b988   0x00000022   Code   RO         7244    i.screenPublic_ResetCalibrationTrigerHandle  app_t5l_ctrl.o
    0x0800b9aa   0x00000002   PAD
    0x0800b9ac   0x00000054   Code   RO         7245    i.screenPublic_ScreenLight  app_t5l_ctrl.o
    0x0800ba00   0x0000000a   Code   RO         7246    i.screenPublic_ScreenVersionGet  app_t5l_ctrl.o
    0x0800ba0a   0x00000002   PAD
    0x0800ba0c   0x000000c4   Code   RO         7247    i.screenPublic_VoicePrintfMainfunction  app_t5l_ctrl.o
    0x0800bad0   0x00000080   Code   RO         7251    i.screenT5L_OutputVoice  app_t5l_ctrl.o
    0x0800bb50   0x00000106   Code   RO         7252    i.screenT5L_RxFunction  app_t5l_ctrl.o
    0x0800bc56   0x00000002   PAD
    0x0800bc58   0x0000002e   Code   RO         7253    i.screenT5L_TxFunction  app_t5l_ctrl.o
    0x0800bc86   0x00000016   Code   RO         7254    i.sdweAskRegData    app_t5l_ctrl.o
    0x0800bc9c   0x00000050   Code   RO         7255    i.sdweAskVaribleData  app_t5l_ctrl.o
    0x0800bcec   0x00000078   Code   RO         7256    i.sdwe_VoicePrintfPop  app_t5l_ctrl.o
    0x0800bd64   0x00000038   Code   RO         7257    i.sdwe_VoicePrintfPush  app_t5l_ctrl.o
    0x0800bd9c   0x0000000c   Code   RO         6954    i.setModbusDataValid  app_modbus_rtu_ctrl.o
    0x0800bda8   0x0000000c   Code   RO         6955    i.setModbusOtherRemoveFlag  app_modbus_rtu_ctrl.o
    0x0800bdb4   0x0000000c   Code   RO         6956    i.setModbusSelfRemoveFlag  app_modbus_rtu_ctrl.o
    0x0800bdc0   0x00000018   Code   RO         6334    i.setSampleWeightValue  app_hx711_ctrl.o
    0x0800bdd8   0x00000038   Code   RO         7260    i.sreenT5L_MainFunction  app_t5l_ctrl.o
    0x0800be10   0x00000028   Code   RO         8412    i.st_clust          ff.o
    0x0800be38   0x00000014   Code   RO         8413    i.st_dword          ff.o
    0x0800be4c   0x0000000a   Code   RO         8414    i.st_word           ff.o
    0x0800be56   0x00000002   PAD
    0x0800be58   0x00000114   Code   RO         7107    i.storeSysDataToFlash  app_syspara.o
    0x0800bf6c   0x0000024c   Code   RO         7108    i.storeSysDataToFlash_3030  app_syspara.o
    0x0800c1b8   0x0000008c   Code   RO         8415    i.sync_fs           ff.o
    0x0800c244   0x00000056   Code   RO         8416    i.sync_window       ff.o
    0x0800c29a   0x00000002   PAD
    0x0800c29c   0x0000007c   Code   RO         7261    i.t5lDisPlayDataClear  app_t5l_ctrl.o
    0x0800c318   0x00000088   Code   RO         7262    i.t5lReadVarible    app_t5l_ctrl.o
    0x0800c3a0   0x000000ca   Code   RO         7263    i.t5lWriteData      app_t5l_ctrl.o
    0x0800c46a   0x00000002   PAD
    0x0800c46c   0x000000c0   Code   RO         7265    i.t5lWriteVarible   app_t5l_ctrl.o
    0x0800c52c   0x000000e8   Code   RO         6335    i.trigerCalcKB      app_hx711_ctrl.o
    0x0800c614   0x00000018   Code   RO         8417    i.unlock_fs         ff.o
    0x0800c62c   0x00000026   Code   RO         4828    i.uxListRemove      list.o
    0x0800c652   0x00000002   PAD
    0x0800c654   0x00000014   Code   RO          393    i.vApplicationGetIdleTaskMemory  freertos.o
    0x0800c668   0x00000016   Code   RO         4829    i.vListInitialise   list.o
    0x0800c67e   0x00000006   Code   RO         4830    i.vListInitialiseItem  list.o
    0x0800c684   0x00000030   Code   RO         4831    i.vListInsert       list.o
    0x0800c6b4   0x00000018   Code   RO         4832    i.vListInsertEnd    list.o
    0x0800c6cc   0x00000040   Code   RO         5949    i.vPortEnterCritical  port.o
    0x0800c70c   0x00000028   Code   RO         5950    i.vPortExitCritical  port.o
    0x0800c734   0x00000064   Code   RO         5880    i.vPortFree         heap_4.o
    0x0800c798   0x00000024   Code   RO         5951    i.vPortSetupTimerInterrupt  port.o
    0x0800c7bc   0x00000054   Code   RO         5952    i.vPortValidateInterruptPriority  port.o
    0x0800c810   0x0000002e   Code   RO         4878    i.vQueueDelete      queue.o
    0x0800c83e   0x00000002   PAD
    0x0800c840   0x00000028   Code   RO         4879    i.vQueueUnregisterQueue  queue.o
    0x0800c868   0x0000004c   Code   RO         5206    i.vTaskDelay        tasks.o
    0x0800c8b4   0x00000010   Code   RO         5209    i.vTaskInternalSetTimeOutState  tasks.o
    0x0800c8c4   0x0000000c   Code   RO         5210    i.vTaskMissedYield  tasks.o
    0x0800c8d0   0x00000030   Code   RO         5212    i.vTaskPlaceOnEventList  tasks.o
    0x0800c900   0x000000a0   Code   RO         5214    i.vTaskPriorityDisinheritAfterTimeout  tasks.o
    0x0800c9a0   0x0000006c   Code   RO         5219    i.vTaskStartScheduler  tasks.o
    0x0800ca0c   0x00000010   Code   RO         5221    i.vTaskSuspendAll   tasks.o
    0x0800ca1c   0x0000005c   Code   RO         5222    i.vTaskSwitchContext  tasks.o
    0x0800ca78   0x0000004e   Code   RO         8418    i.validate          ff.o
    0x0800cac6   0x00000002   PAD
    0x0800cac8   0x000000f4   Code   RO         5953    i.xPortStartScheduler  port.o
    0x0800cbbc   0x00000042   Code   RO         4882    i.xQueueGenericCreate  queue.o
    0x0800cbfe   0x00000066   Code   RO         4883    i.xQueueGenericCreateStatic  queue.o
    0x0800cc64   0x00000088   Code   RO         4884    i.xQueueGenericReset  queue.o
    0x0800ccec   0x00000160   Code   RO         4885    i.xQueueGenericSend  queue.o
    0x0800ce4c   0x000000be   Code   RO         4886    i.xQueueGenericSendFromISR  queue.o
    0x0800cf0a   0x0000009c   Code   RO         4887    i.xQueueGiveFromISR  queue.o
    0x0800cfa6   0x00000002   PAD
    0x0800cfa8   0x00000138   Code   RO         4892    i.xQueueReceive     queue.o
    0x0800d0e0   0x0000009a   Code   RO         4893    i.xQueueReceiveFromISR  queue.o
    0x0800d17a   0x00000002   PAD
    0x0800d17c   0x00000178   Code   RO         4894    i.xQueueSemaphoreTake  queue.o
    0x0800d2f4   0x00000074   Code   RO         5224    i.xTaskCheckForTimeOut  tasks.o
    0x0800d368   0x0000005a   Code   RO         5225    i.xTaskCreate       tasks.o
    0x0800d3c2   0x00000056   Code   RO         5226    i.xTaskCreateStatic  tasks.o
    0x0800d418   0x0000001c   Code   RO         5230    i.xTaskGetSchedulerState  tasks.o
    0x0800d434   0x000000cc   Code   RO         5233    i.xTaskIncrementTick  tasks.o
    0x0800d500   0x00000098   Code   RO         5236    i.xTaskPriorityDisinherit  tasks.o
    0x0800d598   0x0000008c   Code   RO         5237    i.xTaskPriorityInherit  tasks.o
    0x0800d624   0x00000074   Code   RO         5238    i.xTaskRemoveFromEventList  tasks.o
    0x0800d698   0x000000c4   Code   RO         5239    i.xTaskResumeAll    tasks.o
    0x0800d75c   0x00000018   Code   RO         9628    x$fpl$dcmpinf       fz_wm.l(dcmpi.o)
    0x0800d774   0x00000026   Code   RO         9491    x$fpl$dfltu         fz_wm.l(dflt_clz.o)
    0x0800d79a   0x00000002   PAD
    0x0800d79c   0x00000078   Code   RO         9580    x$fpl$dleqf         fz_wm.l(dleqf.o)
    0x0800d814   0x0000009c   Code   RO         9582    x$fpl$dnaninf       fz_wm.l(dnaninf.o)
    0x0800d8b0   0x0000006c   Code   RO         9499    x$fpl$drleqf        fz_wm.l(drleqf.o)
    0x0800d91c   0x0000000a   Code   RO         9630    x$fpl$fpinit        fz_wm.l(fpinit.o)
    0x0800d926   0x00000000   Code   RO         9588    x$fpl$usenofp       fz_wm.l(usenofp.o)
    0x0800d926   0x00000002   PAD
    0x0800d928   0x00000038   Data   RO          395    .constdata          freertos.o
    0x0800d960   0x00000008   Data   RO         1973    .constdata          stm32f4xx_hal_dma.o
    0x0800d968   0x00000010   Data   RO         4691    .constdata          system_stm32f4xx.o
    0x0800d978   0x00000008   Data   RO         4692    .constdata          system_stm32f4xx.o
    0x0800d980   0x00000200   Data   RO         6134    .constdata          app_crc.o
    0x0800db80   0x00000028   Data   RO         6337    .constdata          app_hx711_ctrl.o
    0x0800dba8   0x0000000c   Data   RO         7270    .constdata          app_t5l_ctrl.o
    0x0800dbb4   0x00000020   Data   RO         7759    .constdata          hal_gpio.o
    0x0800dbd4   0x00000014   Data   RO         7934    .constdata          usbh_diskio.o
    0x0800dbe8   0x0000002c   Data   RO         8847    .constdata          usbh_core.o
    0x0800dc14   0x00000017   Data   RO          396    .conststring        freertos.o
    0x0800dc2b   0x00000001   PAD
    0x0800dc2c   0x0000000c   Data   RO         8848    .conststring        usbh_core.o
    0x0800dc38   0x00000004   Data   RO         9223    .conststring        usbh_msc.o
    0x0800dc3c   0x00000020   Data   RO         9719    Region$$Table       anon$$obj.o


    Execution Region RW_IRAM1 (Base: 0x20000000, Size: 0x00008b38, Max: 0x00020000, ABSOLUTE, COMPRESSED[0x0000099c])

    Base Addr    Size         Type   Attr      Idx    E Section Name        Object

    0x20000000   0x0000000c   Data   RW          397    .data               freertos.o
    0x2000000c   0x00000004   Data   RW          792    .data               stm32f4xx_it.o
    0x20000010   0x0000000c   Data   RW         2400    .data               stm32f4xx_hal.o
    0x2000001c   0x00000004   Data   RW         4693    .data               system_stm32f4xx.o
    0x20000020   0x0000003c   Data   RW         5242    .data               tasks.o
    0x2000005c   0x00000020   Data   RW         5886    .data               heap_4.o
    0x2000007c   0x0000000c   Data   RW         5954    .data               port.o
    0x20000088   0x00000041   Data   RW         6037    .data               app_balancingdatahandle.o
    0x200000c9   0x00000001   PAD
    0x200000ca   0x00000020   Data   RW         6161    .data               app_externalscreen_cfg.o
    0x200000ea   0x00000020   Data   RW         6162    .data               app_externalscreen_cfg.o
    0x2000010a   0x00000020   Data   RW         6163    .data               app_externalscreen_cfg.o
    0x2000012a   0x00000020   Data   RW         6164    .data               app_externalscreen_cfg.o
    0x2000014a   0x00000004   Data   RW         6165    .data               app_externalscreen_cfg.o
    0x2000014e   0x00000020   Data   RW         6166    .data               app_externalscreen_cfg.o
    0x2000016e   0x00000020   Data   RW         6167    .data               app_externalscreen_cfg.o
    0x2000018e   0x00000020   Data   RW         6168    .data               app_externalscreen_cfg.o
    0x200001ae   0x00000020   Data   RW         6169    .data               app_externalscreen_cfg.o
    0x200001ce   0x00000004   Data   RW         6170    .data               app_externalscreen_cfg.o
    0x200001d2   0x00000020   Data   RW         6171    .data               app_externalscreen_cfg.o
    0x200001f2   0x00000020   Data   RW         6172    .data               app_externalscreen_cfg.o
    0x20000212   0x00000020   Data   RW         6173    .data               app_externalscreen_cfg.o
    0x20000232   0x00000020   Data   RW         6174    .data               app_externalscreen_cfg.o
    0x20000252   0x00000004   Data   RW         6175    .data               app_externalscreen_cfg.o
    0x20000256   0x00000020   Data   RW         6176    .data               app_externalscreen_cfg.o
    0x20000276   0x00000024   Data   RW         6177    .data               app_externalscreen_cfg.o
    0x2000029a   0x00000020   Data   RW         6178    .data               app_externalscreen_cfg.o
    0x200002ba   0x00000020   Data   RW         6179    .data               app_externalscreen_cfg.o
    0x200002da   0x00000004   Data   RW         6180    .data               app_externalscreen_cfg.o
    0x200002de   0x00000060   Data   RW         6181    .data               app_externalscreen_cfg.o
    0x2000033e   0x00000060   Data   RW         6182    .data               app_externalscreen_cfg.o
    0x2000039e   0x00000090   Data   RW         6183    .data               app_externalscreen_cfg.o
    0x2000042e   0x00000090   Data   RW         6184    .data               app_externalscreen_cfg.o
    0x200004be   0x00000060   Data   RW         6185    .data               app_externalscreen_cfg.o
    0x2000051e   0x00000020   Data   RW         6186    .data               app_externalscreen_cfg.o
    0x2000053e   0x000000c0   Data   RW         6187    .data               app_externalscreen_cfg.o
    0x200005fe   0x000000c0   Data   RW         6188    .data               app_externalscreen_cfg.o
    0x200006be   0x000000d8   Data   RW         6189    .data               app_externalscreen_cfg.o
    0x20000796   0x000000d8   Data   RW         6190    .data               app_externalscreen_cfg.o
    0x2000086e   0x000000c0   Data   RW         6191    .data               app_externalscreen_cfg.o
    0x2000092e   0x00000040   Data   RW         6192    .data               app_externalscreen_cfg.o
    0x2000096e   0x0000000c   Data   RW         6193    .data               app_externalscreen_cfg.o
    0x2000097a   0x0000000c   Data   RW         6194    .data               app_externalscreen_cfg.o
    0x20000986   0x0000000c   Data   RW         6195    .data               app_externalscreen_cfg.o
    0x20000992   0x0000000c   Data   RW         6196    .data               app_externalscreen_cfg.o
    0x2000099e   0x00000002   PAD
    0x200009a0   0x00000110   Data   RW         6197    .data               app_externalscreen_cfg.o
    0x20000ab0   0x00000010   Data   RW         6224    .data               app_externalscreenrxhandle.o
    0x20000ac0   0x00000028   Data   RW         6264    .data               app_externalscreentxhandle.o
    0x20000ae8   0x00000015   Data   RW         6338    .data               app_hx711_ctrl.o
    0x20000afd   0x00000003   PAD
    0x20000b00   0x00000038   Data   RW         6467    .data               app_i2c.o
    0x20000b38   0x00000020   Data   RW         6513    .data               app_innerscreen_cfg.o
    0x20000b58   0x00000020   Data   RW         6514    .data               app_innerscreen_cfg.o
    0x20000b78   0x00000020   Data   RW         6515    .data               app_innerscreen_cfg.o
    0x20000b98   0x00000004   Data   RW         6517    .data               app_innerscreen_cfg.o
    0x20000b9c   0x00000010   Data   RW         6518    .data               app_innerscreen_cfg.o
    0x20000bac   0x00000018   Data   RW         6519    .data               app_innerscreen_cfg.o
    0x20000bc4   0x00000010   Data   RW         6520    .data               app_innerscreen_cfg.o
    0x20000bd4   0x00000010   Data   RW         6521    .data               app_innerscreen_cfg.o
    0x20000be4   0x00000004   Data   RW         6522    .data               app_innerscreen_cfg.o
    0x20000be8   0x00000020   Data   RW         6523    .data               app_innerscreen_cfg.o
    0x20000c08   0x00000020   Data   RW         6524    .data               app_innerscreen_cfg.o
    0x20000c28   0x00000020   Data   RW         6525    .data               app_innerscreen_cfg.o
    0x20000c48   0x00000004   Data   RW         6527    .data               app_innerscreen_cfg.o
    0x20000c4c   0x00000010   Data   RW         6528    .data               app_innerscreen_cfg.o
    0x20000c5c   0x00000018   Data   RW         6529    .data               app_innerscreen_cfg.o
    0x20000c74   0x00000010   Data   RW         6530    .data               app_innerscreen_cfg.o
    0x20000c84   0x00000010   Data   RW         6531    .data               app_innerscreen_cfg.o
    0x20000c94   0x00000004   Data   RW         6532    .data               app_innerscreen_cfg.o
    0x20000c98   0x00000060   Data   RW         6533    .data               app_innerscreen_cfg.o
    0x20000cf8   0x00000060   Data   RW         6534    .data               app_innerscreen_cfg.o
    0x20000d58   0x00000090   Data   RW         6535    .data               app_innerscreen_cfg.o
    0x20000de8   0x00000090   Data   RW         6536    .data               app_innerscreen_cfg.o
    0x20000e78   0x00000060   Data   RW         6539    .data               app_innerscreen_cfg.o
    0x20000ed8   0x00000060   Data   RW         6540    .data               app_innerscreen_cfg.o
    0x20000f38   0x0000000c   Data   RW         6541    .data               app_innerscreen_cfg.o
    0x20000f44   0x0000000c   Data   RW         6542    .data               app_innerscreen_cfg.o
    0x20000f50   0x0000000c   Data   RW         6543    .data               app_innerscreen_cfg.o
    0x20000f5c   0x0000000c   Data   RW         6544    .data               app_innerscreen_cfg.o
    0x20000f68   0x00000020   Data   RW         6545    .data               app_innerscreen_cfg.o
    0x20000f88   0x00000110   Data   RW         6546    .data               app_innerscreen_cfg.o
    0x20001098   0x00000001   Data   RW         6585    .data               app_innerscreenrxhandle.o
    0x20001099   0x00000003   PAD
    0x2000109c   0x00000078   Data   RW         6586    .data               app_innerscreenrxhandle.o
    0x20001114   0x00000028   Data   RW         6700    .data               app_innerscreentxhandle.o
    0x2000113c   0x00000003   Data   RW         6801    .data               app_key_ctrl.o
    0x2000113f   0x00000008   Data   RW         6852    .data               app_led_ctrl.o
    0x20001147   0x00000001   PAD
    0x20001148   0x00000004   Data   RW         6909    .data               app_main_task.o
    0x2000114c   0x0000032c   Data   RW         6957    .data               app_modbus_rtu_ctrl.o
    0x20001478   0x00000034   Data   RW         7068    .data               app_password.o
    0x200014ac   0x00000068   Data   RW         7110    .data               app_syspara.o
    0x20001514   0x00000664   Data   RW         7271    .data               app_t5l_ctrl.o
    0x20001b78   0x00000040   Data   RW         7760    .data               hal_gpio.o
    0x20001bb8   0x00000138   Data   RW         7804    .data               hal_uart.o
    0x20001cf0   0x00000002   Data   RW         7849    .data               app_smmz.o
    0x20001cf2   0x00000010   Data   RW         7900    .data               app_wzdyj.o
    0x20001d02   0x00000023   Data   RW         8003    .data               fatfs.o
    0x20001d25   0x00000001   Data   RW         8046    .data               usb_host.o
    0x20001d26   0x00000002   PAD
    0x20001d28   0x00000008   Data   RW         8421    .data               ff.o
    0x20001d30   0x00000020   Data   RW         9224    .data               usbh_msc.o
    0x20001d50   0x00000254   Zero   RW          394    .bss                freertos.o
    0x20001fa4   0x00000048   Zero   RW          460    .bss                adc.o
    0x20001fec   0x00000054   Zero   RW          526    .bss                i2c.o
    0x20002040   0x00000048   Zero   RW          568    .bss                tim.o
    0x20002088   0x00000a50   Zero   RW          623    .bss                usart.o
    0x20002ad8   0x00000048   Zero   RW          976    .bss                stm32f4xx_hal_timebase_tim.o
    0x20002b20   0x00000040   Zero   RW         4895    .bss                queue.o
    0x20002b60   0x000000f0   Zero   RW         5241    .bss                tasks.o
    0x20002c50   0x00003c00   Zero   RW         5885    .bss                heap_4.o
    0x20006850   0x00000040   Zero   RW         6036    .bss                app_balancingdatahandle.o
    0x20006890   0x000000ec   Zero   RW         6336    .bss                app_hx711_ctrl.o
    0x2000697c   0x00000880   Zero   RW         6466    .bss                app_i2c.o
    0x200071fc   0x0000000c   Zero   RW         6800    .bss                app_key_ctrl.o
    0x20007208   0x0000000c   Zero   RW         7067    .bss                app_password.o
    0x20007214   0x00000118   Zero   RW         7109    .bss                app_syspara.o
    0x2000732c   0x00000112   Zero   RW         7269    .bss                app_t5l_ctrl.o
    0x2000743e   0x0000018c   Zero   RW         7848    .bss                app_smmz.o
    0x200075ca   0x00000002   PAD
    0x200075cc   0x00000190   Zero   RW         7899    .bss                app_wzdyj.o
    0x2000775c   0x00000464   Zero   RW         8002    .bss                fatfs.o
    0x20007bc0   0x000003e4   Zero   RW         8045    .bss                usb_host.o
    0x20007fa4   0x00000304   Zero   RW         8107    .bss                usbh_conf.o
    0x200082a8   0x00000020   Zero   RW         8419    .bss                ff.o
    0x200082c8   0x0000000c   Zero   RW         8730    .bss                ff_gen_drv.o
    0x200082d4   0x00000060   Zero   RW         9592    .bss                c_w.l(libspace.o)
    0x20008334   0x00000004   PAD
    0x20008338   0x00000400   Zero   RW            2    HEAP                startup_stm32f407xx.o
    0x20008738   0x00000400   Zero   RW            1    STACK               startup_stm32f407xx.o


==============================================================================

Image component sizes


      Code (inc. data)   RO Data    RW Data    ZI Data      Debug   Object Name

       196         26          0          0         72       1785   adc.o
      1694         50          0         65         64      11677   app_balancingdatahandle.o
       210          6        512          0          0       3117   app_crc.o
         0          0          0       2532          0       5798   app_externalscreen_cfg.o
        84          4          0         16          0      13048   app_externalscreenrxhandle.o
      1048         30          0         40          0      16418   app_externalscreentxhandle.o
      1602        106         40         21        236      13699   app_hx711_ctrl.o
       456         32          0         56       2176       4653   app_i2c.o
         0          0          0       1376          0       3433   app_innerscreen_cfg.o
      1108         50          0        121          0      22937   app_innerscreenrxhandle.o
        74          4          0         40          0      13131   app_innerscreentxhandle.o
       292         22          0          3         12       3948   app_key_ctrl.o
       430         16          0          8          0       5237   app_led_ctrl.o
        48          6          0          4          0        840   app_main_task.o
       104         26          0        812          0       6180   app_modbus_rtu_ctrl.o
        60         10          0         52         12       1534   app_password.o
       212         12          0          2        396       3854   app_smmz.o
      1444         32          0        104        280       9151   app_syspara.o
        56          8          0          0          0        759   app_t5l_cfg.o
      4112        188         12       1636        274      46502   app_t5l_ctrl.o
        60         14          0         16        400       2155   app_wzdyj.o
       676         20          0          0          0      35152   cmsis_os.o
       160         26          0          0          0       3805   diskio.o
       236          4          0          0          0        942   dma.o
         0          0          0          0          0      20072   event_groups.o
       168         50          0         35       1124       2675   fatfs.o
      5280         76          0          8         32      40704   ff.o
        74          4          0          0         12       1707   ff_gen_drv.o
       136         20         79         12        596      10693   freertos.o
       496         24          0          0          0       1231   gpio.o
        40          0          0          0          0       1534   hal_delay.o
       116         38         32         64          0       2955   hal_gpio.o
       348         38          0        312          0       7399   hal_uart.o
       472         24          0         32      15360       7563   heap_4.o
       172         28          0          0         84       1757   i2c.o
       138          0          0          0          0       3670   list.o
       428         56          0          0          0     756812   main.o
       786         82          0         12          0      12097   port.o
      2232         22          0          0         64      23247   queue.o
        64         26        392          0       2048        864   startup_stm32f407xx.o
       116         18          0         12          0       8870   stm32f4xx_hal.o
       712         28          0          0          0       2963   stm32f4xx_hal_adc.o
       194         24          0          0          0      33897   stm32f4xx_hal_cortex.o
      1084         16          8          0          0       7538   stm32f4xx_hal_dma.o
       532         46          0          0          0       3596   stm32f4xx_hal_gpio.o
      2186          0          0          0          0      14173   stm32f4xx_hal_hcd.o
      2174         52          0          0          0      13202   stm32f4xx_hal_i2c.o
        56          4          0          0          0        910   stm32f4xx_hal_msp.o
      1412         86          0          0          0       6045   stm32f4xx_hal_rcc.o
       784         72          0          0          0       7001   stm32f4xx_hal_tim.o
       148         28          0          0          0       2537   stm32f4xx_hal_tim_ex.o
       152         20          0          0         72       1543   stm32f4xx_hal_timebase_tim.o
      2152         44          0          0          0      17413   stm32f4xx_hal_uart.o
       348        130          0          4          0      13870   stm32f4xx_it.o
      1880         48          0          0          0      19201   stm32f4xx_ll_usb.o
         0          0          0          0          0        380   stream_buffer.o
        66          0          0          0          0       3556   syscall.o
        16          4         24          4          0       1187   system_stm32f4xx.o
      2332        174          0         60        240      28291   tasks.o
       108         18          0          0         72       1654   tim.o
      2204        196          0          0       2640      37079   usart.o
       104         16          0          1        996       9880   usb_host.o
       602         22          0          0        772      37945   usbh_conf.o
      2052         24         56          0          0      13745   usbh_core.o
      1806         12          0          0          0      14054   usbh_ctlreq.o
       284         20         20          0          0      20700   usbh_diskio.o
       208          0          0          0          0       4584   usbh_ioreq.o
      2068         10          4         32          0      11809   usbh_msc.o
       938         26          0          0          0       7336   usbh_msc_bot.o
       908          0          0          0          0       6451   usbh_msc_scsi.o
       136          0          0          0          0       4074   usbh_pipes.o
        24          4          0          0          0        594   usbh_platform.o

    ----------------------------------------------------------------------
     53200       2322       1212       7504      28036    1480813   Object Totals
         0          0         32          0          0          0   (incl. Generated)
       102          0          1         12          2          0   (incl. Padding)

    ----------------------------------------------------------------------

      Code (inc. data)   RO Data    RW Data    ZI Data      Debug   Library Member Name

       100          0          0          0          0          0   __dclz77c.o
         8          0          0          0          0         68   __main.o
         0          0          0          0          0          0   __rtentry.o
        12          0          0          0          0          0   __rtentry2.o
         6          0          0          0          0          0   __rtentry4.o
        52          8          0          0          0          0   __scatter.o
        28          0          0          0          0          0   __scatter_zi.o
        10          0          0          0          0         68   defsig_exit.o
        50          0          0          0          0         88   defsig_general.o
        80         58          0          0          0         76   defsig_rtmem_inner.o
        14          0          0          0          0         80   defsig_rtmem_outer.o
        18          0          0          0          0         80   exit.o
        94          0          0          0          0         80   h1_alloc.o
        52          0          0          0          0         68   h1_extend.o
        78          0          0          0          0         80   h1_free.o
        14          0          0          0          0         84   h1_init.o
         6          0          0          0          0        152   heapauxi.o
         4          0          0          0          0        136   hguard.o
         0          0          0          0          0          0   indicate_semi.o
       138          0          0          0          0        168   init_alloc.o
         2          0          0          0          0          0   libinit.o
        14          0          0          0          0          0   libinit2.o
         2          0          0          0          0          0   libshutdown.o
         2          0          0          0          0          0   libshutdown2.o
         8          4          0          0         96         68   libspace.o
       238          0          0          0          0        100   lludivv7m.o
         0          0          0          0          0          0   maybetermalloc1.o
         8          4          0          0          0         68   rt_heap_descriptor_intlibspace.o
        68          0          0          0          0         68   rt_memclr.o
        78          0          0          0          0         80   rt_memclr_w.o
       138          0          0          0          0         68   rt_memcpy_v6.o
       100          0          0          0          0         80   rt_memcpy_w.o
         2          0          0          0          0          0   rtexit.o
        10          0          0          0          0          0   rtexit2.o
        12          4          0          0          0         68   sys_exit.o
        74          0          0          0          0         80   sys_stackheap_outer.o
        14          0          0          0          0         76   sys_wrch.o
         2          0          0          0          0         68   use_no_semi.o
        24          0          0          0          0        116   dcmpi.o
        38          0          0          0          0        116   dflt_clz.o
       120          4          0          0          0        140   dleqf.o
       156          4          0          0          0        140   dnaninf.o
       108          0          0          0          0        128   drleqf.o
        10          0          0          0          0        116   fpinit.o
         0          0          0          0          0          0   usenofp.o

    ----------------------------------------------------------------------
      2000         86          0          0        100       2808   Library Totals
         8          0          0          0          4          0   (incl. Padding)

    ----------------------------------------------------------------------

      Code (inc. data)   RO Data    RW Data    ZI Data      Debug   Library Name

      1536         78          0          0         96       2052   c_w.l
       456          8          0          0          0        756   fz_wm.l

    ----------------------------------------------------------------------
      2000         86          0          0        100       2808   Library Totals

    ----------------------------------------------------------------------

==============================================================================


      Code (inc. data)   RO Data    RW Data    ZI Data      Debug   

     55200       2408       1212       7504      28136    1431429   Grand Totals
     55200       2408       1212       2460      28136    1431429   ELF Image Totals (compressed)
     55200       2408       1212       2460          0          0   ROM Totals

==============================================================================

    Total RO  Size (Code + RO Data)                56412 (  55.09kB)
    Total RW  Size (RW Data + ZI Data)             35640 (  34.80kB)
    Total ROM Size (Code + RO Data + RW Data)      58872 (  57.49kB)

==============================================================================

