Component: ARM Compiler 5.06 (build 20) Tool: armlink [4d35a3]

==============================================================================

Section Cross References

    startup_stm32f407xx.o(STACK) refers (Special) to heapauxi.o(.text) for __use_two_region_memory
    startup_stm32f407xx.o(HEAP) refers (Special) to heapauxi.o(.text) for __use_two_region_memory
    startup_stm32f407xx.o(RESET) refers (Special) to heapauxi.o(.text) for __use_two_region_memory
    startup_stm32f407xx.o(RESET) refers to startup_stm32f407xx.o(STACK) for __initial_sp
    startup_stm32f407xx.o(RESET) refers to startup_stm32f407xx.o(.text) for Reset_Handler
    startup_stm32f407xx.o(RESET) refers to stm32f4xx_it.o(i.NMI_Handler) for NMI_Handler
    startup_stm32f407xx.o(RESET) refers to stm32f4xx_it.o(i.HardFault_Handler) for HardFault_Handler
    startup_stm32f407xx.o(RESET) refers to stm32f4xx_it.o(i.MemManage_Handler) for MemManage_Handler
    startup_stm32f407xx.o(RESET) refers to stm32f4xx_it.o(i.BusFault_Handler) for BusFault_Handler
    startup_stm32f407xx.o(RESET) refers to stm32f4xx_it.o(i.UsageFault_Handler) for UsageFault_Handler
    startup_stm32f407xx.o(RESET) refers to port.o(.emb_text) for SVC_Handler
    startup_stm32f407xx.o(RESET) refers to stm32f4xx_it.o(i.DebugMon_Handler) for DebugMon_Handler
    startup_stm32f407xx.o(RESET) refers to port.o(i.SysTick_Handler) for SysTick_Handler
    startup_stm32f407xx.o(RESET) refers to stm32f4xx_it.o(i.DMA1_Stream0_IRQHandler) for DMA1_Stream0_IRQHandler
    startup_stm32f407xx.o(RESET) refers to stm32f4xx_it.o(i.DMA1_Stream1_IRQHandler) for DMA1_Stream1_IRQHandler
    startup_stm32f407xx.o(RESET) refers to stm32f4xx_it.o(i.DMA1_Stream2_IRQHandler) for DMA1_Stream2_IRQHandler
    startup_stm32f407xx.o(RESET) refers to stm32f4xx_it.o(i.DMA1_Stream3_IRQHandler) for DMA1_Stream3_IRQHandler
    startup_stm32f407xx.o(RESET) refers to stm32f4xx_it.o(i.DMA1_Stream4_IRQHandler) for DMA1_Stream4_IRQHandler
    startup_stm32f407xx.o(RESET) refers to stm32f4xx_it.o(i.DMA1_Stream5_IRQHandler) for DMA1_Stream5_IRQHandler
    startup_stm32f407xx.o(RESET) refers to stm32f4xx_it.o(i.DMA1_Stream6_IRQHandler) for DMA1_Stream6_IRQHandler
    startup_stm32f407xx.o(RESET) refers to stm32f4xx_it.o(i.USART1_IRQHandler) for USART1_IRQHandler
    startup_stm32f407xx.o(RESET) refers to stm32f4xx_it.o(i.USART2_IRQHandler) for USART2_IRQHandler
    startup_stm32f407xx.o(RESET) refers to stm32f4xx_it.o(i.USART3_IRQHandler) for USART3_IRQHandler
    startup_stm32f407xx.o(RESET) refers to stm32f4xx_it.o(i.DMA1_Stream7_IRQHandler) for DMA1_Stream7_IRQHandler
    startup_stm32f407xx.o(RESET) refers to stm32f4xx_it.o(i.UART4_IRQHandler) for UART4_IRQHandler
    startup_stm32f407xx.o(RESET) refers to stm32f4xx_it.o(i.UART5_IRQHandler) for UART5_IRQHandler
    startup_stm32f407xx.o(RESET) refers to stm32f4xx_it.o(i.TIM6_DAC_IRQHandler) for TIM6_DAC_IRQHandler
    startup_stm32f407xx.o(RESET) refers to stm32f4xx_it.o(i.DMA2_Stream1_IRQHandler) for DMA2_Stream1_IRQHandler
    startup_stm32f407xx.o(RESET) refers to stm32f4xx_it.o(i.DMA2_Stream2_IRQHandler) for DMA2_Stream2_IRQHandler
    startup_stm32f407xx.o(RESET) refers to stm32f4xx_it.o(i.OTG_FS_IRQHandler) for OTG_FS_IRQHandler
    startup_stm32f407xx.o(RESET) refers to stm32f4xx_it.o(i.DMA2_Stream6_IRQHandler) for DMA2_Stream6_IRQHandler
    startup_stm32f407xx.o(RESET) refers to stm32f4xx_it.o(i.DMA2_Stream7_IRQHandler) for DMA2_Stream7_IRQHandler
    startup_stm32f407xx.o(RESET) refers to stm32f4xx_it.o(i.USART6_IRQHandler) for USART6_IRQHandler
    startup_stm32f407xx.o(.text) refers (Special) to heapauxi.o(.text) for __use_two_region_memory
    startup_stm32f407xx.o(.text) refers to system_stm32f4xx.o(i.SystemInit) for SystemInit
    startup_stm32f407xx.o(.text) refers to __main.o(!!!main) for __main
    startup_stm32f407xx.o(.text) refers to startup_stm32f407xx.o(HEAP) for Heap_Mem
    startup_stm32f407xx.o(.text) refers to startup_stm32f407xx.o(STACK) for Stack_Mem
    main.o(i.HAL_TIM_PeriodElapsedCallback) refers to stm32f4xx_hal.o(i.HAL_IncTick) for HAL_IncTick
    main.o(i.SystemClock_Config) refers to rt_memclr_w.o(.text) for __aeabi_memclr4
    main.o(i.SystemClock_Config) refers to stm32f4xx_hal_rcc.o(i.HAL_RCC_OscConfig) for HAL_RCC_OscConfig
    main.o(i.SystemClock_Config) refers to stm32f4xx_hal_rcc.o(i.HAL_RCC_ClockConfig) for HAL_RCC_ClockConfig
    main.o(i.main) refers to stm32f4xx_hal.o(i.HAL_Init) for HAL_Init
    main.o(i.main) refers to main.o(i.SystemClock_Config) for SystemClock_Config
    main.o(i.main) refers to gpio.o(i.MX_GPIO_Init) for MX_GPIO_Init
    main.o(i.main) refers to dma.o(i.MX_DMA_Init) for MX_DMA_Init
    main.o(i.main) refers to tim.o(i.MX_TIM7_Init) for MX_TIM7_Init
    main.o(i.main) refers to usart.o(i.MX_USART1_UART_Init) for MX_USART1_UART_Init
    main.o(i.main) refers to i2c.o(i.MX_I2C1_Init) for MX_I2C1_Init
    main.o(i.main) refers to usart.o(i.MX_USART6_UART_Init) for MX_USART6_UART_Init
[...]
    USBHPath                                 0x20004e69   Data           4  fatfs.o(.data)
    Appli_state                              0x20004e6d   Data           1  usb_host.o(.data)
    fileName                                 0x20004e6e   Data          33  usb_essh.o(.data)
    fileData                                 0x20004e8f   Data          20  usb_essh.o(.data)
    USBH_msc                                 0x20004eac   Data          32  usbh_msc.o(.data)
    hadc1                                    0x20005120   Data          72  adc.o(.bss)
    hi2c1                                    0x20005168   Data          84  i2c.o(.bss)
    htim7                                    0x200051bc   Data          72  tim.o(.bss)
    Usart1AsScreen1Type                      0x20005204   Data        1028  usart.o(.bss)
    Rx_buff                                  0x20005608   Data          50  usart.o(.bss)
    huart4                                   0x2000563c   Data          68  usart.o(.bss)
    huart5                                   0x20005680   Data          68  usart.o(.bss)
    huart1                                   0x200056c4   Data          68  usart.o(.bss)
    huart2                                   0x20005708   Data          68  usart.o(.bss)
    huart3                                   0x2000574c   Data          68  usart.o(.bss)
    huart6                                   0x20005790   Data          68  usart.o(.bss)
    hdma_uart4_rx                            0x200057d4   Data          96  usart.o(.bss)
    hdma_uart4_tx                            0x20005834   Data          96  usart.o(.bss)
    hdma_uart5_rx                            0x20005894   Data          96  usart.o(.bss)
    hdma_uart5_tx                            0x200058f4   Data          96  usart.o(.bss)
    hdma_usart1_rx                           0x20005954   Data          96  usart.o(.bss)
    hdma_usart1_tx                           0x200059b4   Data          96  usart.o(.bss)
    hdma_usart2_rx                           0x20005a14   Data          96  usart.o(.bss)
    hdma_usart2_tx                           0x20005a74   Data          96  usart.o(.bss)
    hdma_usart3_rx                           0x20005ad4   Data          96  usart.o(.bss)
    hdma_usart3_tx                           0x20005b34   Data          96  usart.o(.bss)
    hdma_usart6_rx                           0x20005b94   Data          96  usart.o(.bss)
    hdma_usart6_tx                           0x20005bf4   Data          96  usart.o(.bss)
    htim6                                    0x20005c54   Data          72  stm32f4xx_hal_timebase_tim.o(.bss)
    xQueueRegistry                           0x20005c9c   Data          64  queue.o(.bss)
    HX711Chanel                              0x20009a0c   Data         236  app_hx711_ctrl.o(.bss)
    app_i2cRxData                            0x20009af8   Data          64  app_i2c.o(.bss)
    app_i2cTxData                            0x20009b38   Data          64  app_i2c.o(.bss)
    user_i2cRxData                           0x20009b78   Data        1024  app_i2c.o(.bss)
    user_i2cTxData                           0x20009f78   Data        1024  app_i2c.o(.bss)
    SysKey                                   0x2000a378   Data          12  app_key_ctrl.o(.bss)
    STM32McuId                               0x2000a384   Data          12  app_password.o(.bss)
    flashStoreDataBuf                        0x2000a390   Data         180  app_syspara.o(.bss)
    flashStoreDataBuf_3030                   0x2000a444   Data         100  app_syspara.o(.bss)
    g_i16HelpDataBuff                        0x2000a4a8   Data          24  app_t5l_ctrl.o(.bss)
    g_i16HelpDataBuffPre                     0x2000a4c0   Data          24  app_t5l_ctrl.o(.bss)
    g_i16HelpDataBuffLarger                  0x2000a4d8   Data          24  app_t5l_ctrl.o(.bss)
    g_i16HelpDataBuffPreLarger               0x2000a4f0   Data          24  app_t5l_ctrl.o(.bss)
    g_T5L_VoiceBuff                          0x2000a5a8   Data          18  app_t5l_ctrl.o(.bss)
    SmmzHandleContex                         0x2000a5ba   Data         396  app_smmz.o(.bss)
    WzdyjHandleContex                        0x2000a748   Data         400  app_wzdyj.o(.bss)
    hUsbHostFS                               0x2000a920   Data         996  usb_host.o(.bss)
    FatfsUDisk                               0x2000ad04   Data         564  usb_essh.o(.bss)
    myFile                                   0x2000af38   Data         560  usb_essh.o(.bss)
    hhcd_USB_OTG_FS                          0x2000b168   Data         772  usbh_conf.o(.bss)
    disk                                     0x2000b48c   Data          12  ff_gen_drv.o(.bss)
    __libspace_start                         0x2000b498   Data          96  libspace.o(.bss)
    __temporary_stack_top$libspace           0x2000b4f8   Data           0  libspace.o(.bss)



==============================================================================

Memory Map of the image

  Image Entry point : 0x08000189

  Load Region LR_IROM1 (Base: 0x08000000, Size: 0x0001397c, Max: 0x00080000, ABSOLUTE, COMPRESSED[0x0000f614])

    Execution Region ER_IROM1 (Base: 0x08000000, Size: 0x0000eab0, Max: 0x00080000, ABSOLUTE)

    Base Addr    Size         Type   Attr      Idx    E Section Name        Object

    0x08000000   0x00000188   Data   RO            3    RESET               startup_stm32f407xx.o
    0x08000188   0x00000008   Code   RO         9779  * !!!main             c_w.l(__main.o)
    0x08000190   0x00000034   Code   RO        10015    !!!scatter          c_w.l(__scatter.o)
    0x080001c4   0x0000005a   Code   RO        10013    !!dczerorl2         c_w.l(__dczerorl2.o)
    0x0800021e   0x00000002   PAD
    0x08000220   0x0000001c   Code   RO        10017    !!handler_zi        c_w.l(__scatter_zi.o)
    0x0800023c   0x00000002   Code   RO         9952    .ARM.Collect$$libinit$$00000000  c_w.l(libinit.o)
    0x0800023e   0x00000004   Code   RO         9827    .ARM.Collect$$libinit$$00000001  c_w.l(libinit2.o)
    0x08000242   0x00000000   Code   RO         9830    .ARM.Collect$$libinit$$00000004  c_w.l(libinit2.o)
    0x08000242   0x00000008   Code   RO         9831    .ARM.Collect$$libinit$$00000005  c_w.l(libinit2.o)
    0x0800024a   0x00000000   Code   RO         9833    .ARM.Collect$$libinit$$0000000A  c_w.l(libinit2.o)
    0x0800024a   0x00000000   Code   RO         9835    .ARM.Collect$$libinit$$0000000C  c_w.l(libinit2.o)
    0x0800024a   0x00000000   Code   RO         9837    .ARM.Collect$$libinit$$0000000E  c_w.l(libinit2.o)
    0x0800024a   0x00000000   Code   RO         9840    .ARM.Collect$$libinit$$00000011  c_w.l(libinit2.o)
    0x0800024a   0x00000000   Code   RO         9842    .ARM.Collect$$libinit$$00000013  c_w.l(libinit2.o)
    0x0800024a   0x00000000   Code   RO         9844    .ARM.Collect$$libinit$$00000015  c_w.l(libinit2.o)
    0x0800024a   0x00000000   Code   RO         9846    .ARM.Collect$$libinit$$00000017  c_w.l(libinit2.o)
    0x0800024a   0x00000000   Code   RO         9848    .ARM.Collect$$libinit$$00000019  c_w.l(libinit2.o)
    0x0800024a   0x00000000   Code   RO         9850    .ARM.Collect$$libinit$$0000001B  c_w.l(libinit2.o)
    0x0800024a   0x00000000   Code   RO         9852    .ARM.Collect$$libinit$$0000001D  c_w.l(libinit2.o)
    0x0800024a   0x00000000   Code   RO         9854    .ARM.Collect$$libinit$$0000001F  c_w.l(libinit2.o)
    0x0800024a   0x00000000   Code   RO         9856    .ARM.Collect$$libinit$$00000021  c_w.l(libinit2.o)
    0x0800024a   0x00000000   Code   RO         9858    .ARM.Collect$$libinit$$00000023  c_w.l(libinit2.o)
    0x0800024a   0x00000000   Code   RO         9860    .ARM.Collect$$libinit$$00000025  c_w.l(libinit2.o)
    0x0800024a   0x00000000   Code   RO         9864    .ARM.Collect$$libinit$$0000002C  c_w.l(libinit2.o)
    0x0800024a   0x00000000   Code   RO         9866    .ARM.Collect$$libinit$$0000002E  c_w.l(libinit2.o)
    0x0800024a   0x00000000   Code   RO         9868    .ARM.Collect$$libinit$$00000030  c_w.l(libinit2.o)
    0x0800024a   0x00000000   Code   RO         9870    .ARM.Collect$$libinit$$00000032  c_w.l(libinit2.o)
    0x0800024a   0x00000002   Code   RO         9871    .ARM.Collect$$libinit$$00000033  c_w.l(libinit2.o)
    0x0800024c   0x00000002   Code   RO        10010    .ARM.Collect$$libshutdown$$00000000  c_w.l(libshutdown.o)
    0x0800024e   0x00000000   Code   RO         9968    .ARM.Collect$$libshutdown$$00000002  c_w.l(libshutdown2.o)
    0x0800024e   0x00000000   Code   RO         9970    .ARM.Collect$$libshutdown$$00000004  c_w.l(libshutdown2.o)
    0x0800024e   0x00000000   Code   RO         9973    .ARM.Collect$$libshutdown$$00000007  c_w.l(libshutdown2.o)
    0x0800024e   0x00000000   Code   RO         9976    .ARM.Collect$$libshutdown$$0000000A  c_w.l(libshutdown2.o)
    0x0800024e   0x00000000   Code   RO         9978    .ARM.Collect$$libshutdown$$0000000C  c_w.l(libshutdown2.o)
    0x0800024e   0x00000000   Code   RO         9981    .ARM.Collect$$libshutdown$$0000000F  c_w.l(libshutdown2.o)
    0x0800024e   0x00000002   Code   RO         9982    .ARM.Collect$$libshutdown$$00000010  c_w.l(libshutdown2.o)
    0x08000250   0x00000000   Code   RO         9795    .ARM.Collect$$rtentry$$00000000  c_w.l(__rtentry.o)
    0x08000250   0x00000000   Code   RO         9887    .ARM.Collect$$rtentry$$00000002  c_w.l(__rtentry2.o)
    0x08000250   0x00000006   Code   RO         9899    .ARM.Collect$$rtentry$$00000004  c_w.l(__rtentry4.o)
    0x08000256   0x00000000   Code   RO         9889    .ARM.Collect$$rtentry$$00000009  c_w.l(__rtentry2.o)
    0x08000256   0x00000004   Code   RO         9890    .ARM.Collect$$rtentry$$0000000A  c_w.l(__rtentry2.o)
    0x0800025a   0x00000000   Code   RO         9892    .ARM.Collect$$rtentry$$0000000C  c_w.l(__rtentry2.o)
    0x0800025a   0x00000008   Code   RO         9893    .ARM.Collect$$rtentry$$0000000D  c_w.l(__rtentry2.o)
    0x08000262   0x00000002   Code   RO         9955    .ARM.Collect$$rtexit$$00000000  c_w.l(rtexit.o)
    0x08000264   0x00000000   Code   RO         9986    .ARM.Collect$$rtexit$$00000002  c_w.l(rtexit2.o)
    0x08000264   0x00000004   Code   RO         9987    .ARM.Collect$$rtexit$$00000003  c_w.l(rtexit2.o)
    0x08000268   0x00000006   Code   RO         9988    .ARM.Collect$$rtexit$$00000004  c_w.l(rtexit2.o)
    0x0800026e   0x00000002   PAD
    0x08000270   0x000000be   Code   RO         5945    .emb_text           port.o
    0x0800032e   0x00000002   PAD
    0x08000330   0x00000000   Code   RO         9905    .emb_text           c_w.l(maybetermalloc1.o)
    0x08000330   0x00000040   Code   RO            4    .text               startup_stm32f407xx.o
    0x08000370   0x0000005e   Code   RO         9703    .text               c_w.l(h1_alloc.o)
    0x080003ce   0x0000004e   Code   RO         9705    .text               c_w.l(h1_free.o)
    0x0800041c   0x000000ee   Code   RO         9761    .text               c_w.l(lludivv7m.o)
    0x0800050a   0x0000008a   Code   RO         9765    .text               c_w.l(rt_memcpy_v6.o)
    0x08000594   0x00000064   Code   RO         9767    .text               c_w.l(rt_memcpy_w.o)
    0x080005f8   0x00000010   Code   RO         9771    .text               c_w.l(aeabi_memset.o)
    0x08000608   0x00000044   Code   RO         9773    .text               c_w.l(rt_memclr.o)
    0x0800064c   0x0000004e   Code   RO         9775    .text               c_w.l(rt_memclr_w.o)
    0x0800069a   0x00000006   Code   RO         9777    .text               c_w.l(heapauxi.o)
    0x080006a0   0x00000008   Code   RO         9803    .text               c_w.l(rt_heap_descriptor_intlibspace.o)
    0x080006a8   0x00000004   Code   RO         9805    .text               c_w.l(hguard.o)
    0x080006ac   0x0000008a   Code   RO         9807    .text               c_w.l(init_alloc.o)
    0x08000736   0x0000000e   Code   RO         9811    .text               c_w.l(h1_init.o)
    0x08000744   0x00000008   Code   RO         9883    .text               c_w.l(libspace.o)
    0x0800074c   0x00000034   Code   RO         9907    .text               c_w.l(h1_extend.o)
    0x08000780   0x0000000e   Code   RO         9911    .text               c_w.l(defsig_rtmem_outer.o)
    0x0800078e   0x00000002   Code   RO         9924    .text               c_w.l(use_no_semi.o)
    0x08000790   0x00000000   Code   RO         9926    .text               c_w.l(indicate_semi.o)
    0x08000790   0x0000004a   Code   RO         9927    .text               c_w.l(sys_stackheap_outer.o)
    0x080007da   0x00000012   Code   RO         9933    .text               c_w.l(exit.o)
    0x080007ec   0x0000000a   Code   RO         9935    .text               c_w.l(defsig_exit.o)
    0x080007f6   0x00000002   PAD
    0x080007f8   0x00000050   Code   RO         9941    .text               c_w.l(defsig_rtmem_inner.o)
    0x08000848   0x0000000c   Code   RO         9953    .text               c_w.l(sys_exit.o)
    0x08000854   0x00000032   Code   RO         9963    .text               c_w.l(defsig_general.o)
    0x08000886   0x0000000e   Code   RO         9983    .text               c_w.l(sys_wrch.o)
    0x08000894   0x00000128   Code   RO         2635    i.ADC_Init          stm32f4xx_hal_adc.o
    0x080009bc   0x0000028c   Code   RO         6025    i.BalancingData_ColorData_Handle_Prepare  app_balancingdatahandle.o
    0x08000c48   0x0000004e   Code   RO         6026    i.BalancingData_ColorData_Handle_PrepareAndJudgeAndSendToScreen  app_balancingdatahandle.o
    0x08000c96   0x00000002   PAD
    0x08000c98   0x000000d0   Code   RO         6027    i.BalancingData_ColorData_Handle_PrepareAndJudgeIfNotNeedSend  app_balancingdatahandle.o
    0x08000d68   0x0000001a   Code   RO         6028    i.BalancingData_Data16_WasSend  app_balancingdatahandle.o
    0x08000d82   0x00000002   PAD
    0x08000d84   0x0000001a   Code   RO         6029    i.BalancingData_Data32_WasSend  app_balancingdatahandle.o
    0x08000d9e   0x00000002   PAD
    0x08000da0   0x00000174   Code   RO         6030    i.BalancingData_HelpData_Handle_Prepare  app_balancingdatahandle.o
    0x08000f14   0x0000004a   Code   RO         6031    i.BalancingData_HelpData_Handle_PrepareAndJudgeAndSendToScreen  app_balancingdatahandle.o
    0x08000f5e   0x00000002   PAD
    0x08000f60   0x000000a4   Code   RO         6032    i.BalancingData_HelpData_Handle_PrepareAndJudgeIfNotNeedSend  app_balancingdatahandle.o
    0x08001004   0x00000024   Code   RO         6033    i.BalancingData_JudgeINT16_IfNotNeedSend  app_balancingdatahandle.o
    0x08001028   0x00000024   Code   RO         6034    i.BalancingData_JudgeINT32_IfNotNeedSend  app_balancingdatahandle.o
    0x0800104c   0x000000a4   Code   RO         6035    i.BalancingData_WeightData_Handle_PrepareAndJudgeAndSendToScreen  app_balancingdatahandle.o
    0x080010f0   0x0000012c   Code   RO         6036    i.BalancingData_WeightData_Handle_PrepareAndJudgeIfNotNeedSend  app_balancingdatahandle.o
    0x0800121c   0x0000005a   Code   RO         6132    i.BubbleSort        app_crc.o
    0x08001276   0x00000002   PAD
    0x08001278   0x00000040   Code   RO         6133    i.BubbleSortINT32   app_crc.o
    0x080012b8   0x00000002   Code   RO          766    i.BusFault_Handler  stm32f4xx_it.o
    0x080012ba   0x00000002   PAD
    0x080012bc   0x0000000c   Code   RO          767    i.DMA1_Stream0_IRQHandler  stm32f4xx_it.o
    0x080012c8   0x0000000c   Code   RO          768    i.DMA1_Stream1_IRQHandler  stm32f4xx_it.o
    0x080012d4   0x0000000c   Code   RO          769    i.DMA1_Stream2_IRQHandler  stm32f4xx_it.o
    0x080012e0   0x0000000c   Code   RO          770    i.DMA1_Stream3_IRQHandler  stm32f4xx_it.o
    0x080012ec   0x0000000c   Code   RO          771    i.DMA1_Stream4_IRQHandler  stm32f4xx_it.o
    0x080012f8   0x0000000c   Code   RO          772    i.DMA1_Stream5_IRQHandler  stm32f4xx_it.o
    0x08001304   0x0000000c   Code   RO          773    i.DMA1_Stream6_IRQHandler  stm32f4xx_it.o
    0x08001310   0x0000000c   Code   RO          774    i.DMA1_Stream7_IRQHandler  stm32f4xx_it.o
    0x0800131c   0x0000000c   Code   RO          775    i.DMA2_Stream1_IRQHandler  stm32f4xx_it.o
    0x08001328   0x0000000c   Code   RO          776    i.DMA2_Stream2_IRQHandler  stm32f4xx_it.o
    0x08001334   0x0000000c   Code   RO          777    i.DMA2_Stream6_IRQHandler  stm32f4xx_it.o
    0x08001340   0x0000000c   Code   RO          778    i.DMA2_Stream7_IRQHandler  stm32f4xx_it.o
    0x0800134c   0x00000028   Code   RO         1959    i.DMA_CalcBaseAndBitshift  stm32f4xx_hal_dma.o
    0x08001374   0x00000054   Code   RO         1960    i.DMA_CheckFifoParam  stm32f4xx_hal_dma.o
    0x080013c8   0x00000028   Code   RO         1961    i.DMA_SetConfig     stm32f4xx_hal_dma.o
    0x080013f0   0x00000014   Code   RO         8017    i.DataCenterHandle_Callback  app_datacenter.o
    0x08001404   0x0000004a   Code   RO         9112    i.DeInitStateMachine  usbh_core.o
    0x0800144e   0x00000002   Code   RO          779    i.DebugMon_Handler  stm32f4xx_it.o
    0x08001450   0x00000004   Code   RO           13    i.Error_Handler     main.o
    0x08001454   0x00000024   Code   RO         7946    i.ExFlashIf_SyncWriteRead_Complete  app_at24c.o
    0x08001478   0x00000060   Code   RO         7947    i.ExFlashIf_Sync_Read  app_at24c.o
    0x080014d8   0x00000074   Code   RO         7948    i.ExFlashIf_Sync_Write  app_at24c.o
    0x0800154c   0x000000c8   Code   RO         7949    i.ExFlash_CycleHandle  app_at24c.o
    0x08001614   0x00000024   Code   RO         7950    i.ExFlash_MainFunction  app_at24c.o
    0x08001638   0x0000001a   Code   RO         7951    i.ExFlash_Order_Clear  app_at24c.o
    0x08001652   0x00000002   PAD
    0x08001654   0x000000b0   Code   RO         7952    i.ExtFlash_OrderOnGoing  app_at24c.o
    0x08001704   0x0000003e   Code   RO         7953    i.ExtFlash_Order_Push  app_at24c.o
    0x08001742   0x00000006   Code   RO         9014    i.FATFS_LinkDriver  ff_gen_drv.o
    0x08001748   0x00000044   Code   RO         9015    i.FATFS_LinkDriverEx  ff_gen_drv.o
    0x0800178c   0x00000068   Code   RO         7219    i.GetFloatBalancingModelData  app_t5l_ctrl.o
    0x080017f4   0x0000014c   Code   RO         2637    i.HAL_ADC_ConfigChannel  stm32f4xx_hal_adc.o
    0x08001940   0x00000054   Code   RO         2646    i.HAL_ADC_Init      stm32f4xx_hal_adc.o
    0x08001994   0x00000060   Code   RO          459    i.HAL_ADC_MspInit   adc.o
    0x080019f4   0x00000092   Code   RO         1962    i.HAL_DMA_Abort     stm32f4xx_hal_dma.o
    0x08001a86   0x00000024   Code   RO         1963    i.HAL_DMA_Abort_IT  stm32f4xx_hal_dma.o
    0x08001aaa   0x00000002   PAD
    0x08001aac   0x000001a0   Code   RO         1967    i.HAL_DMA_IRQHandler  stm32f4xx_hal_dma.o
    0x08001c4c   0x000000d4   Code   RO         1968    i.HAL_DMA_Init      stm32f4xx_hal_dma.o
    0x08001d20   0x0000006e   Code   RO         1972    i.HAL_DMA_Start_IT  stm32f4xx_hal_dma.o
    0x08001d8e   0x00000002   PAD
    0x08001d90   0x00000024   Code   RO         2381    i.HAL_Delay         stm32f4xx_hal.o
    0x08001db4   0x000001f0   Code   RO         1855    i.HAL_GPIO_Init     stm32f4xx_hal_gpio.o
    0x08001fa4   0x0000000a   Code   RO         1857    i.HAL_GPIO_ReadPin  stm32f4xx_hal_gpio.o
    0x08001fae   0x00000010   Code   RO         1858    i.HAL_GPIO_TogglePin  stm32f4xx_hal_gpio.o
    0x08001fbe   0x0000000a   Code   RO         1859    i.HAL_GPIO_WritePin  stm32f4xx_hal_gpio.o
    0x08001fc8   0x0000000c   Code   RO         2387    i.HAL_GetTick       stm32f4xx_hal.o
    0x08001fd4   0x00000008   Code   RO         8371    i.HAL_HCD_Connect_Callback  usbh_conf.o
    0x08001fdc   0x00000008   Code   RO         8372    i.HAL_HCD_Disconnect_Callback  usbh_conf.o
    0x08001fe4   0x00000006   Code   RO         1016    i.HAL_HCD_GetCurrentFrame  stm32f4xx_hal_hcd.o
    0x08001fea   0x00000006   Code   RO         1017    i.HAL_HCD_GetCurrentSpeed  stm32f4xx_hal_hcd.o
    0x08001ff0   0x00000012   Code   RO         1020    i.HAL_HCD_HC_GetURBState  stm32f4xx_hal_hcd.o
    0x08002002   0x00000010   Code   RO         1021    i.HAL_HCD_HC_GetXferCount  stm32f4xx_hal_hcd.o
    0x08002012   0x00000024   Code   RO         1022    i.HAL_HCD_HC_Halt   stm32f4xx_hal_hcd.o
    0x08002036   0x00000076   Code   RO         1023    i.HAL_HCD_HC_Init   stm32f4xx_hal_hcd.o
    0x080020ac   0x00000008   Code   RO         8373    i.HAL_HCD_HC_NotifyURBChange_Callback  usbh_conf.o
    0x080020b4   0x0000009a   Code   RO         1025    i.HAL_HCD_HC_SubmitRequest  stm32f4xx_hal_hcd.o
    0x0800214e   0x0000013a   Code   RO         1026    i.HAL_HCD_IRQHandler  stm32f4xx_hal_hcd.o
    0x08002288   0x00000072   Code   RO         1027    i.HAL_HCD_Init      stm32f4xx_hal_hcd.o
    0x080022fa   0x00000002   PAD
    0x080022fc   0x00000084   Code   RO         8375    i.HAL_HCD_MspInit   usbh_conf.o
    0x08002380   0x00000008   Code   RO         8376    i.HAL_HCD_PortDisabled_Callback  usbh_conf.o
    0x08002388   0x00000008   Code   RO         8377    i.HAL_HCD_PortEnabled_Callback  usbh_conf.o
    0x08002390   0x00000006   Code   RO         1032    i.HAL_HCD_ResetPort  stm32f4xx_hal_hcd.o
    0x08002396   0x00000008   Code   RO         8378    i.HAL_HCD_SOF_Callback  usbh_conf.o
    0x0800239e   0x0000002c   Code   RO         1034    i.HAL_HCD_Start     stm32f4xx_hal_hcd.o
    0x080023ca   0x00000024   Code   RO         1035    i.HAL_HCD_Stop      stm32f4xx_hal_hcd.o
    0x080023ee   0x00000002   PAD
    0x080023f0   0x00000188   Code   RO         2921    i.HAL_I2C_Init      stm32f4xx_hal_i2c.o
    0x08002578   0x000001f8   Code   RO         2939    i.HAL_I2C_Mem_Read  stm32f4xx_hal_i2c.o
    0x08002770   0x00000130   Code   RO         2942    i.HAL_I2C_Mem_Write  stm32f4xx_hal_i2c.o
    0x080028a0   0x0000006c   Code   RO          525    i.HAL_I2C_MspInit   i2c.o
    0x0800290c   0x00000010   Code   RO         2393    i.HAL_IncTick       stm32f4xx_hal.o
    0x0800291c   0x00000034   Code   RO         2394    i.HAL_Init          stm32f4xx_hal.o
    0x08002950   0x00000098   Code   RO          974    i.HAL_InitTick      stm32f4xx_hal_timebase_tim.o
    0x080029e8   0x00000038   Code   RO          950    i.HAL_MspInit       stm32f4xx_hal_msp.o
    0x08002a20   0x0000001a   Code   RO         2244    i.HAL_NVIC_EnableIRQ  stm32f4xx_hal_cortex.o
    0x08002a3a   0x00000002   PAD
    0x08002a3c   0x00000040   Code   RO         2250    i.HAL_NVIC_SetPriority  stm32f4xx_hal_cortex.o
    0x08002a7c   0x00000024   Code   RO         2251    i.HAL_NVIC_SetPriorityGrouping  stm32f4xx_hal_cortex.o
    0x08002aa0   0x00000024   Code   RO         2252    i.HAL_NVIC_SystemReset  stm32f4xx_hal_cortex.o
    0x08002ac4   0x00000134   Code   RO         1501    i.HAL_RCC_ClockConfig  stm32f4xx_hal_rcc.o
    0x08002bf8   0x00000040   Code   RO         1505    i.HAL_RCC_GetClockConfig  stm32f4xx_hal_rcc.o
    0x08002c38   0x00000020   Code   RO         1508    i.HAL_RCC_GetPCLK1Freq  stm32f4xx_hal_rcc.o
    0x08002c58   0x00000020   Code   RO         1509    i.HAL_RCC_GetPCLK2Freq  stm32f4xx_hal_rcc.o
    0x08002c78   0x00000064   Code   RO         1510    i.HAL_RCC_GetSysClockFreq  stm32f4xx_hal_rcc.o
    0x08002cdc   0x0000036c   Code   RO         1513    i.HAL_RCC_OscConfig  stm32f4xx_hal_rcc.o
    0x08003048   0x00000002   Code   RO         4066    i.HAL_TIMEx_BreakCallback  stm32f4xx_hal_tim_ex.o
    0x0800304a   0x00000002   Code   RO         4067    i.HAL_TIMEx_CommutCallback  stm32f4xx_hal_tim_ex.o
    0x0800304c   0x00000090   Code   RO         4085    i.HAL_TIMEx_MasterConfigSynchronization  stm32f4xx_hal_tim_ex.o
    0x080030dc   0x0000005a   Code   RO         3362    i.HAL_TIM_Base_Init  stm32f4xx_hal_tim.o
    0x08003136   0x00000002   PAD
    0x08003138   0x00000028   Code   RO          567    i.HAL_TIM_Base_MspInit  tim.o
    0x08003160   0x00000080   Code   RO         3367    i.HAL_TIM_Base_Start_IT  stm32f4xx_hal_tim.o
    0x080031e0   0x00000002   Code   RO         3396    i.HAL_TIM_IC_CaptureCallback  stm32f4xx_hal_tim.o
    0x080031e2   0x00000166   Code   RO         3410    i.HAL_TIM_IRQHandler  stm32f4xx_hal_tim.o
    0x08003348   0x00000002   Code   RO         3413    i.HAL_TIM_OC_DelayElapsedCallback  stm32f4xx_hal_tim.o
    0x0800334a   0x00000002   Code   RO         3440    i.HAL_TIM_PWM_PulseFinishedCallback  stm32f4xx_hal_tim.o
    0x0800334c   0x00000014   Code   RO           14    i.HAL_TIM_PeriodElapsedCallback  main.o
    0x08003360   0x00000002   Code   RO         3453    i.HAL_TIM_TriggerCallback  stm32f4xx_hal_tim.o
    0x08003362   0x00000002   Code   RO         4344    i.HAL_UARTEx_RxEventCallback  stm32f4xx_hal_uart.o
    0x08003364   0x00000070   Code   RO         4356    i.HAL_UART_DMAStop  stm32f4xx_hal_uart.o
    0x080033d4   0x00000002   Code   RO         4358    i.HAL_UART_ErrorCallback  stm32f4xx_hal_uart.o
    0x080033d6   0x00000002   PAD
    0x080033d8   0x00000268   Code   RO         4361    i.HAL_UART_IRQHandler  stm32f4xx_hal_uart.o
    0x08003640   0x00000062   Code   RO         4362    i.HAL_UART_Init     stm32f4xx_hal_uart.o
    0x080036a2   0x00000002   PAD
    0x080036a4   0x000004b8   Code   RO          609    i.HAL_UART_MspInit  usart.o
    0x08003b5c   0x0000002a   Code   RO         4366    i.HAL_UART_Receive_DMA  stm32f4xx_hal_uart.o
    0x08003b86   0x0000002a   Code   RO         4367    i.HAL_UART_Receive_IT  stm32f4xx_hal_uart.o
    0x08003bb0   0x00000018   Code   RO          610    i.HAL_UART_RxCpltCallback  usart.o
    0x08003bc8   0x00000002   Code   RO         4369    i.HAL_UART_RxHalfCpltCallback  stm32f4xx_hal_uart.o
    0x08003bca   0x00000002   PAD
    0x08003bcc   0x0000008c   Code   RO         4371    i.HAL_UART_Transmit_DMA  stm32f4xx_hal_uart.o
    0x08003c58   0x00000044   Code   RO          611    i.HAL_UART_TxCpltCallback  usart.o
    0x08003c9c   0x00000002   Code   RO         4374    i.HAL_UART_TxHalfCpltCallback  stm32f4xx_hal_uart.o
    0x08003c9e   0x000001ea   Code   RO         1037    i.HCD_HC_IN_IRQHandler  stm32f4xx_hal_hcd.o
    0x08003e88   0x0000021c   Code   RO         1038    i.HCD_HC_OUT_IRQHandler  stm32f4xx_hal_hcd.o
    0x080040a4   0x00000094   Code   RO         1039    i.HCD_Port_IRQHandler  stm32f4xx_hal_hcd.o
    0x08004138   0x0000008c   Code   RO         1040    i.HCD_RXQLVL_IRQHandler  stm32f4xx_hal_hcd.o
    0x080041c4   0x00000002   Code   RO          780    i.HardFault_Handler  stm32f4xx_it.o
    0x080041c6   0x0000002e   Code   RO         2963    i.I2C_IsAcknowledgeFailed  stm32f4xx_hal_i2c.o
    0x080041f4   0x000000fc   Code   RO         2973    i.I2C_RequestMemoryRead  stm32f4xx_hal_i2c.o
    0x080042f0   0x000000a8   Code   RO         2974    i.I2C_RequestMemoryWrite  stm32f4xx_hal_i2c.o
    0x08004398   0x0000004c   Code   RO         2978    i.I2C_WaitOnBTFFlagUntilTimeout  stm32f4xx_hal_i2c.o
    0x080043e4   0x00000068   Code   RO         2979    i.I2C_WaitOnFlagUntilTimeout  stm32f4xx_hal_i2c.o
    0x0800444c   0x00000096   Code   RO         2980    i.I2C_WaitOnMasterAddressFlagUntilTimeout  stm32f4xx_hal_i2c.o
    0x080044e2   0x00000066   Code   RO         2981    i.I2C_WaitOnRXNEFlagUntilTimeout  stm32f4xx_hal_i2c.o
    0x08004548   0x0000004c   Code   RO         2982    i.I2C_WaitOnTXEFlagUntilTimeout  stm32f4xx_hal_i2c.o
    0x08004594   0x00000024   Code   RO         8018    i.InnerScreenDataCenterHandle_CaculateCrc16  app_datacenter.o
    0x080045b8   0x0000002e   Code   RO         8020    i.InnerScreenDataCenterHandle_CheckAll_jobStatus_Complete  app_datacenter.o
    0x080045e6   0x0000001e   Code   RO         8021    i.InnerScreenDataCenterHandle_ClearAll_jobStatus  app_datacenter.o
    0x08004604   0x0000005a   Code   RO         8022    i.InnerScreenDataCenterHandle_Clear_CfgInfo_WeightType  app_datacenter.o
    0x0800465e   0x00000002   PAD
    0x08004660   0x00000124   Code   RO         8024    i.InnerScreenDataCenterHandle_EntryData_Prepare_dc_weight_dc_type_and_dc_range  app_datacenter.o
    0x08004784   0x00000024   Code   RO         8025    i.InnerScreenDataCenterHandle_Init  app_datacenter.o
    0x080047a8   0x000000b0   Code   RO         8026    i.InnerScreenDataCenterHandle_Init_OrderTriger  app_datacenter.o
    0x08004858   0x00000100   Code   RO         8027    i.InnerScreenDataCenterHandle_MainFunction  app_datacenter.o
    0x08004958   0x0000024a   Code   RO         8029    i.InnerScreenDataCenterHandle_QueueEntry  app_datacenter.o
    0x08004ba2   0x0000001a   Code   RO         8034    i.InnerScreenDataCenterHandle_Set_jobStatus  app_datacenter.o
    0x08004bbc   0x0000004c   Code   RO         8035    i.InnerScreenDataCenterHandle_UseWeight_Classification  app_datacenter.o
    0x08004c08   0x00000052   Code   RO         6849    i.LedCtrlSendPulse  app_led_ctrl.o
    0x08004c5a   0x00000002   PAD
    0x08004c5c   0x00000068   Code   RO         6850    i.LedDataSet        app_led_ctrl.o
    0x08004cc4   0x00000088   Code   RO         8330    i.MSC_Application   usb_essh.o
    0x08004d4c   0x00000064   Code   RO          460    i.MX_ADC1_Init      adc.o
    0x08004db0   0x000000ec   Code   RO          500    i.MX_DMA_Init       dma.o
    0x08004e9c   0x00000018   Code   RO         8564    i.MX_DriverVbusFS   usbh_platform.o
    0x08004eb4   0x0000001c   Code   RO         8252    i.MX_FATFS_Init     fatfs.o
    0x08004ed0   0x0000003c   Code   RO          391    i.MX_FREERTOS_Init  freertos.o
    0x08004f0c   0x000001f0   Code   RO          367    i.MX_GPIO_Init      gpio.o
    0x080050fc   0x00000040   Code   RO          526    i.MX_I2C1_Init      i2c.o
    0x0800513c   0x00000044   Code   RO          568    i.MX_TIM7_Init      tim.o
    0x08005180   0x00000038   Code   RO          612    i.MX_UART4_Init     usart.o
    0x080051b8   0x00000038   Code   RO          613    i.MX_UART5_Init     usart.o
    0x080051f0   0x00000038   Code   RO          614    i.MX_USART1_UART_Init  usart.o
    0x08005228   0x00000038   Code   RO          615    i.MX_USART2_UART_Init  usart.o
    0x08005260   0x00000038   Code   RO          616    i.MX_USART3_UART_Init  usart.o
    0x08005298   0x00000038   Code   RO          617    i.MX_USART6_UART_Init  usart.o
    0x080052d0   0x00000040   Code   RO         8290    i.MX_USB_HOST_Init  usb_host.o
    0x08005310   0x00000002   Code   RO          781    i.MemManage_Handler  stm32f4xx_it.o
    0x08005312   0x00000002   PAD
    0x08005314   0x00000038   Code   RO         6968    i.ModbusRtu_init    app_modbus_rtu_ctrl.o
    0x0800534c   0x00000002   Code   RO          782    i.NMI_Handler       stm32f4xx_it.o
    0x0800534e   0x00000002   PAD
    0x08005350   0x0000000c   Code   RO          783    i.OTG_FS_IRQHandler  stm32f4xx_it.o
    0x0800535c   0x0000003c   Code   RO         7082    i.STM32CheckPassWord  app_password.o
    0x08005398   0x00000064   Code   RO         7860    i.SmmzHandle_Mainfunction  app_smmz.o
    0x080053fc   0x00000038   Code   RO         7861    i.Smmz_TrigReadCode  app_smmz.o
    0x08005434   0x00000038   Code   RO         7863    i.Smmz_TrigReset    app_smmz.o
    0x0800546c   0x0000002c   Code   RO          392    i.StartDefaultTask  freertos.o
    0x08005498   0x0000000c   Code   RO          393    i.StartappTask1Ms   freertos.o
    0x080054a4   0x0000002c   Code   RO         5946    i.SysTick_Handler   port.o
    0x080054d0   0x00000098   Code   RO           15    i.SystemClock_Config  main.o
    0x08005568   0x00000010   Code   RO         4691    i.SystemInit        system_stm32f4xx.o
    0x08005578   0x00000018   Code   RO          784    i.TIM6_DAC_IRQHandler  stm32f4xx_it.o
    0x08005590   0x000000c8   Code   RO         3455    i.TIM_Base_SetConfig  stm32f4xx_hal_tim.o
    0x08005658   0x00000018   Code   RO          785    i.UART4_IRQHandler  stm32f4xx_it.o
    0x08005670   0x00000018   Code   RO          786    i.UART5_IRQHandler  stm32f4xx_it.o
    0x08005688   0x00000010   Code   RO         4375    i.UART_DMAAbortOnError  stm32f4xx_hal_uart.o
    0x08005698   0x0000004a   Code   RO         4376    i.UART_DMAError     stm32f4xx_hal_uart.o
    0x080056e2   0x00000082   Code   RO         4377    i.UART_DMAReceiveCplt  stm32f4xx_hal_uart.o
    0x08005764   0x0000001a   Code   RO         4379    i.UART_DMARxHalfCplt  stm32f4xx_hal_uart.o
    0x0800577e   0x00000042   Code   RO         4381    i.UART_DMATransmitCplt  stm32f4xx_hal_uart.o
    0x080057c0   0x0000000a   Code   RO         4383    i.UART_DMATxHalfCplt  stm32f4xx_hal_uart.o
    0x080057ca   0x0000004e   Code   RO         4385    i.UART_EndRxTransfer  stm32f4xx_hal_uart.o
    0x08005818   0x0000001c   Code   RO         4386    i.UART_EndTxTransfer  stm32f4xx_hal_uart.o
    0x08005834   0x000000c0   Code   RO         4387    i.UART_Receive_IT   stm32f4xx_hal_uart.o
    0x080058f4   0x0000010c   Code   RO         4388    i.UART_SetConfig    stm32f4xx_hal_uart.o
    0x08005a00   0x00000094   Code   RO         4389    i.UART_Start_Receive_DMA  stm32f4xx_hal_uart.o
    0x08005a94   0x0000003a   Code   RO         4390    i.UART_Start_Receive_IT  stm32f4xx_hal_uart.o
    0x08005ace   0x00000002   PAD
    0x08005ad0   0x00000018   Code   RO          787    i.USART1_IRQHandler  stm32f4xx_it.o
    0x08005ae8   0x00000018   Code   RO          788    i.USART2_IRQHandler  stm32f4xx_it.o
    0x08005b00   0x00000018   Code   RO          789    i.USART3_IRQHandler  stm32f4xx_it.o
    0x08005b18   0x00000018   Code   RO          790    i.USART6_IRQHandler  stm32f4xx_it.o
    0x08005b30   0x00000038   Code   RO         7818    i.USART_HW_Choice   hal_uart.o
    0x08005b68   0x00000028   Code   RO         9452    i.USBH_AllocPipe    usbh_pipes.o
    0x08005b90   0x00000026   Code   RO         9380    i.USBH_BulkReceiveData  usbh_ioreq.o
    0x08005bb6   0x00000030   Code   RO         9381    i.USBH_BulkSendData  usbh_ioreq.o
    0x08005be6   0x0000000a   Code   RO         9453    i.USBH_ClosePipe    usbh_pipes.o
    0x08005bf0   0x0000001e   Code   RO         9266    i.USBH_ClrFeature   usbh_ctlreq.o
    0x08005c0e   0x00000026   Code   RO         9382    i.USBH_CtlReceiveData  usbh_ioreq.o
    0x08005c34   0x00000068   Code   RO         9267    i.USBH_CtlReq       usbh_ctlreq.o
    0x08005c9c   0x00000030   Code   RO         9383    i.USBH_CtlSendData  usbh_ioreq.o
    0x08005ccc   0x00000024   Code   RO         9384    i.USBH_CtlSendSetup  usbh_ioreq.o
    0x08005cf0   0x00000004   Code   RO         8379    i.USBH_Delay        usbh_conf.o
    0x08005cf4   0x0000004c   Code   RO         9114    i.USBH_FindInterface  usbh_core.o
    0x08005d40   0x00000018   Code   RO         9454    i.USBH_FreePipe     usbh_pipes.o
    0x08005d58   0x00000040   Code   RO         9268    i.USBH_GetDescriptor  usbh_ctlreq.o
    0x08005d98   0x00000020   Code   RO         9455    i.USBH_GetFreePipe  usbh_pipes.o
    0x08005db8   0x0000000e   Code   RO         9269    i.USBH_GetNextDesc  usbh_ctlreq.o
    0x08005dc6   0x0000002e   Code   RO         9270    i.USBH_Get_CfgDesc  usbh_ctlreq.o
    0x08005df4   0x0000002e   Code   RO         9271    i.USBH_Get_DevDesc  usbh_ctlreq.o
    0x08005e22   0x0000002e   Code   RO         9272    i.USBH_Get_StringDesc  usbh_ctlreq.o
    0x08005e50   0x00000024   Code   RO         8380    i.USBH_Get_USB_Status  usbh_conf.o
    0x08005e74   0x000002ca   Code   RO         9273    i.USBH_HandleControl  usbh_ctlreq.o
    0x0800613e   0x00000294   Code   RO         9117    i.USBH_HandleEnum   usbh_core.o
    0x080063d2   0x00000014   Code   RO         9118    i.USBH_HandleSof    usbh_core.o
    0x080063e6   0x00000002   PAD
    0x080063e8   0x00000084   Code   RO         9119    i.USBH_Init         usbh_core.o
    0x0800646c   0x00000012   Code   RO         8381    i.USBH_LL_ClosePipe  usbh_conf.o
    0x0800647e   0x00000022   Code   RO         9121    i.USBH_LL_Connect   usbh_core.o
    0x080064a0   0x0000003e   Code   RO         9122    i.USBH_LL_Disconnect  usbh_core.o
    0x080064de   0x0000001a   Code   RO         8383    i.USBH_LL_DriverVBUS  usbh_conf.o
    0x080064f8   0x00000008   Code   RO         8384    i.USBH_LL_GetLastXferSize  usbh_conf.o
    0x08006500   0x00000022   Code   RO         8385    i.USBH_LL_GetSpeed  usbh_conf.o
    0x08006522   0x00000024   Code   RO         8386    i.USBH_LL_GetToggle  usbh_conf.o
    0x08006546   0x00000008   Code   RO         8387    i.USBH_LL_GetURBState  usbh_conf.o
    0x0800654e   0x0000000e   Code   RO         9123    i.USBH_LL_IncTimer  usbh_core.o
    0x0800655c   0x00000050   Code   RO         8388    i.USBH_LL_Init      usbh_conf.o
    0x080065ac   0x00000016   Code   RO         9124    i.USBH_LL_NotifyURBChange  usbh_core.o
    0x080065c2   0x00000026   Code   RO         8389    i.USBH_LL_OpenPipe  usbh_conf.o
    0x080065e8   0x00000008   Code   RO         9125    i.USBH_LL_PortDisabled  usbh_core.o
    0x080065f0   0x00000014   Code   RO         9126    i.USBH_LL_PortEnabled  usbh_core.o
    0x08006604   0x00000012   Code   RO         8390    i.USBH_LL_ResetPort  usbh_conf.o
    0x08006616   0x00000006   Code   RO         9127    i.USBH_LL_SetTimer  usbh_core.o
    0x0800661c   0x00000026   Code   RO         8391    i.USBH_LL_SetToggle  usbh_conf.o
    0x08006642   0x00000012   Code   RO         8392    i.USBH_LL_Start     usbh_conf.o
    0x08006654   0x00000012   Code   RO         8393    i.USBH_LL_Stop      usbh_conf.o
    0x08006666   0x0000002a   Code   RO         8394    i.USBH_LL_SubmitURB  usbh_conf.o
    0x08006690   0x00000024   Code   RO         9590    i.USBH_MSC_BOT_Abort  usbh_msc_bot.o
    0x080066b4   0x00000024   Code   RO         9591    i.USBH_MSC_BOT_Init  usbh_msc_bot.o
    0x080066d8   0x000002e8   Code   RO         9592    i.USBH_MSC_BOT_Process  usbh_msc_bot.o
    0x080069c0   0x00000016   Code   RO         9593    i.USBH_MSC_BOT_REQ_GetMaxLUN  usbh_msc_bot.o
    0x080069d6   0x00000018   Code   RO         9594    i.USBH_MSC_BOT_REQ_Reset  usbh_msc_bot.o
    0x080069ee   0x0000007c   Code   RO         9499    i.USBH_MSC_ClassRequest  usbh_msc.o
    0x08006a6a   0x00000002   PAD
    0x08006a6c   0x0000004c   Code   RO         9595    i.USBH_MSC_DecodeCSW  usbh_msc_bot.o
    0x08006ab8   0x00000070   Code   RO         9500    i.USBH_MSC_GetLUNInfo  usbh_msc.o
    0x08006b28   0x0000004c   Code   RO         9502    i.USBH_MSC_InterfaceDeInit  usbh_msc.o
    0x08006b74   0x00000122   Code   RO         9503    i.USBH_MSC_InterfaceInit  usbh_msc.o
    0x08006c96   0x0000036a   Code   RO         9505    i.USBH_MSC_Process  usbh_msc.o
    0x08007000   0x000000f2   Code   RO         9506    i.USBH_MSC_RdWrProcess  usbh_msc.o
    0x080070f2   0x0000009a   Code   RO         9507    i.USBH_MSC_Read     usbh_msc.o
    0x0800718c   0x000000e4   Code   RO         9646    i.USBH_MSC_SCSI_Inquiry  usbh_msc_scsi.o
    0x08007270   0x0000009c   Code   RO         9647    i.USBH_MSC_SCSI_Read  usbh_msc_scsi.o
    0x0800730c   0x0000008c   Code   RO         9648    i.USBH_MSC_SCSI_ReadCapacity  usbh_msc_scsi.o
    0x08007398   0x00000098   Code   RO         9649    i.USBH_MSC_SCSI_RequestSense  usbh_msc_scsi.o
    0x08007430   0x0000004e   Code   RO         9650    i.USBH_MSC_SCSI_TestUnitReady  usbh_msc_scsi.o
    0x0800747e   0x0000009a   Code   RO         9651    i.USBH_MSC_SCSI_Write  usbh_msc_scsi.o
    0x08007518   0x00000004   Code   RO         9508    i.USBH_MSC_SOFProcess  usbh_msc.o
    0x0800751c   0x00000026   Code   RO         9509    i.USBH_MSC_UnitIsReady  usbh_msc.o
    0x08007542   0x0000009a   Code   RO         9510    i.USBH_MSC_Write    usbh_msc.o
    0x080075dc   0x0000001e   Code   RO         9456    i.USBH_OpenPipe     usbh_pipes.o
    0x080075fa   0x00000136   Code   RO         9274    i.USBH_ParseCfgDesc  usbh_ctlreq.o
    0x08007730   0x0000006c   Code   RO         9275    i.USBH_ParseDevDesc  usbh_ctlreq.o
    0x0800779c   0x00000096   Code   RO         9276    i.USBH_ParseEPDesc  usbh_ctlreq.o
    0x08007832   0x00000026   Code   RO         9277    i.USBH_ParseInterfaceDesc  usbh_ctlreq.o
    0x08007858   0x00000034   Code   RO         9278    i.USBH_ParseStringDesc  usbh_ctlreq.o
    0x0800788c   0x00000322   Code   RO         9128    i.USBH_Process      usbh_core.o
    0x08007bae   0x0000002c   Code   RO         9129    i.USBH_Process_OS   usbh_core.o
    0x08007bda   0x00000022   Code   RO         9131    i.USBH_RegisterClass  usbh_core.o
    0x08007bfc   0x00000016   Code   RO         9132    i.USBH_SelectInterface  usbh_core.o
    0x08007c12   0x0000001c   Code   RO         9279    i.USBH_SetAddress   usbh_ctlreq.o
    0x08007c2e   0x0000001c   Code   RO         9280    i.USBH_SetCfg       usbh_ctlreq.o
    0x08007c4a   0x0000001c   Code   RO         9281    i.USBH_SetFeature   usbh_ctlreq.o
    0x08007c66   0x00000016   Code   RO         9133    i.USBH_Start        usbh_core.o
    0x08007c7c   0x00000028   Code   RO         8291    i.USBH_UserProcess  usb_host.o
    0x08007ca4   0x00000004   Code   RO         8184    i.USBH_initialize   usbh_diskio.o
    0x08007ca8   0x00000070   Code   RO         8185    i.USBH_ioctl        usbh_diskio.o
    0x08007d18   0x00000044   Code   RO         8186    i.USBH_read         usbh_diskio.o
    0x08007d5c   0x00000018   Code   RO         8187    i.USBH_status       usbh_diskio.o
    0x08007d74   0x0000004c   Code   RO         8188    i.USBH_write        usbh_diskio.o
    0x08007dc0   0x00000074   Code   RO         1200    i.USB_CoreInit      stm32f4xx_ll_usb.o
    0x08007e34   0x00000040   Code   RO         1201    i.USB_CoreReset     stm32f4xx_ll_usb.o
    0x08007e74   0x0000000c   Code   RO         1208    i.USB_DisableGlobalInt  stm32f4xx_ll_usb.o
    0x08007e80   0x00000024   Code   RO         1209    i.USB_DoPing        stm32f4xx_ll_usb.o
    0x08007ea4   0x0000002c   Code   RO         1210    i.USB_DriveVbus     stm32f4xx_ll_usb.o
    0x08007ed0   0x0000000c   Code   RO         1217    i.USB_EnableGlobalInt  stm32f4xx_ll_usb.o
    0x08007edc   0x0000003c   Code   RO         1218    i.USB_FlushRxFifo   stm32f4xx_ll_usb.o
    0x08007f18   0x00000040   Code   RO         1219    i.USB_FlushTxFifo   stm32f4xx_ll_usb.o
    0x08007f58   0x00000008   Code   RO         1220    i.USB_GetCurrentFrame  stm32f4xx_ll_usb.o
    0x08007f60   0x0000000e   Code   RO         1222    i.USB_GetHostSpeed  stm32f4xx_ll_usb.o
    0x08007f6e   0x00000008   Code   RO         1223    i.USB_GetMode       stm32f4xx_ll_usb.o
    0x08007f76   0x000000c4   Code   RO         1224    i.USB_HC_Halt       stm32f4xx_ll_usb.o
    0x0800803a   0x00000002   PAD
    0x0800803c   0x0000010a   Code   RO         1225    i.USB_HC_Init       stm32f4xx_ll_usb.o
    0x08008146   0x00000008   Code   RO         1226    i.USB_HC_ReadInterrupt  stm32f4xx_ll_usb.o
    0x0800814e   0x00000140   Code   RO         1227    i.USB_HC_StartXfer  stm32f4xx_ll_usb.o
    0x0800828e   0x00000002   PAD
    0x08008290   0x000000d0   Code   RO         1228    i.USB_HostInit      stm32f4xx_ll_usb.o
    0x08008360   0x00000036   Code   RO         1229    i.USB_InitFSLSPClkSel  stm32f4xx_ll_usb.o
    0x08008396   0x00000008   Code   RO         1234    i.USB_ReadInterrupts  stm32f4xx_ll_usb.o
    0x0800839e   0x0000003e   Code   RO         1235    i.USB_ReadPacket    stm32f4xx_ll_usb.o
    0x080083dc   0x00000032   Code   RO         1236    i.USB_ResetPort     stm32f4xx_ll_usb.o
    0x0800840e   0x0000005c   Code   RO         1237    i.USB_SetCurrentMode  stm32f4xx_ll_usb.o
    0x0800846a   0x0000008a   Code   RO         1242    i.USB_StopHost      stm32f4xx_ll_usb.o
    0x080084f4   0x00000028   Code   RO         1243    i.USB_WritePacket   stm32f4xx_ll_usb.o
    0x0800851c   0x00000002   Code   RO          791    i.UsageFault_Handler  stm32f4xx_it.o
    0x0800851e   0x00000002   PAD
    0x08008520   0x00000050   Code   RO          618    i.Usart1AsScreen1Receive_IDLE  usart.o
    0x08008570   0x00000050   Code   RO          619    i.Usart2AsScreen2Receive_IDLE  usart.o
    0x080085c0   0x00000064   Code   RO          620    i.Usart3WithXXReceive_IDLE  usart.o
    0x08008624   0x00000068   Code   RO          621    i.Usart4WithRS485Receive_IDLE  usart.o
    0x0800868c   0x00000068   Code   RO          622    i.Usart5WithYYReceive_IDLE  usart.o
    0x080086f4   0x00000064   Code   RO          623    i.Usart6WithZZReceive_IDLE  usart.o
    0x08008758   0x0000003c   Code   RO         7915    i.WzdyjHandle_Mainfunction  app_wzdyj.o
    0x08008794   0x00000020   Code   RO         2257    i.__NVIC_SetPriority  stm32f4xx_hal_cortex.o
    0x080087b4   0x00000038   Code   RO         7195    i.appScreenCfgIndexGet  app_t5l_cfg.o
    0x080087ec   0x000000a0   Code   RO         6464    i.app_HAL_I2C_Master_Read  app_i2c.o
    0x0800888c   0x0000009c   Code   RO         6465    i.app_HAL_I2C_Master_Transmit  app_i2c.o
    0x08008928   0x00000034   Code   RO         6912    i.app_main_task     app_main_task.o
    0x0800895c   0x00000016   Code   RO         6852    i.balaningColorClear  app_led_ctrl.o
    0x08008972   0x00000002   PAD
    0x08008974   0x00000038   Code   RO         6134    i.cal_crc16         app_crc.o
    0x080089ac   0x00000074   Code   RO         8643    i.check_fs          ff.o
    0x08008a20   0x00000010   Code   RO         8644    i.chk_chr           ff.o
    0x08008a30   0x00000070   Code   RO         8645    i.chk_lock          ff.o
    0x08008aa0   0x00000088   Code   RO         7221    i.clearLocalCalibrationKAndBAndSample  app_t5l_ctrl.o
    0x08008b28   0x00000058   Code   RO         7222    i.clearLocalCalibrationRecordData  app_t5l_ctrl.o
    0x08008b80   0x00000024   Code   RO         8646    i.clear_lock        ff.o
    0x08008ba4   0x00000028   Code   RO         8647    i.clmt_clust        ff.o
    0x08008bcc   0x00000018   Code   RO         8648    i.clust2sect        ff.o
    0x08008be4   0x00000024   Code   RO         7223    i.color_clearAllColor  app_t5l_ctrl.o
    0x08008c08   0x000000ba   Code   RO         8649    i.create_chain      ff.o
    0x08008cc2   0x00000002   PAD
    0x08008cc4   0x000000fc   Code   RO         8650    i.create_name       ff.o
    0x08008dc0   0x00000030   Code   RO         8651    i.dec_lock          ff.o
    0x08008df0   0x0000004a   Code   RO         8652    i.dir_alloc         ff.o
    0x08008e3a   0x00000058   Code   RO         8653    i.dir_find          ff.o
    0x08008e92   0x00000126   Code   RO         8654    i.dir_next          ff.o
    0x08008fb8   0x0000003c   Code   RO         8656    i.dir_register      ff.o
    0x08008ff4   0x000000a4   Code   RO         8658    i.dir_sdi           ff.o
    0x08009098   0x0000002c   Code   RO         8588    i.disk_initialize   diskio.o
    0x080090c4   0x0000001c   Code   RO         8589    i.disk_ioctl        diskio.o
    0x080090e0   0x00000020   Code   RO         8590    i.disk_read         diskio.o
    0x08009100   0x00000018   Code   RO         8591    i.disk_status       diskio.o
    0x08009118   0x00000020   Code   RO         8592    i.disk_write        diskio.o
    0x08009138   0x00000028   Code   RO         8659    i.enq_lock          ff.o
    0x08009160   0x00000038   Code   RO         6222    i.externalScreenRxHandle_RemoveWeightTriger  app_externalscreenrxhandle.o
    0x08009198   0x0000001c   Code   RO         6223    i.externalScreenRxHandle_Version  app_externalscreenrxhandle.o
    0x080091b4   0x00000070   Code   RO         6260    i.externalScreenTxHandle_ChangeDisplayPosition  app_externalscreentxhandle.o
    0x08009224   0x00000320   Code   RO         6261    i.externalScreenTxHandle_Init  app_externalscreentxhandle.o
    0x08009544   0x00000034   Code   RO         6262    i.externalScreenTxHandle_JumpToBanlingPage  app_externalscreentxhandle.o
    0x08009578   0x00000024   Code   RO         6263    i.externalScreenTxHandle_ScreenInit  app_externalscreentxhandle.o
    0x0800959c   0x00000030   Code   RO         6264    i.externalScreenTxHandle_ScreenWeightAndColorAndHelpHandle  app_externalscreentxhandle.o
    0x080095cc   0x00000034   Code   RO         8660    i.f_close           ff.o
    0x08009600   0x00000098   Code   RO         8667    i.f_mount           ff.o
    0x08009698   0x00000218   Code   RO         8668    i.f_open            ff.o
    0x080098b0   0x000000aa   Code   RO         8677    i.f_sync            ff.o
    0x0800995a   0x00000218   Code   RO         8680    i.f_write           ff.o
    0x08009b72   0x00000020   Code   RO         9064    i.ff_cre_syncobj    syscall.o
    0x08009b92   0x0000000a   Code   RO         9065    i.ff_del_syncobj    syscall.o
    0x08009b9c   0x00000004   Code   RO         9066    i.ff_rel_grant      syscall.o
    0x08009ba0   0x00000014   Code   RO         9067    i.ff_req_grant      syscall.o
    0x08009bb4   0x000002ec   Code   RO         8681    i.find_volume       ff.o
    0x08009ea0   0x00000086   Code   RO         8682    i.follow_path       ff.o
    0x08009f26   0x00000002   PAD
    0x08009f28   0x00000008   Code   RO         6318    i.getChanelStruct   app_hx711_ctrl.o
    0x08009f30   0x0000000c   Code   RO         6969    i.getModbusOtherRemoveFlag  app_modbus_rtu_ctrl.o
    0x08009f3c   0x00000038   Code   RO         7224    i.getSysColorWhichUsable  app_t5l_ctrl.o
    0x08009f74   0x0000000c   Code   RO          792    i.get_SysTick_ByTimer  stm32f4xx_it.o
    0x08009f80   0x000000c4   Code   RO         8683    i.get_fat           ff.o
    0x0800a044   0x00000004   Code   RO         8253    i.get_fattime       fatfs.o
    0x0800a048   0x0000004e   Code   RO         8685    i.get_ldnumber      ff.o
    0x0800a096   0x00000018   Code   RO         7745    i.hal_delay_ms      hal_delay.o
    0x0800a0ae   0x00000010   Code   RO         7747    i.hal_delay_us      hal_delay.o
    0x0800a0be   0x00000002   PAD
    0x0800a0c0   0x00000024   Code   RO         7772    i.hal_di_get        hal_gpio.o
    0x0800a0e4   0x00000018   Code   RO         7773    i.hal_gpio_TogglePin  hal_gpio.o
    0x0800a0fc   0x0000001c   Code   RO         7774    i.hal_gpio_set_do_high  hal_gpio.o
    0x0800a118   0x0000001c   Code   RO         7775    i.hal_gpio_set_do_low  hal_gpio.o
    0x0800a134   0x000000bc   Code   RO         7819    i.hal_uart_choice   hal_uart.o
    0x0800a1f0   0x00000068   Code   RO         7820    i.hal_uart_tx_bytes  hal_uart.o
    0x0800a258   0x000000c4   Code   RO         6320    i.hx711_AllChanelSample  app_hx711_ctrl.o
    0x0800a31c   0x0000002c   Code   RO         6321    i.hx711_DataSampleCtrl  app_hx711_ctrl.o
    0x0800a348   0x0000004c   Code   RO         6322    i.hx711_MainFunction  app_hx711_ctrl.o
    0x0800a394   0x000000b4   Code   RO         6325    i.hx711_SampleFunction  app_hx711_ctrl.o
    0x0800a448   0x0000017c   Code   RO         6326    i.hx711_SenserCheck  app_hx711_ctrl.o
    0x0800a5c4   0x0000009a   Code   RO         6327    i.hx711_SigChanelAvrgAndWeightCalc  app_hx711_ctrl.o
    0x0800a65e   0x00000002   PAD
    0x0800a660   0x00000014   Code   RO         6328    i.hx711_getAvgSample  app_hx711_ctrl.o
    0x0800a674   0x00000078   Code   RO         6329    i.hx711_getWeight   app_hx711_ctrl.o
    0x0800a6ec   0x000000a8   Code   RO         6330    i.hx711_init        app_hx711_ctrl.o
    0x0800a794   0x00000050   Code   RO         6331    i.hx711_setAllRemoveWeight  app_hx711_ctrl.o
    0x0800a7e4   0x0000000c   Code   RO         5509    i.inHandlerMode     cmsis_os.o
    0x0800a7f0   0x00000094   Code   RO         8686    i.inc_lock          ff.o
    0x0800a884   0x00000040   Code   RO         6574    i.innerScreenRxHandle_CalibrateAddressSet  app_innerscreenrxhandle.o
    0x0800a8c4   0x00000036   Code   RO         6575    i.innerScreenRxHandle_CalibrateChanelSet  app_innerscreenrxhandle.o
    0x0800a8fa   0x000000ba   Code   RO         6576    i.innerScreenRxHandle_CalibratePointSampleAndSet  app_innerscreenrxhandle.o
    0x0800a9b4   0x0000008a   Code   RO         6577    i.innerScreenRxHandle_CalibratePointSet  app_innerscreenrxhandle.o
    0x0800aa3e   0x00000022   Code   RO         6578    i.innerScreenRxHandle_JumpToBalancingClearnPage  app_innerscreenrxhandle.o
    0x0800aa60   0x00000022   Code   RO         6579    i.innerScreenRxHandle_JumpToBalancingHomePage  app_innerscreenrxhandle.o
    0x0800aa82   0x00000022   Code   RO         6580    i.innerScreenRxHandle_JumpToBalancingPage  app_innerscreenrxhandle.o
    0x0800aaa4   0x00000038   Code   RO         6581    i.innerScreenRxHandle_JumpToCalibrateOrActivePage  app_innerscreenrxhandle.o
    0x0800aadc   0x00000026   Code   RO         6582    i.innerScreenRxHandle_JumpToSysParaPage  app_innerscreenrxhandle.o
    0x0800ab02   0x00000002   PAD
    0x0800ab04   0x00000038   Code   RO         6583    i.innerScreenRxHandle_RemoveWeightTriger  app_innerscreenrxhandle.o
    0x0800ab3c   0x00000118   Code   RO         6584    i.innerScreenRxHandle_SysPara  app_innerscreenrxhandle.o
    0x0800ac54   0x0000002a   Code   RO         6585    i.innerScreenRxHandle_SysPassWord  app_innerscreenrxhandle.o
    0x0800ac7e   0x00000024   Code   RO         6586    i.innerScreenRxHandle_SystemReset  app_innerscreenrxhandle.o
    0x0800aca2   0x0000001c   Code   RO         6587    i.innerScreenRxHandle_Version  app_innerscreenrxhandle.o
    0x0800acbe   0x00000002   PAD
    0x0800acc0   0x0000001c   Code   RO         6588    i.innerScreenRxHandle_VoicePrintfStatusFromScreen  app_innerscreenrxhandle.o
    0x0800acdc   0x00000016   Code   RO         6702    i.innerScreenTxHandle_ScreenInit  app_innerscreentxhandle.o
    0x0800acf2   0x00000002   PAD
    0x0800acf4   0x00000034   Code   RO         6703    i.innerScreenTxHandle_ScreenWeightAndColorAndHelpAndVoiceHandle  app_innerscreentxhandle.o
    0x0800ad28   0x00000020   Code   RO         6800    i.key_FilterGet     app_key_ctrl.o
    0x0800ad48   0x0000008c   Code   RO         6801    i.key_MainFunction  app_key_ctrl.o
    0x0800add4   0x00000048   Code   RO         6802    i.key_filter        app_key_ctrl.o
    0x0800ae1c   0x00000030   Code   RO         6803    i.key_init          app_key_ctrl.o
    0x0800ae4c   0x00000026   Code   RO         8687    i.ld_clust          ff.o
    0x0800ae72   0x00000016   Code   RO         8688    i.ld_dword          ff.o
    0x0800ae88   0x0000000a   Code   RO         8689    i.ld_word           ff.o
    0x0800ae92   0x00000002   PAD
    0x0800ae94   0x0000007c   Code   RO         6853    i.led_MainFunction  app_led_ctrl.o
    0x0800af10   0x00000022   Code   RO         6854    i.led_RunIndicate   app_led_ctrl.o
    0x0800af32   0x00000040   Code   RO         6855    i.led_init          app_led_ctrl.o
    0x0800af72   0x00000016   Code   RO         8690    i.lock_fs           ff.o
    0x0800af88   0x00000104   Code   RO           16    i.main              main.o
    0x0800b08c   0x0000000c   Code   RO         5511    i.makeFreeRtosPriority  cmsis_os.o
    0x0800b098   0x00000018   Code   RO         8691    i.mem_cmp           ff.o
    0x0800b0b0   0x00000012   Code   RO         8692    i.mem_cpy           ff.o
    0x0800b0c2   0x0000000c   Code   RO         8693    i.mem_set           ff.o
    0x0800b0ce   0x00000034   Code   RO         8694    i.move_window       ff.o
    0x0800b102   0x0000000e   Code   RO         5513    i.osDelay           cmsis_os.o
    0x0800b110   0x0000000a   Code   RO         5516    i.osKernelStart     cmsis_os.o
    0x0800b11a   0x00000026   Code   RO         5525    i.osMessageCreate   cmsis_os.o
    0x0800b140   0x00000094   Code   RO         5527    i.osMessageGet      cmsis_os.o
    0x0800b1d4   0x0000005c   Code   RO         5529    i.osMessagePut      cmsis_os.o
    0x0800b230   0x0000003e   Code   RO         5542    i.osSemaphoreCreate  cmsis_os.o
    0x0800b26e   0x00000018   Code   RO         5543    i.osSemaphoreDelete  cmsis_os.o
    0x0800b286   0x00000002   PAD
    0x0800b288   0x00000050   Code   RO         5545    i.osSemaphoreRelease  cmsis_os.o
    0x0800b2d8   0x00000064   Code   RO         5546    i.osSemaphoreWait   cmsis_os.o
    0x0800b33c   0x00000054   Code   RO         5550    i.osThreadCreate    cmsis_os.o
    0x0800b390   0x00000020   Code   RO         7231    i.pointSampleTrigerDataSet  app_t5l_ctrl.o
    0x0800b3b0   0x00000028   Code   RO         7232    i.pointTrigerDataSet  app_t5l_ctrl.o
    0x0800b3d8   0x00000020   Code   RO         7233    i.pointWeightTrigerDataSet  app_t5l_ctrl.o
    0x0800b3f8   0x00000070   Code   RO         5193    i.prvAddCurrentTaskToDelayedList  tasks.o
    0x0800b468   0x000000d0   Code   RO         5194    i.prvAddNewTaskToReadyList  tasks.o
    0x0800b538   0x00000026   Code   RO         4869    i.prvCopyDataFromQueue  queue.o
    0x0800b55e   0x0000006c   Code   RO         4870    i.prvCopyDataToQueue  queue.o
    0x0800b5ca   0x00000034   Code   RO         5195    i.prvDeleteTCB      tasks.o
    0x0800b5fe   0x00000002   PAD
    0x0800b600   0x0000004c   Code   RO         5878    i.prvHeapInit       heap_4.o
    0x0800b64c   0x00000060   Code   RO         5196    i.prvIdleTask       tasks.o
    0x0800b6ac   0x00000016   Code   RO         4872    i.prvInitialiseNewQueue  queue.o
    0x0800b6c2   0x00000098   Code   RO         5197    i.prvInitialiseNewTask  tasks.o
    0x0800b75a   0x00000002   PAD
    0x0800b75c   0x0000004c   Code   RO         5879    i.prvInsertBlockIntoFreeList  heap_4.o
    0x0800b7a8   0x0000001c   Code   RO         4873    i.prvIsQueueEmpty   queue.o
    0x0800b7c4   0x00000020   Code   RO         5198    i.prvResetNextTaskUnblockTime  tasks.o
    0x0800b7e4   0x00000028   Code   RO         5947    i.prvTaskExitError  port.o
    0x0800b80c   0x0000006a   Code   RO         4874    i.prvUnlockQueue    queue.o
    0x0800b876   0x00000102   Code   RO         8695    i.put_fat           ff.o
    0x0800b978   0x000000dc   Code   RO         5880    i.pvPortMalloc      heap_4.o
    0x0800ba54   0x00000018   Code   RO         5200    i.pvTaskIncrementMutexHeldCount  tasks.o
    0x0800ba6c   0x0000002c   Code   RO         5948    i.pxPortInitialiseStack  port.o
    0x0800ba98   0x00000134   Code   RO         7122    i.readSysDataFromFlash  app_syspara.o
    0x0800bbcc   0x00000110   Code   RO         7123    i.readSysDataFromFlash_3030  app_syspara.o
    0x0800bcdc   0x00000028   Code   RO         7238    i.releaseSysColor   app_t5l_ctrl.o
    0x0800bd04   0x0000007e   Code   RO         8699    i.remove_chain      ff.o
    0x0800bd82   0x00000028   Code   RO         6333    i.sampleDataPush    app_hx711_ctrl.o
    0x0800bdaa   0x00000002   PAD
    0x0800bdac   0x000000fc   Code   RO         7239    i.screenPrivate_ChanelChangedTrigerHandle  app_t5l_ctrl.o
    0x0800bea8   0x0000011c   Code   RO         7240    i.screenPrivate_Init  app_t5l_ctrl.o
    0x0800bfc4   0x000000a0   Code   RO         7241    i.screenPrivate_PointTrigerHandle  app_t5l_ctrl.o
    0x0800c064   0x00000080   Code   RO         7242    i.screenPrivate_RemoveWeightTrigerHandle  app_t5l_ctrl.o
    0x0800c0e4   0x0000009c   Code   RO         7243    i.screenPrivate_ResetCalibrationTrigerHandle  app_t5l_ctrl.o
    0x0800c180   0x00000022   Code   RO         7247    i.screenPublic_ChanelChangedTrigerHandle  app_t5l_ctrl.o
    0x0800c1a2   0x00000002   PAD
    0x0800c1a4   0x0000007c   Code   RO         7249    i.screenPublic_CurrentDevice_WeightDataPrepare  app_t5l_ctrl.o
    0x0800c220   0x000000b0   Code   RO         7250    i.screenPublic_FreshDisplayPosition_Of_HelpVlu  app_t5l_ctrl.o
    0x0800c2d0   0x0000007a   Code   RO         7251    i.screenPublic_FreshDisplayPosition_Of_OtherMisc  app_t5l_ctrl.o
    0x0800c34a   0x00000076   Code   RO         7252    i.screenPublic_FreshDisplayPosition_Of_WeightColor  app_t5l_ctrl.o
    0x0800c3c0   0x0000007a   Code   RO         7253    i.screenPublic_FreshDisplayPosition_Of_WeightIndex  app_t5l_ctrl.o
    0x0800c43a   0x00000002   PAD
    0x0800c43c   0x000000ac   Code   RO         7254    i.screenPublic_FreshDisplayPosition_Of_WeightVlu  app_t5l_ctrl.o
    0x0800c4e8   0x0000001c   Code   RO         7256    i.screenPublic_Init  app_t5l_ctrl.o
    0x0800c504   0x00000048   Code   RO         7257    i.screenPublic_OtherDevice_WeightDataPrepare  app_t5l_ctrl.o
    0x0800c54c   0x00000040   Code   RO         7258    i.screenPublic_PageJump  app_t5l_ctrl.o
    0x0800c58c   0x00000022   Code   RO         7259    i.screenPublic_PointTrigerHandle  app_t5l_ctrl.o
    0x0800c5ae   0x00000036   Code   RO         7260    i.screenPublic_RemoveWeightTrigerHandle  app_t5l_ctrl.o
    0x0800c5e4   0x00000022   Code   RO         7261    i.screenPublic_ResetCalibrationTrigerHandle  app_t5l_ctrl.o
    0x0800c606   0x00000002   PAD
    0x0800c608   0x00000054   Code   RO         7262    i.screenPublic_ScreenLight  app_t5l_ctrl.o
    0x0800c65c   0x0000000a   Code   RO         7263    i.screenPublic_ScreenVersionGet  app_t5l_ctrl.o
    0x0800c666   0x00000002   PAD
    0x0800c668   0x000000c4   Code   RO         7264    i.screenPublic_VoicePrintfMainfunction  app_t5l_ctrl.o
    0x0800c72c   0x00000080   Code   RO         7268    i.screenT5L_OutputVoice  app_t5l_ctrl.o
    0x0800c7ac   0x00000106   Code   RO         7269    i.screenT5L_RxFunction  app_t5l_ctrl.o
    0x0800c8b2   0x00000002   PAD
    0x0800c8b4   0x0000002e   Code   RO         7270    i.screenT5L_TxFunction  app_t5l_ctrl.o
    0x0800c8e2   0x00000016   Code   RO         7271    i.sdweAskRegData    app_t5l_ctrl.o
    0x0800c8f8   0x00000050   Code   RO         7272    i.sdweAskVaribleData  app_t5l_ctrl.o
    0x0800c948   0x00000078   Code   RO         7273    i.sdwe_VoicePrintfPop  app_t5l_ctrl.o
    0x0800c9c0   0x00000038   Code   RO         7274    i.sdwe_VoicePrintfPush  app_t5l_ctrl.o
    0x0800c9f8   0x0000000c   Code   RO         6971    i.setModbusDataValid  app_modbus_rtu_ctrl.o
    0x0800ca04   0x0000000c   Code   RO         6972    i.setModbusOtherRemoveFlag  app_modbus_rtu_ctrl.o
    0x0800ca10   0x0000000c   Code   RO         6973    i.setModbusSelfRemoveFlag  app_modbus_rtu_ctrl.o
    0x0800ca1c   0x00000018   Code   RO         6335    i.setSampleWeightValue  app_hx711_ctrl.o
    0x0800ca34   0x00000038   Code   RO         7277    i.sreenT5L_MainFunction  app_t5l_ctrl.o
    0x0800ca6c   0x00000028   Code   RO         8700    i.st_clust          ff.o
    0x0800ca94   0x00000014   Code   RO         8701    i.st_dword          ff.o
    0x0800caa8   0x0000000a   Code   RO         8702    i.st_word           ff.o
    0x0800cab2   0x00000002   PAD
    0x0800cab4   0x00000114   Code   RO         7124    i.storeSysDataToFlash  app_syspara.o
    0x0800cbc8   0x0000024c   Code   RO         7125    i.storeSysDataToFlash_3030  app_syspara.o
    0x0800ce14   0x0000008c   Code   RO         8703    i.sync_fs           ff.o
    0x0800cea0   0x00000056   Code   RO         8704    i.sync_window       ff.o
    0x0800cef6   0x00000002   PAD
    0x0800cef8   0x0000007c   Code   RO         7278    i.t5lDisPlayDataClear  app_t5l_ctrl.o
    0x0800cf74   0x00000088   Code   RO         7279    i.t5lReadVarible    app_t5l_ctrl.o
    0x0800cffc   0x000000ca   Code   RO         7280    i.t5lWriteData      app_t5l_ctrl.o
    0x0800d0c6   0x00000002   PAD
    0x0800d0c8   0x000000c0   Code   RO         7282    i.t5lWriteVarible   app_t5l_ctrl.o
    0x0800d188   0x000000e8   Code   RO         6336    i.trigerCalcKB      app_hx711_ctrl.o
    0x0800d270   0x00000018   Code   RO         8705    i.unlock_fs         ff.o
    0x0800d288   0x00000026   Code   RO         4829    i.uxListRemove      list.o
    0x0800d2ae   0x00000002   PAD
    0x0800d2b0   0x00000014   Code   RO          394    i.vApplicationGetIdleTaskMemory  freertos.o
    0x0800d2c4   0x00000016   Code   RO         4830    i.vListInitialise   list.o
    0x0800d2da   0x00000006   Code   RO         4831    i.vListInitialiseItem  list.o
    0x0800d2e0   0x00000030   Code   RO         4832    i.vListInsert       list.o
    0x0800d310   0x00000018   Code   RO         4833    i.vListInsertEnd    list.o
    0x0800d328   0x00000040   Code   RO         5950    i.vPortEnterCritical  port.o
    0x0800d368   0x00000028   Code   RO         5951    i.vPortExitCritical  port.o
    0x0800d390   0x00000064   Code   RO         5881    i.vPortFree         heap_4.o
    0x0800d3f4   0x00000024   Code   RO         5952    i.vPortSetupTimerInterrupt  port.o
    0x0800d418   0x00000054   Code   RO         5953    i.vPortValidateInterruptPriority  port.o
    0x0800d46c   0x0000002e   Code   RO         4879    i.vQueueDelete      queue.o
    0x0800d49a   0x00000002   PAD
    0x0800d49c   0x00000028   Code   RO         4880    i.vQueueUnregisterQueue  queue.o
    0x0800d4c4   0x0000004c   Code   RO         5207    i.vTaskDelay        tasks.o
    0x0800d510   0x00000010   Code   RO         5210    i.vTaskInternalSetTimeOutState  tasks.o
    0x0800d520   0x0000000c   Code   RO         5211    i.vTaskMissedYield  tasks.o
    0x0800d52c   0x00000030   Code   RO         5213    i.vTaskPlaceOnEventList  tasks.o
    0x0800d55c   0x000000a0   Code   RO         5215    i.vTaskPriorityDisinheritAfterTimeout  tasks.o
    0x0800d5fc   0x0000006c   Code   RO         5220    i.vTaskStartScheduler  tasks.o
    0x0800d668   0x00000010   Code   RO         5222    i.vTaskSuspendAll   tasks.o
    0x0800d678   0x0000005c   Code   RO         5223    i.vTaskSwitchContext  tasks.o
    0x0800d6d4   0x0000004e   Code   RO         8706    i.validate          ff.o
    0x0800d722   0x00000002   PAD
    0x0800d724   0x000000f4   Code   RO         5954    i.xPortStartScheduler  port.o
    0x0800d818   0x00000042   Code   RO         4883    i.xQueueGenericCreate  queue.o
    0x0800d85a   0x00000066   Code   RO         4884    i.xQueueGenericCreateStatic  queue.o
    0x0800d8c0   0x00000088   Code   RO         4885    i.xQueueGenericReset  queue.o
    0x0800d948   0x00000160   Code   RO         4886    i.xQueueGenericSend  queue.o
    0x0800daa8   0x000000be   Code   RO         4887    i.xQueueGenericSendFromISR  queue.o
    0x0800db66   0x0000009c   Code   RO         4888    i.xQueueGiveFromISR  queue.o
    0x0800dc02   0x00000002   PAD
    0x0800dc04   0x00000138   Code   RO         4893    i.xQueueReceive     queue.o
    0x0800dd3c   0x0000009a   Code   RO         4894    i.xQueueReceiveFromISR  queue.o
    0x0800ddd6   0x00000002   PAD
    0x0800ddd8   0x00000178   Code   RO         4895    i.xQueueSemaphoreTake  queue.o
    0x0800df50   0x00000074   Code   RO         5225    i.xTaskCheckForTimeOut  tasks.o
    0x0800dfc4   0x0000005a   Code   RO         5226    i.xTaskCreate       tasks.o
    0x0800e01e   0x00000056   Code   RO         5227    i.xTaskCreateStatic  tasks.o
    0x0800e074   0x0000001c   Code   RO         5231    i.xTaskGetSchedulerState  tasks.o
    0x0800e090   0x000000cc   Code   RO         5234    i.xTaskIncrementTick  tasks.o
    0x0800e15c   0x00000098   Code   RO         5237    i.xTaskPriorityDisinherit  tasks.o
    0x0800e1f4   0x0000008c   Code   RO         5238    i.xTaskPriorityInherit  tasks.o
    0x0800e280   0x00000074   Code   RO         5239    i.xTaskRemoveFromEventList  tasks.o
    0x0800e2f4   0x000000c4   Code   RO         5240    i.xTaskResumeAll    tasks.o
    0x0800e3b8   0x00000062   Code   RO         9781    x$fpl$d2f           fz_wm.l(d2f.o)
    0x0800e41a   0x00000018   Code   RO         9920    x$fpl$dcmpinf       fz_wm.l(dcmpi.o)
    0x0800e432   0x0000002e   Code   RO         9784    x$fpl$dflt          fz_wm.l(dflt_clz.o)
    0x0800e460   0x00000026   Code   RO         9783    x$fpl$dfltu         fz_wm.l(dflt_clz.o)
    0x0800e486   0x00000002   PAD
    0x0800e488   0x00000078   Code   RO         9872    x$fpl$dleqf         fz_wm.l(dleqf.o)
    0x0800e500   0x00000154   Code   RO         9789    x$fpl$dmul          fz_wm.l(dmul.o)
    0x0800e654   0x0000009c   Code   RO         9874    x$fpl$dnaninf       fz_wm.l(dnaninf.o)
    0x0800e6f0   0x0000000c   Code   RO         9876    x$fpl$dretinf       fz_wm.l(dretinf.o)
    0x0800e6fc   0x0000006c   Code   RO         9791    x$fpl$drleqf        fz_wm.l(drleqf.o)
    0x0800e768   0x0000000a   Code   RO         9922    x$fpl$fpinit        fz_wm.l(fpinit.o)
    0x0800e772   0x0000000a   Code   RO         9878    x$fpl$fretinf       fz_wm.l(fretinf.o)
    0x0800e77c   0x00000000   Code   RO         9880    x$fpl$usenofp       fz_wm.l(usenofp.o)
    0x0800e77c   0x00000038   Data   RO          396    .constdata          freertos.o
    0x0800e7b4   0x00000008   Data   RO         1974    .constdata          stm32f4xx_hal_dma.o
    0x0800e7bc   0x00000010   Data   RO         4692    .constdata          system_stm32f4xx.o
    0x0800e7cc   0x00000008   Data   RO         4693    .constdata          system_stm32f4xx.o
    0x0800e7d4   0x00000200   Data   RO         6135    .constdata          app_crc.o
    0x0800e9d4   0x00000028   Data   RO         6338    .constdata          app_hx711_ctrl.o
    0x0800e9fc   0x0000000c   Data   RO         7287    .constdata          app_t5l_ctrl.o
    0x0800ea08   0x00000020   Data   RO         7776    .constdata          hal_gpio.o
    0x0800ea28   0x00000014   Data   RO         8189    .constdata          usbh_diskio.o
    0x0800ea3c   0x0000002c   Data   RO         9135    .constdata          usbh_core.o
    0x0800ea68   0x00000017   Data   RO          397    .conststring        freertos.o
    0x0800ea7f   0x00000001   PAD
    0x0800ea80   0x0000000c   Data   RO         9136    .conststring        usbh_core.o
    0x0800ea8c   0x00000004   Data   RO         9511    .conststring        usbh_msc.o
    0x0800ea90   0x00000020   Data   RO        10011    Region$$Table       anon$$obj.o


    Execution Region RW_IRAM1 (Base: 0x20000000, Size: 0x0000bcf8, Max: 0x00020000, ABSOLUTE, COMPRESSED[0x00000b64])

    Base Addr    Size         Type   Attr      Idx    E Section Name        Object

    0x20000000   0x0000000c   Data   RW          398    .data               freertos.o
    0x2000000c   0x00000004   Data   RW          793    .data               stm32f4xx_it.o
    0x20000010   0x0000000c   Data   RW         2401    .data               stm32f4xx_hal.o
    0x2000001c   0x00000004   Data   RW         4694    .data               system_stm32f4xx.o
    0x20000020   0x0000003c   Data   RW         5243    .data               tasks.o
    0x2000005c   0x00000020   Data   RW         5887    .data               heap_4.o
    0x2000007c   0x0000000c   Data   RW         5955    .data               port.o
    0x20000088   0x00000040   Data   RW         6038    .data               app_balancingdatahandle.o
    0x200000c8   0x00000020   Data   RW         6162    .data               app_externalscreen_cfg.o
    0x200000e8   0x00000020   Data   RW         6163    .data               app_externalscreen_cfg.o
    0x20000108   0x00000020   Data   RW         6164    .data               app_externalscreen_cfg.o
    0x20000128   0x00000020   Data   RW         6165    .data               app_externalscreen_cfg.o
    0x20000148   0x00000004   Data   RW         6166    .data               app_externalscreen_cfg.o
    0x2000014c   0x00000020   Data   RW         6167    .data               app_externalscreen_cfg.o
    0x2000016c   0x00000020   Data   RW         6168    .data               app_externalscreen_cfg.o
    0x2000018c   0x00000020   Data   RW         6169    .data               app_externalscreen_cfg.o
    0x200001ac   0x00000020   Data   RW         6170    .data               app_externalscreen_cfg.o
    0x200001cc   0x00000004   Data   RW         6171    .data               app_externalscreen_cfg.o
    0x200001d0   0x00000020   Data   RW         6172    .data               app_externalscreen_cfg.o
    0x200001f0   0x00000020   Data   RW         6173    .data               app_externalscreen_cfg.o
    0x20000210   0x00000020   Data   RW         6174    .data               app_externalscreen_cfg.o
    0x20000230   0x00000020   Data   RW         6175    .data               app_externalscreen_cfg.o
    0x20000250   0x00000004   Data   RW         6176    .data               app_externalscreen_cfg.o
    0x20000254   0x00000020   Data   RW         6177    .data               app_externalscreen_cfg.o
    0x20000274   0x00000024   Data   RW         6178    .data               app_externalscreen_cfg.o
    0x20000298   0x00000020   Data   RW         6179    .data               app_externalscreen_cfg.o
    0x200002b8   0x00000020   Data   RW         6180    .data               app_externalscreen_cfg.o
    0x200002d8   0x00000004   Data   RW         6181    .data               app_externalscreen_cfg.o
    0x200002dc   0x00000060   Data   RW         6182    .data               app_externalscreen_cfg.o
    0x2000033c   0x00000060   Data   RW         6183    .data               app_externalscreen_cfg.o
    0x2000039c   0x00000090   Data   RW         6184    .data               app_externalscreen_cfg.o
    0x2000042c   0x00000090   Data   RW         6185    .data               app_externalscreen_cfg.o
    0x200004bc   0x00000060   Data   RW         6186    .data               app_externalscreen_cfg.o
    0x2000051c   0x00000020   Data   RW         6187    .data               app_externalscreen_cfg.o
    0x2000053c   0x000000c0   Data   RW         6188    .data               app_externalscreen_cfg.o
    0x200005fc   0x000000c0   Data   RW         6189    .data               app_externalscreen_cfg.o
    0x200006bc   0x000000d8   Data   RW         6190    .data               app_externalscreen_cfg.o
    0x20000794   0x000000d8   Data   RW         6191    .data               app_externalscreen_cfg.o
    0x2000086c   0x000000c0   Data   RW         6192    .data               app_externalscreen_cfg.o
    0x2000092c   0x00000040   Data   RW         6193    .data               app_externalscreen_cfg.o
    0x2000096c   0x0000000c   Data   RW         6194    .data               app_externalscreen_cfg.o
    0x20000978   0x0000000c   Data   RW         6195    .data               app_externalscreen_cfg.o
    0x20000984   0x0000000c   Data   RW         6196    .data               app_externalscreen_cfg.o
    0x20000990   0x0000000c   Data   RW         6197    .data               app_externalscreen_cfg.o
    0x2000099c   0x00000110   Data   RW         6198    .data               app_externalscreen_cfg.o
    0x20000aac   0x00000010   Data   RW         6225    .data               app_externalscreenrxhandle.o
    0x20000abc   0x00000028   Data   RW         6265    .data               app_externalscreentxhandle.o
    0x20000ae4   0x00000015   Data   RW         6339    .data               app_hx711_ctrl.o
    0x20000af9   0x00000003   PAD
    0x20000afc   0x00000038   Data   RW         6468    .data               app_i2c.o
    0x20000b34   0x00000020   Data   RW         6517    .data               app_innerscreen_cfg.o
    0x20000b54   0x00000020   Data   RW         6518    .data               app_innerscreen_cfg.o
    0x20000b74   0x00000020   Data   RW         6519    .data               app_innerscreen_cfg.o
    0x20000b94   0x00000004   Data   RW         6521    .data               app_innerscreen_cfg.o
    0x20000b98   0x00000010   Data   RW         6522    .data               app_innerscreen_cfg.o
    0x20000ba8   0x00000018   Data   RW         6523    .data               app_innerscreen_cfg.o
    0x20000bc0   0x00000010   Data   RW         6524    .data               app_innerscreen_cfg.o
    0x20000bd0   0x00000010   Data   RW         6525    .data               app_innerscreen_cfg.o
    0x20000be0   0x00000004   Data   RW         6526    .data               app_innerscreen_cfg.o
    0x20000be4   0x00000020   Data   RW         6527    .data               app_innerscreen_cfg.o
    0x20000c04   0x00000020   Data   RW         6528    .data               app_innerscreen_cfg.o
    0x20000c24   0x00000020   Data   RW         6529    .data               app_innerscreen_cfg.o
    0x20000c44   0x00000004   Data   RW         6531    .data               app_innerscreen_cfg.o
    0x20000c48   0x00000010   Data   RW         6532    .data               app_innerscreen_cfg.o
    0x20000c58   0x00000018   Data   RW         6533    .data               app_innerscreen_cfg.o
    0x20000c70   0x00000010   Data   RW         6534    .data               app_innerscreen_cfg.o
    0x20000c80   0x00000010   Data   RW         6535    .data               app_innerscreen_cfg.o
    0x20000c90   0x00000004   Data   RW         6536    .data               app_innerscreen_cfg.o
    0x20000c94   0x00000060   Data   RW         6537    .data               app_innerscreen_cfg.o
    0x20000cf4   0x00000060   Data   RW         6538    .data               app_innerscreen_cfg.o
    0x20000d54   0x00000090   Data   RW         6539    .data               app_innerscreen_cfg.o
    0x20000de4   0x00000090   Data   RW         6540    .data               app_innerscreen_cfg.o
    0x20000e74   0x00000060   Data   RW         6543    .data               app_innerscreen_cfg.o
    0x20000ed4   0x00000060   Data   RW         6544    .data               app_innerscreen_cfg.o
    0x20000f34   0x0000000c   Data   RW         6545    .data               app_innerscreen_cfg.o
    0x20000f40   0x0000000c   Data   RW         6546    .data               app_innerscreen_cfg.o
    0x20000f4c   0x0000000c   Data   RW         6547    .data               app_innerscreen_cfg.o
    0x20000f58   0x0000000c   Data   RW         6548    .data               app_innerscreen_cfg.o
    0x20000f64   0x00000020   Data   RW         6549    .data               app_innerscreen_cfg.o
    0x20000f84   0x00000110   Data   RW         6550    .data               app_innerscreen_cfg.o
    0x20001094   0x00000001   Data   RW         6589    .data               app_innerscreenrxhandle.o
    0x20001095   0x00000003   PAD
    0x20001098   0x00000078   Data   RW         6590    .data               app_innerscreenrxhandle.o
    0x20001110   0x00000028   Data   RW         6704    .data               app_innerscreentxhandle.o
    0x20001138   0x00000003   Data   RW         6805    .data               app_key_ctrl.o
    0x2000113b   0x00000008   Data   RW         6856    .data               app_led_ctrl.o
    0x20001143   0x00000001   PAD
    0x20001144   0x00000004   Data   RW         6913    .data               app_main_task.o
    0x20001148   0x0000032c   Data   RW         6974    .data               app_modbus_rtu_ctrl.o
    0x20001474   0x00000034   Data   RW         7085    .data               app_password.o
    0x200014a8   0x00000068   Data   RW         7127    .data               app_syspara.o
    0x20001510   0x00000664   Data   RW         7288    .data               app_t5l_ctrl.o
    0x20001b74   0x00000040   Data   RW         7777    .data               hal_gpio.o
    0x20001bb4   0x00000138   Data   RW         7821    .data               hal_uart.o
    0x20001cec   0x00000002   Data   RW         7866    .data               app_smmz.o
    0x20001cee   0x00000010   Data   RW         7917    .data               app_wzdyj.o
    0x20001cfe   0x00000002   PAD
    0x20001d00   0x00000114   Data   RW         7954    .data               app_at24c.o
    0x20001e14   0x00000004   PAD
    0x20001e18   0x00003000   Data   RW         8037    .data               app_datacenter.o
    0x20004e18   0x00000050   Data   RW         8038    .data               app_datacenter.o
    0x20004e68   0x00000005   Data   RW         8256    .data               fatfs.o
    0x20004e6d   0x00000001   Data   RW         8293    .data               usb_host.o
    0x20004e6e   0x00000035   Data   RW         8334    .data               usb_essh.o
    0x20004ea3   0x00000001   PAD
    0x20004ea4   0x00000008   Data   RW         8709    .data               ff.o
    0x20004eac   0x00000020   Data   RW         9512    .data               usbh_msc.o
    0x20004ecc   0x00000254   Zero   RW          395    .bss                freertos.o
    0x20005120   0x00000048   Zero   RW          461    .bss                adc.o
    0x20005168   0x00000054   Zero   RW          527    .bss                i2c.o
    0x200051bc   0x00000048   Zero   RW          569    .bss                tim.o
    0x20005204   0x00000a50   Zero   RW          624    .bss                usart.o
    0x20005c54   0x00000048   Zero   RW          977    .bss                stm32f4xx_hal_timebase_tim.o
    0x20005c9c   0x00000040   Zero   RW         4896    .bss                queue.o
    0x20005cdc   0x000000f0   Zero   RW         5242    .bss                tasks.o
    0x20005dcc   0x00003c00   Zero   RW         5886    .bss                heap_4.o
    0x200099cc   0x00000040   Zero   RW         6037    .bss                app_balancingdatahandle.o
    0x20009a0c   0x000000ec   Zero   RW         6337    .bss                app_hx711_ctrl.o
    0x20009af8   0x00000880   Zero   RW         6467    .bss                app_i2c.o
    0x2000a378   0x0000000c   Zero   RW         6804    .bss                app_key_ctrl.o
    0x2000a384   0x0000000c   Zero   RW         7084    .bss                app_password.o
    0x2000a390   0x00000118   Zero   RW         7126    .bss                app_syspara.o
    0x2000a4a8   0x00000112   Zero   RW         7286    .bss                app_t5l_ctrl.o
    0x2000a5ba   0x0000018c   Zero   RW         7865    .bss                app_smmz.o
    0x2000a746   0x00000002   PAD
    0x2000a748   0x00000190   Zero   RW         7916    .bss                app_wzdyj.o
    0x2000a8d8   0x00000048   Zero   RW         8036    .bss                app_datacenter.o
    0x2000a920   0x000003e4   Zero   RW         8292    .bss                usb_host.o
    0x2000ad04   0x00000464   Zero   RW         8331    .bss                usb_essh.o
    0x2000b168   0x00000304   Zero   RW         8395    .bss                usbh_conf.o
    0x2000b46c   0x00000020   Zero   RW         8707    .bss                ff.o
    0x2000b48c   0x0000000c   Zero   RW         9018    .bss                ff_gen_drv.o
    0x2000b498   0x00000060   Zero   RW         9884    .bss                c_w.l(libspace.o)
    0x2000b4f8   0x00000400   Zero   RW            2    HEAP                startup_stm32f407xx.o
    0x2000b8f8   0x00000400   Zero   RW            1    STACK               startup_stm32f407xx.o


==============================================================================

Image component sizes


      Code (inc. data)   RO Data    RW Data    ZI Data      Debug   Object Name

       196         26          0          0         72       1785   adc.o
       748         42          0        276          0       9068   app_at24c.o
      2136         56          0         64         64      12801   app_balancingdatahandle.o
       210          6        512          0          0       3117   app_crc.o
      1670         38          0      12368         72      17753   app_datacenter.o
         0          0          0       2532          0       5798   app_externalscreen_cfg.o
        84          4          0         16          0      13048   app_externalscreenrxhandle.o
      1048         30          0         40          0      16418   app_externalscreentxhandle.o
      1722        132         40         21        236      14505   app_hx711_ctrl.o
       316         18          0         56       2176       5422   app_i2c.o
         0          0          0       1376          0       3433   app_innerscreen_cfg.o
      1108         50          0        121          0      22937   app_innerscreenrxhandle.o
        74          4          0         40          0      13131   app_innerscreentxhandle.o
       292         22          0          3         12       3948   app_key_ctrl.o
       430         16          0          8          0       5237   app_led_ctrl.o
        52          6          0          4          0       6469   app_main_task.o
       104         26          0        812          0       6180   app_modbus_rtu_ctrl.o
        60         10          0         52         12       1534   app_password.o
       212         12          0          2        396       3854   app_smmz.o
      1444         32          0        104        280       9151   app_syspara.o
        56          8          0          0          0        759   app_t5l_cfg.o
      4412        216         12       1636        274      49031   app_t5l_ctrl.o
        60         14          0         16        400       2155   app_wzdyj.o
       676         20          0          0          0      35152   cmsis_os.o
       160         26          0          0          0       3805   diskio.o
       236          4          0          0          0        942   dma.o
         0          0          0          0          0      20072   event_groups.o
        32         12          0          5          0       1648   fatfs.o
      5280         76          0          8         32      40704   ff.o
        74          4          0          0         12       1707   ff_gen_drv.o
       136         20         79         12        596      10791   freertos.o
       496         24          0          0          0       1231   gpio.o
        40          0          0          0          0       1534   hal_delay.o
       116         38         32         64          0       2955   hal_gpio.o
       348         38          0        312          0       7399   hal_uart.o
       472         24          0         32      15360       7563   heap_4.o
       172         28          0          0         84       1757   i2c.o
       138          0          0          0          0       3670   list.o
       436         58          0          0          0     756816   main.o
       786         82          0         12          0      12097   port.o
      2232         22          0          0         64      23247   queue.o
        64         26        392          0       2048        864   startup_stm32f407xx.o
       116         18          0         12          0       8870   stm32f4xx_hal.o
       712         28          0          0          0       2963   stm32f4xx_hal_adc.o
       194         24          0          0          0      33897   stm32f4xx_hal_cortex.o
      1084         16          8          0          0       7538   stm32f4xx_hal_dma.o
       532         46          0          0          0       3596   stm32f4xx_hal_gpio.o
      2186          0          0          0          0      14173   stm32f4xx_hal_hcd.o
      2174         52          0          0          0      13202   stm32f4xx_hal_i2c.o
        56          4          0          0          0        910   stm32f4xx_hal_msp.o
      1412         86          0          0          0       6045   stm32f4xx_hal_rcc.o
       784         72          0          0          0       7001   stm32f4xx_hal_tim.o
       148         28          0          0          0       2537   stm32f4xx_hal_tim_ex.o
       152         20          0          0         72       1543   stm32f4xx_hal_timebase_tim.o
      2152         44          0          0          0      17413   stm32f4xx_hal_uart.o
       348        130          0          4          0      13870   stm32f4xx_it.o
      1880         48          0          0          0      19201   stm32f4xx_ll_usb.o
         0          0          0          0          0        380   stream_buffer.o
        66          0          0          0          0       3556   syscall.o
        16          4         24          4          0       1187   system_stm32f4xx.o
      2332        174          0         60        240      28291   tasks.o
       108         18          0          0         72       1654   tim.o
      2204        196          0          0       2640      37079   usart.o
       136         38          0         53       1124       2381   usb_essh.o
       104         16          0          1        996       9880   usb_host.o
       602         22          0          0        772      37945   usbh_conf.o
      2052         24         56          0          0      13745   usbh_core.o
      1806         12          0          0          0      14054   usbh_ctlreq.o
       284         20         20          0          0      20700   usbh_diskio.o
       208          0          0          0          0       4584   usbh_ioreq.o
      2068         10          4         32          0      11809   usbh_msc.o
       938         26          0          0          0       7336   usbh_msc_bot.o
       908          0          0          0          0       6451   usbh_msc_scsi.o
       136          0          0          0          0       4074   usbh_pipes.o
        24          4          0          0          0        594   usbh_platform.o

    ----------------------------------------------------------------------
     56356       2450       1212      20172      28108    1519947   Object Totals
         0          0         32          0          0          0   (incl. Generated)
       106          0          1         14          2          0   (incl. Padding)

    ----------------------------------------------------------------------

      Code (inc. data)   RO Data    RW Data    ZI Data      Debug   Library Member Name

        90          0          0          0          0          0   __dczerorl2.o
         8          0          0          0          0         68   __main.o
         0          0          0          0          0          0   __rtentry.o
        12          0          0          0          0          0   __rtentry2.o
         6          0          0          0          0          0   __rtentry4.o
        52          8          0          0          0          0   __scatter.o
        28          0          0          0          0          0   __scatter_zi.o
        16          0          0          0          0         68   aeabi_memset.o
        10          0          0          0          0         68   defsig_exit.o
        50          0          0          0          0         88   defsig_general.o
        80         58          0          0          0         76   defsig_rtmem_inner.o
        14          0          0          0          0         80   defsig_rtmem_outer.o
        18          0          0          0          0         80   exit.o
        94          0          0          0          0         80   h1_alloc.o
        52          0          0          0          0         68   h1_extend.o
        78          0          0          0          0         80   h1_free.o
        14          0          0          0          0         84   h1_init.o
         6          0          0          0          0        152   heapauxi.o
         4          0          0          0          0        136   hguard.o
         0          0          0          0          0          0   indicate_semi.o
       138          0          0          0          0        168   init_alloc.o
         2          0          0          0          0          0   libinit.o
        14          0          0          0          0          0   libinit2.o
         2          0          0          0          0          0   libshutdown.o
         2          0          0          0          0          0   libshutdown2.o
         8          4          0          0         96         68   libspace.o
       238          0          0          0          0        100   lludivv7m.o
         0          0          0          0          0          0   maybetermalloc1.o
         8          4          0          0          0         68   rt_heap_descriptor_intlibspace.o
        68          0          0          0          0         68   rt_memclr.o
        78          0          0          0          0         80   rt_memclr_w.o
       138          0          0          0          0         68   rt_memcpy_v6.o
       100          0          0          0          0         80   rt_memcpy_w.o
         2          0          0          0          0          0   rtexit.o
        10          0          0          0          0          0   rtexit2.o
        12          4          0          0          0         68   sys_exit.o
        74          0          0          0          0         80   sys_stackheap_outer.o
        14          0          0          0          0         76   sys_wrch.o
         2          0          0          0          0         68   use_no_semi.o
        98          4          0          0          0        140   d2f.o
        24          0          0          0          0        116   dcmpi.o
        84          0          0          0          0        232   dflt_clz.o
       120          4          0          0          0        140   dleqf.o
       340         12          0          0          0        152   dmul.o
       156          4          0          0          0        140   dnaninf.o
        12          0          0          0          0        116   dretinf.o
       108          0          0          0          0        128   drleqf.o
        10          0          0          0          0        116   fpinit.o
        10          0          0          0          0        116   fretinf.o
         0          0          0          0          0          0   usenofp.o

    ----------------------------------------------------------------------
      2512        102          0          0         96       3516   Library Totals
         8          0          0          0          0          0   (incl. Padding)

    ----------------------------------------------------------------------

      Code (inc. data)   RO Data    RW Data    ZI Data      Debug   Library Name

      1542         78          0          0         96       2120   c_w.l
       962         24          0          0          0       1396   fz_wm.l

    ----------------------------------------------------------------------
      2512        102          0          0         96       3516   Library Totals

    ----------------------------------------------------------------------

==============================================================================


      Code (inc. data)   RO Data    RW Data    ZI Data      Debug   

     58868       2552       1212      20172      28204    1468219   Grand Totals
     58868       2552       1212       2916      28204    1468219   ELF Image Totals (compressed)
     58868       2552       1212       2916          0          0   ROM Totals

==============================================================================

    Total RO  Size (Code + RO Data)                60080 (  58.67kB)
    Total RW  Size (RW Data + ZI Data)             48376 (  47.24kB)
    Total ROM Size (Code + RO Data + RW Data)      62996 (  61.52kB)

==============================================================================

