<html>
<body>
<pre>
<h1>礦ision Build Log</h1>
<h2>Tool Versions:</h2>
IDE-Version: μVision V5.16a
Copyright (C) 2015 ARM Ltd and ARM Germany GmbH. All rights reserved.
License Information: TAN TANJINYI, TAN, LIC=FYKQD-8A0GI-KN8AC-7DB0K-54IUX-LKSUB
 
Tool Versions:
Toolchain:       MDK-ARM Standard  Version: 5.16a
Toolchain Path:  C:\Keil_v5\ARM\ARMCC\Bin
C Compiler:      Armcc.exe V5.06 (build 20)
Assembler:       Armasm.exe V5.06 (build 20)
Linker/Locator:  ArmLink.exe V5.06 (build 20)
Library Manager: ArmAr.exe V5.06 (build 20)
Hex Converter:   FromElf.exe V5.06 (build 20)
CPU DLL:         SARMCM3.DLL V5.16a
Dialog DLL:      DCM.DLL V1.13.2.0
Target DLL:      Segger\JL2CM3.dll V2.99.15.2
Dialog DLL:      TCM.DLL V1.14.5.0
 
<h2>Project:</h2>
D:\WorkSpace\GitWorkSpace\03_ESSH_2024\ESSH_2024\SoftWare\中显科技组态屏\STM32MCU\Dev\MDK-ARM\SoftWare.uvprojx
Project File Date:  10/09/2024

<h2>Output:</h2>
*** Using Compiler 'V5.06 (build 20)', folder: 'C:\Keil_v5\ARM\ARMCC\Bin'
Rebuild target 'SoftWare'
assembling startup_stm32f407xx.s...
compiling adc.c...
compiling dma.c...
compiling gpio.c...
compiling freertos.c...
compiling i2c.c...
compiling main.c...
compiling tim.c...
compiling usart.c...
compiling stm32f4xx_it.c...
compiling stm32f4xx_hal_timebase_tim.c...
compiling stm32f4xx_hal_msp.c...
compiling stm32f4xx_hal_hcd.c...
compiling stm32f4xx_ll_usb.c...
compiling stm32f4xx_hal_rcc.c...
compiling stm32f4xx_hal_rcc_ex.c...
compiling stm32f4xx_hal_flash.c...
compiling stm32f4xx_hal_flash_ex.c...
compiling stm32f4xx_hal_gpio.c...
compiling stm32f4xx_hal_flash_ramfunc.c...
compiling stm32f4xx_hal_pwr.c...
compiling stm32f4xx_hal_dma_ex.c...
compiling stm32f4xx_hal_dma.c...
compiling stm32f4xx_hal_pwr_ex.c...
compiling stm32f4xx_hal_cortex.c...
compiling stm32f4xx_ll_adc.c...
compiling stm32f4xx_hal.c...
compiling stm32f4xx_hal_exti.c...
compiling stm32f4xx_hal_adc.c...
compiling stm32f4xx_hal_i2c.c...
compiling stm32f4xx_hal_adc_ex.c...
compiling stm32f4xx_hal_tim.c...
compiling croutine.c...
compiling event_groups.c...
compiling stm32f4xx_hal_i2c_ex.c...
compiling list.c...
compiling queue.c...
compiling stream_buffer.c...
compiling tasks.c...
compiling timers.c...
compiling heap_4.c...
compiling cmsis_os.c...
compiling port.c...
compiling app_crc.c...
compiling stm32f4xx_hal_uart.c...
compiling stm32f4xx_hal_tim_ex.c...
compiling system_stm32f4xx.c...
compiling app_BalancingDataHandle.c...
compiling app_ExternalScreenTxHandle.c...
compiling app_ExternalScreenRxHandle.c...
compiling app_ExternalScreen_Cfg.c...
compiling app_hx711_ctrl.c...
compiling app_i2c.c...
compiling app_InnerScreenTxHandle.c...
compiling app_InnerScreen_Cfg.c...
compiling app_key_ctrl.c...
compiling app_InnerScreenRxHandle.c...
compiling app_sdwe_ctrl.c...
compiling app_led_ctrl.c...
compiling app_modbus_rtu_ctrl.c...
compiling app_main_task.c...
compiling app_syspara.c...
compiling app_password.c...
compiling hal_delay.c...
compiling app_t5l_cfg.c...
compiling app_systest.c...
compiling hal_gpio.c...
compiling app_t5l_ctrl.c...
compiling drv_flash.c...
compiling hal_uart.c...
compiling app_UTCTimer.c...
compiling app_smmz.c...
compiling app_wzdyj.c...
compiling app_AT24C.c...
..\WeightMode_app\Src\app_AT24C.c(43): warning:  #188-D: enumerated type mixed with another type
      .orderQueue = {{0,0,0,0,0,0,0,0,0,0}},
..\WeightMode_app\Src\app_AT24C.c(43): warning:  #188-D: enumerated type mixed with another type
      .orderQueue = {{0,0,0,0,0,0,0,0,0,0}},
..\WeightMode_app\Src\app_AT24C.c(46): warning:  #188-D: enumerated type mixed with another type
      .process = {0,0,0,0,0,0,0,0,0,0},
..\WeightMode_app\Src\app_AT24C.c(46): warning:  #188-D: enumerated type mixed with another type
      .process = {0,0,0,0,0,0,0,0,0,0},
..\WeightMode_app\Src\app_AT24C.c: 4 warnings, 0 errors
compiling app_DataCenter.c...
compiling app_usbsmq.c...
compiling usbh_diskio.c...
compiling fatfs.c...
compiling usb_ESSH.c...
compiling usbh_platform.c...
compiling usb_host.c...
compiling usbh_conf.c...
compiling ff.c...
compiling diskio.c...
compiling ff_gen_drv.c...
compiling usbh_ctlreq.c...
compiling usbh_core.c...
compiling syscall.c...
compiling usbh_ioreq.c...
compiling usbh_pipes.c...
compiling usbh_hid.c...
compiling usbh_hid_mouse.c...
compiling usbh_hid_keybd.c...
compiling usbh_hid_parser.c...
compiling usbh_msc_bot.c...
compiling usbh_msc.c...
compiling usbh_msc_scsi.c...
linking...
Program Size: Code=87416 RO-data=1400 RW-data=30168 ZI-data=37064  
FromELF: creating hex file...
"SoftWare\SoftWare.axf" - 0 Error(s), 4 Warning(s).

<h2>Software Packages used:</h2>

Package Vendor: ARM
                http://www.keil.com/pack/ARM.CMSIS.4.3.0.pack
                ARM::CMSIS:CORE:4.1.0
                CMSIS (Cortex Microcontroller Software Interface Standard)
   * Component: CORE Version: 4.1.0

<h2>Collection of Component include folders:</h2>
  D:\WorkSpace\GitWorkSpace\03_ESSH_2024\ESSH_2024\SoftWare\中显科技组态屏\STM32MCU\Dev\MDK-ARM\RTE
  C:\Keil_v5\ARM\PACK\ARM\CMSIS\4.3.0\CMSIS\Include
  C:\Keil_v5\ARM\PACK\Keil\STM32F4xx_DFP\1.0.8\Device\Include

<h2>Collection of Component Files used:</h2>

   * Component: ARM::CMSIS:CORE:4.1.0
Build Time Elapsed:  00:01:58
</pre>
</body>
</html>
