<html>
<body>
<pre>
<h1>µVision Build Log</h1>
<h2>Tool Versions:</h2>
IDE-Version: ¦ÌVision V5.16a
Copyright (C) 2015 ARM Ltd and ARM Germany GmbH. All rights reserved.
License Information: TAN TANJINYI, TAN, LIC=FYKQD-8A0GI-KN8AC-7DB0K-54IUX-LKSUB
 
Tool Versions:
Toolchain:       MDK-ARM Standard  Version: 5.16a
Toolchain Path:  C:\Keil_v5\ARM\ARMCC\Bin
C Compiler:      Armcc.exe V5.06 (build 20)
Assembler:       Armasm.exe V5.06 (build 20)
Linker/Locator:  ArmLink.exe V5.06 (build 20)
Library Manager: ArmAr.exe V5.06 (build 20)
Hex Converter:   FromElf.exe V5.06 (build 20)
CPU DLL:         SARMCM3.DLL V5.16a
Dialog DLL:      DCM.DLL V1.13.2.0
Target DLL:      Segger\JL2CM3.dll V2.99.15.2
Dialog DLL:      TCM.DLL V1.14.5.0
 
<h2>Project:</h2>
D:\WorkSpace\GitWorkSpace\03_ESSH_2024\ESSH_2024\SoftWare\STM32MCU\Dev\MDK-ARM\SoftWare.uvprojx
Project File Date:  10/09/2024

<h2>Output:</h2>
*** Using Compiler 'V5.06 (build 20)', folder: 'C:\Keil_v5\ARM\ARMCC\Bin'
Rebuild target 'SoftWare'
assembling startup_stm32f407xx.s...
compiling adc.c...
compiling gpio.c...
compiling dma.c...
compiling main.c...
compiling freertos.c...
compiling tim.c...
compiling i2c.c...
compiling usart.c...
compiling stm32f4xx_it.c...
compiling stm32f4xx_hal_msp.c...
compiling stm32f4xx_hal_timebase_tim.c...
compiling stm32f4xx_hal_rcc.c...
compiling stm32f4xx_hal_hcd.c...
compiling stm32f4xx_ll_usb.c...
compiling stm32f4xx_hal_rcc_ex.c...
compiling stm32f4xx_hal_flash_ramfunc.c...
compiling stm32f4xx_hal_flash.c...
compiling stm32f4xx_hal_flash_ex.c...
compiling stm32f4xx_hal_gpio.c...
compiling stm32f4xx_hal_dma_ex.c...
compiling stm32f4xx_hal_pwr.c...
compiling stm32f4xx_hal_dma.c...
compiling stm32f4xx_hal_pwr_ex.c...
compiling stm32f4xx_hal_cortex.c...
compiling stm32f4xx_ll_adc.c...
compiling stm32f4xx_hal.c...
compiling stm32f4xx_hal_exti.c...
compiling stm32f4xx_hal_adc.c...
compiling stm32f4xx_hal_adc_ex.c...
compiling stm32f4xx_hal_i2c_ex.c...
compiling stm32f4xx_hal_i2c.c...
compiling croutine.c...
compiling event_groups.c...
compiling list.c...
compiling queue.c...
compiling stream_buffer.c...
compiling tasks.c...
compiling timers.c...
compiling stm32f4xx_hal_uart.c...
compiling cmsis_os.c...
compiling heap_4.c...
compiling port.c...
compiling app_crc.c...
compiling stm32f4xx_hal_tim_ex.c...
compiling stm32f4xx_hal_tim.c...
compiling system_stm32f4xx.c...
compiling app_BalancingDataHandle.c...
compiling app_ExternalScreenRxHandle.c...
compiling app_ExternalScreenTxHandle.c...
compiling app_ExternalScreen_Cfg.c...
compiling app_hx711_ctrl.c...
compiling app_i2c.c...
..\WeightMode_app\Src\app_i2c.c(198): warning:  #188-D: enumerated type mixed with another type
      HAL_StatusTypeDef ret = 0 ;
..\WeightMode_app\Src\app_i2c.c: 1 warning, 0 errors
compiling app_InnerScreen_Cfg.c...
compiling app_InnerScreenTxHandle.c...
..\WeightMode_app\Src\app_InnerScreenTxHandle.c(446): warning:  #167-D: argument of type "UINT16 *" is incompatible with parameter of type "INT16 *"
  		if(
RUE ==t5lWriteData(pSdwe,
MG_FUNC_BC_CODE_ADDRESS,&pSdwe->bcCodeVlu[0],((
NNER_SCREEN_DATACENTER_LENOF_BARCODE+1)/2),0));//2*chanel_len:because each data type was 4 byte
..\WeightMode_app\Src\app_InnerScreenTxHandle.c(489): warning:  #167-D: argument of type "UINT16 *" is incompatible with parameter of type "INT16 *"
  			if(
RUE == t5lWriteData(pSdwe,0x3002,&pSdwe->triggerSaveVlu,1,0))
..\WeightMode_app\Src\app_InnerScreenTxHandle.c(505): warning:  #167-D: argument of type "UINT16 *" is incompatible with parameter of type "INT16 *"
  			if(
RUE ==t5lWriteData(pSdwe,(address+test_i*0x80),testData,0x60,0));//2*chanel_len:because each data type was 4 byte
..\WeightMode_app\Src\app_InnerScreenTxHandle.c(527): warning:  #223-D: function "InnerScreenDataCenterHandle_WeightClassification_Init" declared implicitly
  			InnerScreenDataCenterHandle_WeightClassification_Init(&InnerScreenDataCenteHandle);
..\WeightMode_app\Src\app_InnerScreenTxHandle.c: 4 warnings, 0 errors
compiling app_InnerScreenRxHandle.c...
..\WeightMode_app\Src\app_InnerScreenRxHandle.c(541): warning:  #223-D: function "InnerScreenDataCenterHandle_WeightClassification_Init" declared implicitly
  		InnerScreenDataCenterHandle_WeightClassification_Init(&InnerScreenDataCenteHandle);
..\WeightMode_app\Src\app_InnerScreenRxHandle.c(551): warning:  #177-D: variable "i" was declared but never referenced
  	UINT8 i = 0 , j = 0;
..\WeightMode_app\Src\app_InnerScreenRxHandle.c(551): warning:  #177-D: variable "j" was declared but never referenced
  	UINT8 i = 0 , j = 0;
..\WeightMode_app\Src\app_InnerScreenRxHandle.c(569): warning:  #177-D: variable "i" was declared but never referenced
  	UINT8 i = 0 , j = 0 , offset = 0;
..\WeightMode_app\Src\app_InnerScreenRxHandle.c(569): warning:  #177-D: variable "j" was declared but never referenced
  	UINT8 i = 0 , j = 0 , offset = 0;
..\WeightMode_app\Src\app_InnerScreenRxHandle.c(604): warning:  #223-D: function "InnerScreenDataCenterHandle_WeightClassification_Init" declared implicitly
  			InnerScreenDataCenterHandle_WeightClassification_Init(&InnerScreenDataCenteHandle);
..\WeightMode_app\Src\app_InnerScreenRxHandle.c: 6 warnings, 0 errors
compiling app_key_ctrl.c...
compiling app_sdwe_ctrl.c...
compiling app_main_task.c...
..\WeightMode_app\Src\app_main_task.c(91): warning:  #223-D: function "ExFlash_MainFunction" declared implicitly
  	ExFlash_MainFunction();
..\WeightMode_app\Src\app_main_task.c: 1 warning, 0 errors
compiling app_led_ctrl.c...
compiling app_modbus_rtu_ctrl.c...
compiling app_password.c...
compiling app_syspara.c...
compiling hal_delay.c...
compiling app_t5l_cfg.c...
compiling app_systest.c...
compiling drv_flash.c...
compiling app_t5l_ctrl.c...
compiling hal_gpio.c...
compiling hal_uart.c...
compiling app_UTCTimer.c...
..\WeightMode_app\Src\app_UTCTimer.c(55): warning:  #550-D: variable "days" was set but never used
      int days, year, month, time_ymd;
..\WeightMode_app\Src\app_UTCTimer.c: 1 warning, 0 errors
compiling app_smmz.c...
compiling app_AT24C.c...
..\WeightMode_app\Src\app_AT24C.c(43): warning:  #188-D: enumerated type mixed with another type
      .orderQueue = {{0}},
..\WeightMode_app\Src\app_AT24C.c(46): warning:  #188-D: enumerated type mixed with another type
      .process = {0},
..\WeightMode_app\Src\app_AT24C.c(342): warning:  #177-D: variable "pContex" was declared but never referenced
      tInnerScreenDataCenterHandleStruct *pContex = &InnerScreenDataCenteHandle;
..\WeightMode_app\Src\app_AT24C.c(343): warning:  #177-D: variable "pushOrder" was declared but never referenced
      tExtFlashOrderStruct pushOrder;
..\WeightMode_app\Src\app_AT24C.c: 4 warnings, 0 errors
compiling app_wzdyj.c...
compiling app_DataCenter.c...
..\WeightMode_app\Src\app_DataCenter.c(234): warning:  #186-D: pointless comparison of unsigned integer with zero
              if(((UINT8)D_C_CLASSIFICATION_A <= classType) && (classType <= (UINT8)D_C_CLASSIFICATION_H))
..\WeightMode_app\Src\app_DataCenter.c(239): warning:  #186-D: pointless comparison of unsigned integer with zero
              if(((UINT8)D_C_CLASSIFICATION_A <= classType) && (classType <= (UINT8)D_C_CLASSIFICATION_H))
..\WeightMode_app\Src\app_DataCenter.c(357): warning:  #188-D: enumerated type mixed with another type
          pContex->pRealTimeData->classificationType = tempOffset;//cfg[tempOffset].typeOutput;
..\WeightMode_app\Src\app_DataCenter.c(362): warning:  #188-D: enumerated type mixed with another type
          pContex->pRealTimeData->classificationType = 'X';
..\WeightMode_app\Src\app_DataCenter.c(424): warning:  #188-D: enumerated type mixed with another type
                      pContex->searchOutType = tempType;
..\WeightMode_app\Src\app_DataCenter.c(439): warning:  #188-D: enumerated type mixed with another type
                      pContex->searchOutType = tempType;
..\WeightMode_app\Src\app_DataCenter.c(409): warning:  #177-D: variable "i" was declared but never referenced
      uint16 i = 0 , j = 0;
..\WeightMode_app\Src\app_DataCenter.c(411): warning:  #550-D: variable "searchIndex_Record" was set but never used
      uint16 searchIndex_Record = 0 ;
..\WeightMode_app\Src\app_DataCenter.c(559): warning:  #177-D: variable "i_offset" was declared but never referenced
      uint8 i_offset = INNER_SCREEN_DATACENTER_LENOF_INDEX+INNER_SCREEN_DATACENTER_LENOF_BARCODE;
..\WeightMode_app\Src\app_DataCenter.c(617): warning:  #177-D: variable "i" was declared but never referenced
      uint16 i = 0;
..\WeightMode_app\Src\app_DataCenter.c(655): warning:  #177-D: variable "i" was declared but never referenced
      uint16 i = 0;
..\WeightMode_app\Src\app_DataCenter.c(656): warning:  #177-D: variable "ret" was declared but never referenced
      uint8 ret = 0 ;
..\WeightMode_app\Src\app_DataCenter.c(903): warning:  #223-D: function "ExFlashIf_Sync_Write" declared implicitly
              ret = ExFlashIf_Sync_Write(E_F_HANDLE_JOBID_W_DATACENTER_WEIGHTTYPE,&pushOrder);
..\WeightMode_app\Src\app_DataCenter.c(947): warning:  #188-D: enumerated type mixed with another type
      eDataCenterClassificationType classType = 0 ;
..\WeightMode_app\Src\app_DataCenter.c(992): warning:  #223-D: function "ExFlashIf_Sync_Write" declared implicitly
          ret = ExFlashIf_Sync_Write(E_F_HANDLE_JOBID_W_DATACENTER_WEIGHTTYPE,&pushOrder);
..\WeightMode_app\Src\app_DataCenter.c(1012): warning:  #223-D: function "ExFlashIf_Sync_Write" declared implicitly
          ret = ExFlashIf_Sync_Write(E_F_HANDLE_JOBID_W_DATACENTER_WEIGHTTYPE_CRC,&pushOrder);    
..\WeightMode_app\Src\app_DataCenter.c(1033): warning:  #223-D: function "ExFlashIf_Sync_Write" declared implicitly
          ret = ExFlashIf_Sync_Write(E_F_HANDLE_JOBID_W_DATACENTER_UTCTIMEE,&pushOrder);           
..\WeightMode_app\Src\app_DataCenter.c(1053): warning:  #223-D: function "ExFlashIf_Sync_Write" declared implicitly
          ret = ExFlashIf_Sync_Write(E_F_HANDLE_JOBID_W_DATACENTER_UTCTIMEE_CRC,&pushOrder);          
..\WeightMode_app\Src\app_DataCenter.c(1079): warning:  #223-D: function "ExFlashIf_Sync_Write" declared implicitly
          ret = ExFlashIf_Sync_Write(E_F_HANDLE_JOBID_W_DATACENTER_DATAPAYLOAD,&pushOrder);          
..\WeightMode_app\Src\app_DataCenter.c(947): warning:  #177-D: variable "classType" was declared but never referenced
      eDataCenterClassificationType classType = 0 ;
..\WeightMode_app\Src\app_DataCenter.c(1108): warning:  #223-D: function "ExFlashIf_Sync_Write" declared implicitly
          ret = ExFlashIf_Sync_Write(E_F_HANDLE_JOBID_W_DATACENTER_WEIGHTTYPE,&pushOrder);  
..\WeightMode_app\Src\app_DataCenter.c(1092): warning:  #177-D: variable "i" was declared but never referenced
      uint16 i = 0 , crc16 = 0;
..\WeightMode_app\Src\app_DataCenter.c(1134): warning:  #223-D: function "ExFlashIf_Sync_Write" declared implicitly
          ret = ExFlashIf_Sync_Write(E_F_HANDLE_JOBID_W_DATACENTER_UTCTIMEE,&pushOrder);  
..\WeightMode_app\Src\app_DataCenter.c(1118): warning:  #177-D: variable "i" was declared but never referenced
      uint16 i = 0 , crc16 = 0;
..\WeightMode_app\Src\app_DataCenter.c(1188): warning:  #223-D: function "ExFlashIf_Sync_Read" declared implicitly
      ret = ExFlashIf_Sync_Read(E_F_HANDLE_JOBID_R_DATACENTER_WEIGHTTYPE,&pushOrder);
..\WeightMode_app\Src\app_DataCenter.c(1270): warning:  #177-D: variable "entryData" was declared but never referenced
      tInnerScreenDataCenterStruct entryData;
..\WeightMode_app\Src\app_DataCenter.c(1271): warning:  #177-D: variable "pushOrder" was declared but never referenced
      tExtFlashOrderStruct pushOrder;
..\WeightMode_app\Src\app_DataCenter.c(247): warning:  #177-D: function "InnerScreenDataCenterHandle_EntryData_Prepare_dc_index" was declared but never referenced
  static uint8 InnerScreenDataCenterHandle_EntryData_Prepare_dc_index(tInnerScreenDataCenterHandleStruct *pContex,uint8 index)
..\WeightMode_app\Src\app_DataCenter.c(261): warning:  #177-D: function "InnerScreenDataCenterHandle_EntryData_Prepare_dc_barCode" was declared but never referenced
  static uint8 InnerScreenDataCenterHandle_EntryData_Prepare_dc_barCode(tInnerScreenDataCenterHandleStruct *pContex,char *pChar,uint8 len)
..\WeightMode_app\Src\app_DataCenter.c(277): warning:  #177-D: function "InnerScreenDataCenterHandle_EntryData_Prepare_dc_recodeTime" was declared but never referenced
  static uint8 InnerScreenDataCenterHandle_EntryData_Prepare_dc_recodeTime(tInnerScreenDataCenterHandleStruct *pContex,struct tm *tm)
..\WeightMode_app\Src\app_DataCenter.c: 30 warnings, 0 errors
compiling usbh_diskio.c...
compiling app_usbsmq.c...
compiling fatfs.c...
compiling usb_ESSH.c...
..\USB_HOST\App\usb_ESSH.c(29): warning:  #177-D: variable "str" was declared but never referenced
      uint8_t str[] = "hello world!";
..\USB_HOST\App\usb_ESSH.c(236): warning:  #223-D: function "InnerScreenDataCenterHandle_WeightClassification_Init" declared implicitly
  			            InnerScreenDataCenterHandle_WeightClassification_Init(&InnerScreenDataCenteHandle);
..\USB_HOST\App\usb_ESSH.c: 2 warnings, 0 errors
compiling usbh_platform.c...
compiling usb_host.c...
compiling usbh_conf.c...
compiling diskio.c...
compiling ff.c...
compiling syscall.c...
compiling ff_gen_drv.c...
compiling usbh_ctlreq.c...
compiling usbh_core.c...
compiling usbh_pipes.c...
compiling usbh_ioreq.c...
compiling usbh_hid.c...
compiling usbh_hid_mouse.c...
compiling usbh_hid_keybd.c...
compiling usbh_msc_bot.c...
compiling usbh_msc.c...
compiling usbh_hid_parser.c...
compiling usbh_msc_scsi.c...
linking...
Program Size: Code=89120 RO-data=1400 RW-data=19652 ZI-data=39396  
FromELF: creating hex file...
"SoftWare\SoftWare.axf" - 0 Error(s), 49 Warning(s).

<h2>Software Packages used:</h2>

Package Vendor: ARM
                http://www.keil.com/pack/ARM.CMSIS.4.3.0.pack
                ARM::CMSIS:CORE:4.1.0
                CMSIS (Cortex Microcontroller Software Interface Standard)
   * Component: CORE Version: 4.1.0

<h2>Collection of Component include folders:</h2>
  D:\WorkSpace\GitWorkSpace\03_ESSH_2024\ESSH_2024\SoftWare\STM32MCU\Dev\MDK-ARM\RTE
  C:\Keil_v5\ARM\PACK\ARM\CMSIS\4.3.0\CMSIS\Include
  C:\Keil_v5\ARM\PACK\Keil\STM32F4xx_DFP\1.0.8\Device\Include

<h2>Collection of Component Files used:</h2>

   * Component: ARM::CMSIS:CORE:4.1.0
Build Time Elapsed:  00:02:04
</pre>
</body>
</html>
