Component: ARM Compiler 5.06 (build 20) Tool: armlink [4d35a3]

==============================================================================

Section Cross References

    startup_stm32f407xx.o(STACK) refers (Special) to heapauxi.o(.text) for __use_two_region_memory
    startup_stm32f407xx.o(HEAP) refers (Special) to heapauxi.o(.text) for __use_two_region_memory
    startup_stm32f407xx.o(RESET) refers (Special) to heapauxi.o(.text) for __use_two_region_memory
    startup_stm32f407xx.o(RESET) refers to startup_stm32f407xx.o(STACK) for __initial_sp
    startup_stm32f407xx.o(RESET) refers to startup_stm32f407xx.o(.text) for Reset_Handler
    startup_stm32f407xx.o(RESET) refers to stm32f4xx_it.o(i.NMI_Handler) for NMI_Handler
    startup_stm32f407xx.o(RESET) refers to stm32f4xx_it.o(i.HardFault_Handler) for HardFault_Handler
    startup_stm32f407xx.o(RESET) refers to stm32f4xx_it.o(i.MemManage_Handler) for MemManage_Handler
    startup_stm32f407xx.o(RESET) refers to stm32f4xx_it.o(i.BusFault_Handler) for BusFault_Handler
    startup_stm32f407xx.o(RESET) refers to stm32f4xx_it.o(i.UsageFault_Handler) for UsageFault_Handler
    startup_stm32f407xx.o(RESET) refers to port.o(.emb_text) for SVC_Handler
    startup_stm32f407xx.o(RESET) refers to stm32f4xx_it.o(i.DebugMon_Handler) for DebugMon_Handler
    startup_stm32f407xx.o(RESET) refers to port.o(i.SysTick_Handler) for SysTick_Handler
    startup_stm32f407xx.o(RESET) refers to stm32f4xx_it.o(i.DMA1_Stream0_IRQHandler) for DMA1_Stream0_IRQHandler
    startup_stm32f407xx.o(RESET) refers to stm32f4xx_it.o(i.DMA1_Stream1_IRQHandler) for DMA1_Stream1_IRQHandler
    startup_stm32f407xx.o(RESET) refers to stm32f4xx_it.o(i.DMA1_Stream2_IRQHandler) for DMA1_Stream2_IRQHandler
    startup_stm32f407xx.o(RESET) refers to stm32f4xx_it.o(i.DMA1_Stream3_IRQHandler) for DMA1_Stream3_IRQHandler
    startup_stm32f407xx.o(RESET) refers to stm32f4xx_it.o(i.DMA1_Stream4_IRQHandler) for DMA1_Stream4_IRQHandler
    startup_stm32f407xx.o(RESET) refers to stm32f4xx_it.o(i.DMA1_Stream5_IRQHandler) for DMA1_Stream5_IRQHandler
    startup_stm32f407xx.o(RESET) refers to stm32f4xx_it.o(i.DMA1_Stream6_IRQHandler) for DMA1_Stream6_IRQHandler
    startup_stm32f407xx.o(RESET) refers to stm32f4xx_it.o(i.USART1_IRQHandler) for USART1_IRQHandler
    startup_stm32f407xx.o(RESET) refers to stm32f4xx_it.o(i.USART2_IRQHandler) for USART2_IRQHandler
    startup_stm32f407xx.o(RESET) refers to stm32f4xx_it.o(i.USART3_IRQHandler) for USART3_IRQHandler
    startup_stm32f407xx.o(RESET) refers to stm32f4xx_it.o(i.DMA1_Stream7_IRQHandler) for DMA1_Stream7_IRQHandler
    startup_stm32f407xx.o(RESET) refers to stm32f4xx_it.o(i.UART4_IRQHandler) for UART4_IRQHandler
    startup_stm32f407xx.o(RESET) refers to stm32f4xx_it.o(i.UART5_IRQHandler) for UART5_IRQHandler
    startup_stm32f407xx.o(RESET) refers to stm32f4xx_it.o(i.TIM6_DAC_IRQHandler) for TIM6_DAC_IRQHandler
    startup_stm32f407xx.o(RESET) refers to stm32f4xx_it.o(i.DMA2_Stream1_IRQHandler) for DMA2_Stream1_IRQHandler
    startup_stm32f407xx.o(RESET) refers to stm32f4xx_it.o(i.DMA2_Stream2_IRQHandler) for DMA2_Stream2_IRQHandler
    startup_stm32f407xx.o(RESET) refers to stm32f4xx_it.o(i.OTG_FS_IRQHandler) for OTG_FS_IRQHandler
    startup_stm32f407xx.o(RESET) refers to stm32f4xx_it.o(i.DMA2_Stream6_IRQHandler) for DMA2_Stream6_IRQHandler
    startup_stm32f407xx.o(RESET) refers to stm32f4xx_it.o(i.DMA2_Stream7_IRQHandler) for DMA2_Stream7_IRQHandler
    startup_stm32f407xx.o(RESET) refers to stm32f4xx_it.o(i.USART6_IRQHandler) for USART6_IRQHandler
    startup_stm32f407xx.o(RESET) refers to stm32f4xx_it.o(i.OTG_HS_EP1_OUT_IRQHandler) for OTG_HS_EP1_OUT_IRQHandler
    startup_stm32f407xx.o(RESET) refers to stm32f4xx_it.o(i.OTG_HS_EP1_IN_IRQHandler) for OTG_HS_EP1_IN_IRQHandler
    startup_stm32f407xx.o(RESET) refers to stm32f4xx_it.o(i.OTG_HS_IRQHandler) for OTG_HS_IRQHandler
    startup_stm32f407xx.o(.text) refers (Special) to heapauxi.o(.text) for __use_two_region_memory
    startup_stm32f407xx.o(.text) refers to system_stm32f4xx.o(i.SystemInit) for SystemInit
    startup_stm32f407xx.o(.text) refers to __main.o(!!!main) for __main
    startup_stm32f407xx.o(.text) refers to startup_stm32f407xx.o(HEAP) for Heap_Mem
    startup_stm32f407xx.o(.text) refers to startup_stm32f407xx.o(STACK) for Stack_Mem
    main.o(i.HAL_TIM_PeriodElapsedCallback) refers to stm32f4xx_hal.o(i.HAL_IncTick) for HAL_IncTick
    main.o(i.SystemClock_Config) refers to rt_memclr_w.o(.text) for __aeabi_memclr4
    main.o(i.SystemClock_Config) refers to stm32f4xx_hal_rcc.o(i.HAL_RCC_OscConfig) for HAL_RCC_OscConfig
    main.o(i.SystemClock_Config) refers to main.o(i.Error_Handler) for Error_Handler
    main.o(i.SystemClock_Config) refers to stm32f4xx_hal_rcc.o(i.HAL_RCC_ClockConfig) for HAL_RCC_ClockConfig
    main.o(i.main) refers to stm32f4xx_hal.o(i.HAL_Init) for HAL_Init
    main.o(i.main) refers to main.o(i.SystemClock_Config) for SystemClock_Config
[...]
    SysKey                                   0x2000cb54   Data          12  app_key_ctrl.o(.bss)
    STM32McuId                               0x2000cb60   Data          12  app_password.o(.bss)
    flashStoreDataBuf                        0x2000cb6c   Data         180  app_syspara.o(.bss)
    flashStoreDataBuf_3030                   0x2000cc20   Data         292  app_syspara.o(.bss)
    g_T5L_VoiceBuff                          0x2000cde4   Data          18  app_t5l_ctrl.o(.bss)
    g_i16HelpDataBuff                        0x2000cdf6   Data          24  app_t5l_ctrl.o(.bss)
    g_i16HelpDataBuffPre                     0x2000ce0e   Data          24  app_t5l_ctrl.o(.bss)
    g_i16HelpDataBuffLarger                  0x2000ce26   Data          24  app_t5l_ctrl.o(.bss)
    g_i16HelpDataBuffPreLarger               0x2000ce3e   Data          24  app_t5l_ctrl.o(.bss)
    SmmzHandleContex                         0x2000ce56   Data         396  app_smmz.o(.bss)
    WzdyjHandleContex                        0x2000cfe4   Data         400  app_wzdyj.o(.bss)
    s_ClassficationArr                       0x2000d178   Data          60  app_datacenter.o(.bss)
    gUTCDecodeTime                           0x2000d210   Data          44  app_utctimer.o(.bss)
    USBHFile                                 0x2000d268   Data         560  fatfs.o(.bss)
    FatfsUDisk                               0x2000d498   Data         564  usb_essh.o(.bss)
    upanStoreDataGroup                       0x2000d6cc   Data        1820  usb_essh.o(.bss)
    hUsbHostHS                               0x2000dde8   Data         996  usb_host.o(.bss)
    hUsbHostFS                               0x2000e1cc   Data         996  usb_host.o(.bss)
    hhcd_USB_OTG_FS                          0x2000e5b0   Data         772  usbh_conf.o(.bss)
    hhcd_USB_OTG_HS                          0x2000e8b4   Data         772  usbh_conf.o(.bss)
    disk                                     0x2000ebd8   Data          12  ff_gen_drv.o(.bss)
    keybd_info                               0x2000ebe4   Data          15  usbh_hid_keybd.o(.bss)
    __libspace_start                         0x2000ebf4   Data          96  libspace.o(.bss)
    __temporary_stack_top$libspace           0x2000ec54   Data           0  libspace.o(.bss)



==============================================================================

Memory Map of the image

  Image Entry point : 0x08000189

  Load Region LR_IROM1 (Base: 0x08000000, Size: 0x0001e0e8, Max: 0x00080000, ABSOLUTE, COMPRESSED[0x00017810])

    Execution Region ER_IROM1 (Base: 0x08000000, Size: 0x00016a84, Max: 0x00080000, ABSOLUTE)

    Base Addr    Size         Type   Attr      Idx    E Section Name        Object

    0x08000000   0x00000188   Data   RO            3    RESET               startup_stm32f407xx.o
    0x08000188   0x00000008   Code   RO        10500  * !!!main             c_w.l(__main.o)
    0x08000190   0x00000034   Code   RO        10736    !!!scatter          c_w.l(__scatter.o)
    0x080001c4   0x0000005a   Code   RO        10734    !!dczerorl2         c_w.l(__dczerorl2.o)
    0x0800021e   0x00000002   PAD
    0x08000220   0x0000001c   Code   RO        10738    !!handler_zi        c_w.l(__scatter_zi.o)
    0x0800023c   0x00000002   Code   RO        10673    .ARM.Collect$$libinit$$00000000  c_w.l(libinit.o)
    0x0800023e   0x00000004   Code   RO        10548    .ARM.Collect$$libinit$$00000001  c_w.l(libinit2.o)
    0x08000242   0x00000000   Code   RO        10551    .ARM.Collect$$libinit$$00000004  c_w.l(libinit2.o)
    0x08000242   0x00000008   Code   RO        10552    .ARM.Collect$$libinit$$00000005  c_w.l(libinit2.o)
    0x0800024a   0x00000000   Code   RO        10554    .ARM.Collect$$libinit$$0000000A  c_w.l(libinit2.o)
    0x0800024a   0x00000000   Code   RO        10556    .ARM.Collect$$libinit$$0000000C  c_w.l(libinit2.o)
    0x0800024a   0x00000000   Code   RO        10558    .ARM.Collect$$libinit$$0000000E  c_w.l(libinit2.o)
    0x0800024a   0x00000000   Code   RO        10561    .ARM.Collect$$libinit$$00000011  c_w.l(libinit2.o)
    0x0800024a   0x00000000   Code   RO        10563    .ARM.Collect$$libinit$$00000013  c_w.l(libinit2.o)
    0x0800024a   0x00000000   Code   RO        10565    .ARM.Collect$$libinit$$00000015  c_w.l(libinit2.o)
    0x0800024a   0x00000000   Code   RO        10567    .ARM.Collect$$libinit$$00000017  c_w.l(libinit2.o)
    0x0800024a   0x00000000   Code   RO        10569    .ARM.Collect$$libinit$$00000019  c_w.l(libinit2.o)
    0x0800024a   0x00000000   Code   RO        10571    .ARM.Collect$$libinit$$0000001B  c_w.l(libinit2.o)
    0x0800024a   0x00000000   Code   RO        10573    .ARM.Collect$$libinit$$0000001D  c_w.l(libinit2.o)
    0x0800024a   0x00000000   Code   RO        10575    .ARM.Collect$$libinit$$0000001F  c_w.l(libinit2.o)
    0x0800024a   0x00000000   Code   RO        10577    .ARM.Collect$$libinit$$00000021  c_w.l(libinit2.o)
    0x0800024a   0x00000000   Code   RO        10579    .ARM.Collect$$libinit$$00000023  c_w.l(libinit2.o)
    0x0800024a   0x00000000   Code   RO        10581    .ARM.Collect$$libinit$$00000025  c_w.l(libinit2.o)
    0x0800024a   0x00000000   Code   RO        10585    .ARM.Collect$$libinit$$0000002C  c_w.l(libinit2.o)
    0x0800024a   0x00000000   Code   RO        10587    .ARM.Collect$$libinit$$0000002E  c_w.l(libinit2.o)
    0x0800024a   0x00000000   Code   RO        10589    .ARM.Collect$$libinit$$00000030  c_w.l(libinit2.o)
    0x0800024a   0x00000000   Code   RO        10591    .ARM.Collect$$libinit$$00000032  c_w.l(libinit2.o)
    0x0800024a   0x00000002   Code   RO        10592    .ARM.Collect$$libinit$$00000033  c_w.l(libinit2.o)
    0x0800024c   0x00000002   Code   RO        10731    .ARM.Collect$$libshutdown$$00000000  c_w.l(libshutdown.o)
    0x0800024e   0x00000000   Code   RO        10689    .ARM.Collect$$libshutdown$$00000002  c_w.l(libshutdown2.o)
    0x0800024e   0x00000000   Code   RO        10691    .ARM.Collect$$libshutdown$$00000004  c_w.l(libshutdown2.o)
    0x0800024e   0x00000000   Code   RO        10694    .ARM.Collect$$libshutdown$$00000007  c_w.l(libshutdown2.o)
    0x0800024e   0x00000000   Code   RO        10697    .ARM.Collect$$libshutdown$$0000000A  c_w.l(libshutdown2.o)
    0x0800024e   0x00000000   Code   RO        10699    .ARM.Collect$$libshutdown$$0000000C  c_w.l(libshutdown2.o)
    0x0800024e   0x00000000   Code   RO        10702    .ARM.Collect$$libshutdown$$0000000F  c_w.l(libshutdown2.o)
    0x0800024e   0x00000002   Code   RO        10703    .ARM.Collect$$libshutdown$$00000010  c_w.l(libshutdown2.o)
    0x08000250   0x00000000   Code   RO        10516    .ARM.Collect$$rtentry$$00000000  c_w.l(__rtentry.o)
    0x08000250   0x00000000   Code   RO        10608    .ARM.Collect$$rtentry$$00000002  c_w.l(__rtentry2.o)
    0x08000250   0x00000006   Code   RO        10620    .ARM.Collect$$rtentry$$00000004  c_w.l(__rtentry4.o)
    0x08000256   0x00000000   Code   RO        10610    .ARM.Collect$$rtentry$$00000009  c_w.l(__rtentry2.o)
    0x08000256   0x00000004   Code   RO        10611    .ARM.Collect$$rtentry$$0000000A  c_w.l(__rtentry2.o)
    0x0800025a   0x00000000   Code   RO        10613    .ARM.Collect$$rtentry$$0000000C  c_w.l(__rtentry2.o)
    0x0800025a   0x00000008   Code   RO        10614    .ARM.Collect$$rtentry$$0000000D  c_w.l(__rtentry2.o)
    0x08000262   0x00000002   Code   RO        10676    .ARM.Collect$$rtexit$$00000000  c_w.l(rtexit.o)
    0x08000264   0x00000000   Code   RO        10707    .ARM.Collect$$rtexit$$00000002  c_w.l(rtexit2.o)
    0x08000264   0x00000004   Code   RO        10708    .ARM.Collect$$rtexit$$00000003  c_w.l(rtexit2.o)
    0x08000268   0x00000006   Code   RO        10709    .ARM.Collect$$rtexit$$00000004  c_w.l(rtexit2.o)
    0x0800026e   0x00000002   PAD
    0x08000270   0x000000be   Code   RO         6119    .emb_text           port.o
    0x0800032e   0x00000002   PAD
    0x08000330   0x00000000   Code   RO        10626    .emb_text           c_w.l(maybetermalloc1.o)
    0x08000330   0x00000040   Code   RO            4    .text               startup_stm32f407xx.o
    0x08000370   0x0000005e   Code   RO        10422    .text               c_w.l(h1_alloc.o)
    0x080003ce   0x0000004e   Code   RO        10424    .text               c_w.l(h1_free.o)
    0x0800041c   0x000000ee   Code   RO        10480    .text               c_w.l(lludivv7m.o)
    0x0800050a   0x00000048   Code   RO        10482    .text               c_w.l(llsdiv.o)
    0x08000552   0x00000058   Code   RO        10484    .text               c_w.l(memcmp.o)
    0x080005aa   0x0000008a   Code   RO        10486    .text               c_w.l(rt_memcpy_v6.o)
    0x08000634   0x00000064   Code   RO        10488    .text               c_w.l(rt_memcpy_w.o)
    0x08000698   0x00000044   Code   RO        10494    .text               c_w.l(rt_memclr.o)
    0x080006dc   0x0000004e   Code   RO        10496    .text               c_w.l(rt_memclr_w.o)
    0x0800072a   0x00000006   Code   RO        10498    .text               c_w.l(heapauxi.o)
    0x08000730   0x00000008   Code   RO        10524    .text               c_w.l(rt_heap_descriptor_intlibspace.o)
    0x08000738   0x00000004   Code   RO        10526    .text               c_w.l(hguard.o)
    0x0800073c   0x0000008a   Code   RO        10528    .text               c_w.l(init_alloc.o)
    0x080007c6   0x0000000e   Code   RO        10532    .text               c_w.l(h1_init.o)
    0x080007d4   0x00000008   Code   RO        10604    .text               c_w.l(libspace.o)
    0x080007dc   0x00000034   Code   RO        10628    .text               c_w.l(h1_extend.o)
    0x08000810   0x0000000e   Code   RO        10632    .text               c_w.l(defsig_rtmem_outer.o)
    0x0800081e   0x00000002   Code   RO        10645    .text               c_w.l(use_no_semi.o)
    0x08000820   0x00000000   Code   RO        10647    .text               c_w.l(indicate_semi.o)
    0x08000820   0x0000004a   Code   RO        10648    .text               c_w.l(sys_stackheap_outer.o)
    0x0800086a   0x00000012   Code   RO        10654    .text               c_w.l(exit.o)
    0x0800087c   0x0000000a   Code   RO        10656    .text               c_w.l(defsig_exit.o)
    0x08000886   0x00000002   PAD
    0x08000888   0x00000050   Code   RO        10662    .text               c_w.l(defsig_rtmem_inner.o)
    0x080008d8   0x0000000c   Code   RO        10674    .text               c_w.l(sys_exit.o)
    0x080008e4   0x00000032   Code   RO        10684    .text               c_w.l(defsig_general.o)
    0x08000916   0x0000000e   Code   RO        10704    .text               c_w.l(sys_wrch.o)
    0x08000924   0x00000160   Code   RO         2728    i.ADC_Init          stm32f4xx_hal_adc.o
    0x08000a84   0x00000010   Code   RO         8667    i.APP_TriggerOutPut2Udisk  usb_essh.o
    0x08000a94   0x00000030   Code   RO         8181    i.AT24C_MainFunction  app_at24c.o
    0x08000ac4   0x00000354   Code   RO         6199    i.BalancingData_ColorData_Handle_Prepare  app_balancingdatahandle.o
    0x08000e18   0x00000042   Code   RO         6200    i.BalancingData_ColorData_Handle_PrepareAndJudgeAndSendToScreen  app_balancingdatahandle.o
    0x08000e5a   0x00000002   PAD
    0x08000e5c   0x00000100   Code   RO         6201    i.BalancingData_ColorData_Handle_PrepareAndJudgeIfNotNeedSend  app_balancingdatahandle.o
    0x08000f5c   0x0000001c   Code   RO         6202    i.BalancingData_Data16_WasSend  app_balancingdatahandle.o
    0x08000f78   0x0000001c   Code   RO         6203    i.BalancingData_Data32_WasSend  app_balancingdatahandle.o
    0x08000f94   0x00000220   Code   RO         6204    i.BalancingData_HelpData_Handle_Prepare  app_balancingdatahandle.o
    0x080011b4   0x0000005e   Code   RO         6205    i.BalancingData_HelpData_Handle_PrepareAndJudgeAndSendToScreen  app_balancingdatahandle.o
    0x08001212   0x00000002   PAD
    0x08001214   0x000000c8   Code   RO         6206    i.BalancingData_HelpData_Handle_PrepareAndJudgeIfNotNeedSend  app_balancingdatahandle.o
    0x080012dc   0x00000026   Code   RO         6207    i.BalancingData_JudgeINT16_IfNotNeedSend  app_balancingdatahandle.o
    0x08001302   0x00000026   Code   RO         6208    i.BalancingData_JudgeINT32_IfNotNeedSend  app_balancingdatahandle.o
    0x08001328   0x00000058   Code   RO         6209    i.BalancingData_WeightData_Handle_PrepareAndJudgeAndSendToScreen  app_balancingdatahandle.o
    0x08001380   0x00000188   Code   RO         6210    i.BalancingData_WeightData_Handle_PrepareAndJudgeIfNotNeedSend  app_balancingdatahandle.o
    0x08001508   0x00000094   Code   RO         6313    i.BubbleSort        app_crc.o
    0x0800159c   0x00000052   Code   RO         6314    i.BubbleSortINT32   app_crc.o
    0x080015ee   0x00000004   Code   RO          785    i.BusFault_Handler  stm32f4xx_it.o
    0x080015f2   0x00000002   PAD
    0x080015f4   0x00000010   Code   RO          786    i.DMA1_Stream0_IRQHandler  stm32f4xx_it.o
    0x08001604   0x00000010   Code   RO          787    i.DMA1_Stream1_IRQHandler  stm32f4xx_it.o
    0x08001614   0x00000010   Code   RO          788    i.DMA1_Stream2_IRQHandler  stm32f4xx_it.o
    0x08001624   0x00000010   Code   RO          789    i.DMA1_Stream3_IRQHandler  stm32f4xx_it.o
    0x08001634   0x00000010   Code   RO          790    i.DMA1_Stream4_IRQHandler  stm32f4xx_it.o
    0x08001644   0x00000010   Code   RO          791    i.DMA1_Stream5_IRQHandler  stm32f4xx_it.o
    0x08001654   0x00000010   Code   RO          792    i.DMA1_Stream6_IRQHandler  stm32f4xx_it.o
    0x08001664   0x00000010   Code   RO          793    i.DMA1_Stream7_IRQHandler  stm32f4xx_it.o
    0x08001674   0x00000010   Code   RO          794    i.DMA2_Stream1_IRQHandler  stm32f4xx_it.o
    0x08001684   0x00000010   Code   RO          795    i.DMA2_Stream2_IRQHandler  stm32f4xx_it.o
    0x08001694   0x00000010   Code   RO          796    i.DMA2_Stream6_IRQHandler  stm32f4xx_it.o
    0x080016a4   0x00000010   Code   RO          797    i.DMA2_Stream7_IRQHandler  stm32f4xx_it.o
    0x080016b4   0x00000034   Code   RO         2047    i.DMA_CalcBaseAndBitshift  stm32f4xx_hal_dma.o
    0x080016e8   0x000000aa   Code   RO         2048    i.DMA_CheckFifoParam  stm32f4xx_hal_dma.o
    0x08001792   0x0000002c   Code   RO         2049    i.DMA_SetConfig     stm32f4xx_hal_dma.o
    0x080017be   0x00000002   PAD
    0x080017c0   0x00000764   Code   RO         8255    i.DataCenterDisplay_Prepare_OneGroupData_20250509  app_datacenter.o
    0x08001f24   0x00000014   Code   RO         8256    i.DataCenterHandle_Callback  app_datacenter.o
    0x08001f38   0x00000018   Code   RO         8257    i.DataCenterHandle_ClassificationVluSet  app_datacenter.o
    0x08001f50   0x0000004a   Code   RO         9579    i.DeInitStateMachine  usbh_core.o
    0x08001f9a   0x00000002   Code   RO          798    i.DebugMon_Handler  stm32f4xx_it.o
    0x08001f9c   0x00000006   Code   RO           13    i.Error_Handler     main.o
    0x08001fa2   0x00000002   PAD
    0x08001fa4   0x00000038   Code   RO         8182    i.ExFlashIf_SyncWriteRead_Complete  app_at24c.o
    0x08001fdc   0x00000068   Code   RO         8183    i.ExFlashIf_Sync_Read  app_at24c.o
    0x08002044   0x00000074   Code   RO         8184    i.ExFlashIf_Sync_Write  app_at24c.o
    0x080020b8   0x000000de   Code   RO         8185    i.ExFlash_CycleHandle  app_at24c.o
    0x08002196   0x0000001e   Code   RO         8186    i.ExFlash_Order_Clear  app_at24c.o
    0x080021b4   0x0000010c   Code   RO         8187    i.ExtFlash_OrderOnGoing  app_at24c.o
    0x080022c0   0x00000062   Code   RO         8188    i.ExtFlash_Order_Pop  app_at24c.o
    0x08002322   0x00000066   Code   RO         8189    i.ExtFlash_Order_Push  app_at24c.o
    0x08002388   0x00000006   Code   RO         9481    i.FATFS_LinkDriver  ff_gen_drv.o
    0x0800238e   0x00000002   PAD
    0x08002390   0x00000044   Code   RO         9482    i.FATFS_LinkDriverEx  ff_gen_drv.o
    0x080023d4   0x00000090   Code   RO         7432    i.GetFloatBalancingModelData  app_t5l_ctrl.o
    0x08002464   0x0000018c   Code   RO         2730    i.HAL_ADC_ConfigChannel  stm32f4xx_hal_adc.o
    0x080025f0   0x00000068   Code   RO         2739    i.HAL_ADC_Init      stm32f4xx_hal_adc.o
    0x08002658   0x0000007c   Code   RO          474    i.HAL_ADC_MspInit   adc.o
    0x080026d4   0x000000ac   Code   RO         2050    i.HAL_DMA_Abort     stm32f4xx_hal_dma.o
    0x08002780   0x00000028   Code   RO         2051    i.HAL_DMA_Abort_IT  stm32f4xx_hal_dma.o
    0x080027a8   0x00000240   Code   RO         2055    i.HAL_DMA_IRQHandler  stm32f4xx_hal_dma.o
    0x080029e8   0x000000ec   Code   RO         2056    i.HAL_DMA_Init      stm32f4xx_hal_dma.o
    0x08002ad4   0x00000092   Code   RO         2060    i.HAL_DMA_Start_IT  stm32f4xx_hal_dma.o
    0x08002b66   0x00000002   PAD
    0x08002b68   0x00000028   Code   RO         2474    i.HAL_Delay         stm32f4xx_hal.o
    0x08002b90   0x000001f4   Code   RO         1943    i.HAL_GPIO_Init     stm32f4xx_hal_gpio.o
    0x08002d84   0x00000010   Code   RO         1945    i.HAL_GPIO_ReadPin  stm32f4xx_hal_gpio.o
    0x08002d94   0x0000000c   Code   RO         1947    i.HAL_GPIO_WritePin  stm32f4xx_hal_gpio.o
    0x08002da0   0x0000000c   Code   RO         2480    i.HAL_GetTick       stm32f4xx_hal.o
    0x08002dac   0x00000008   Code   RO         8832    i.HAL_HCD_Connect_Callback  usbh_conf.o
    0x08002db4   0x00000008   Code   RO         8833    i.HAL_HCD_Disconnect_Callback  usbh_conf.o
    0x08002dbc   0x0000000c   Code   RO         1053    i.HAL_HCD_GetCurrentFrame  stm32f4xx_hal_hcd.o
    0x08002dc8   0x0000000c   Code   RO         1054    i.HAL_HCD_GetCurrentSpeed  stm32f4xx_hal_hcd.o
    0x08002dd4   0x00000018   Code   RO         1057    i.HAL_HCD_HC_GetURBState  stm32f4xx_hal_hcd.o
    0x08002dec   0x00000016   Code   RO         1058    i.HAL_HCD_HC_GetXferCount  stm32f4xx_hal_hcd.o
    0x08002e02   0x00000034   Code   RO         1059    i.HAL_HCD_HC_Halt   stm32f4xx_hal_hcd.o
    0x08002e36   0x00000106   Code   RO         1060    i.HAL_HCD_HC_Init   stm32f4xx_hal_hcd.o
    0x08002f3c   0x00000008   Code   RO         8834    i.HAL_HCD_HC_NotifyURBChange_Callback  usbh_conf.o
    0x08002f44   0x000002a4   Code   RO         1062    i.HAL_HCD_HC_SubmitRequest  stm32f4xx_hal_hcd.o
    0x080031e8   0x00000178   Code   RO         1063    i.HAL_HCD_IRQHandler  stm32f4xx_hal_hcd.o
    0x08003360   0x00000074   Code   RO         1064    i.HAL_HCD_Init      stm32f4xx_hal_hcd.o
    0x080033d4   0x000000fc   Code   RO         8836    i.HAL_HCD_MspInit   usbh_conf.o
    0x080034d0   0x00000008   Code   RO         8837    i.HAL_HCD_PortDisabled_Callback  usbh_conf.o
    0x080034d8   0x00000008   Code   RO         8838    i.HAL_HCD_PortEnabled_Callback  usbh_conf.o
    0x080034e0   0x0000000c   Code   RO         1069    i.HAL_HCD_ResetPort  stm32f4xx_hal_hcd.o
    0x080034ec   0x00000008   Code   RO         8839    i.HAL_HCD_SOF_Callback  usbh_conf.o
    0x080034f4   0x00000036   Code   RO         1071    i.HAL_HCD_Start     stm32f4xx_hal_hcd.o
    0x0800352a   0x0000002e   Code   RO         1072    i.HAL_HCD_Stop      stm32f4xx_hal_hcd.o
    0x08003558   0x000001d0   Code   RO         3014    i.HAL_I2C_Init      stm32f4xx_hal_i2c.o
    0x08003728   0x000002f4   Code   RO         3032    i.HAL_I2C_Mem_Read  stm32f4xx_hal_i2c.o
    0x08003a1c   0x00000164   Code   RO         3035    i.HAL_I2C_Mem_Write  stm32f4xx_hal_i2c.o
    0x08003b80   0x00000088   Code   RO          540    i.HAL_I2C_MspInit   i2c.o
    0x08003c08   0x00000018   Code   RO         2486    i.HAL_IncTick       stm32f4xx_hal.o
    0x08003c20   0x0000003c   Code   RO         2487    i.HAL_Init          stm32f4xx_hal.o
    0x08003c5c   0x000000b4   Code   RO         1011    i.HAL_InitTick      stm32f4xx_hal_timebase_tim.o
    0x08003d10   0x00000054   Code   RO          987    i.HAL_MspInit       stm32f4xx_hal_msp.o
    0x08003d64   0x00000020   Code   RO         2332    i.HAL_NVIC_EnableIRQ  stm32f4xx_hal_cortex.o
    0x08003d84   0x0000007c   Code   RO         2338    i.HAL_NVIC_SetPriority  stm32f4xx_hal_cortex.o
    0x08003e00   0x00000028   Code   RO         2339    i.HAL_NVIC_SetPriorityGrouping  stm32f4xx_hal_cortex.o
    0x08003e28   0x00000044   Code   RO         2340    i.HAL_NVIC_SystemReset  stm32f4xx_hal_cortex.o
    0x08003e6c   0x00000184   Code   RO         1544    i.HAL_RCC_ClockConfig  stm32f4xx_hal_rcc.o
    0x08003ff0   0x00000044   Code   RO         1548    i.HAL_RCC_GetClockConfig  stm32f4xx_hal_rcc.o
    0x08004034   0x0000000c   Code   RO         1549    i.HAL_RCC_GetHCLKFreq  stm32f4xx_hal_rcc.o
    0x08004040   0x00000020   Code   RO         1551    i.HAL_RCC_GetPCLK1Freq  stm32f4xx_hal_rcc.o
    0x08004060   0x00000020   Code   RO         1552    i.HAL_RCC_GetPCLK2Freq  stm32f4xx_hal_rcc.o
    0x08004080   0x000000b0   Code   RO         1553    i.HAL_RCC_GetSysClockFreq  stm32f4xx_hal_rcc.o
    0x08004130   0x0000049c   Code   RO         1556    i.HAL_RCC_OscConfig  stm32f4xx_hal_rcc.o
    0x080045cc   0x00000002   Code   RO         4210    i.HAL_TIMEx_BreakCallback  stm32f4xx_hal_tim_ex.o
    0x080045ce   0x00000002   Code   RO         4211    i.HAL_TIMEx_CommutCallback  stm32f4xx_hal_tim_ex.o
    0x080045d0   0x000000b4   Code   RO         4229    i.HAL_TIMEx_MasterConfigSynchronization  stm32f4xx_hal_tim_ex.o
    0x08004684   0x00000066   Code   RO         3495    i.HAL_TIM_Base_Init  stm32f4xx_hal_tim.o
    0x080046ea   0x00000002   PAD
    0x080046ec   0x00000034   Code   RO          582    i.HAL_TIM_Base_MspInit  tim.o
    0x08004720   0x000000a8   Code   RO         3500    i.HAL_TIM_Base_Start_IT  stm32f4xx_hal_tim.o
    0x080047c8   0x00000002   Code   RO         3529    i.HAL_TIM_IC_CaptureCallback  stm32f4xx_hal_tim.o
    0x080047ca   0x00000196   Code   RO         3543    i.HAL_TIM_IRQHandler  stm32f4xx_hal_tim.o
    0x08004960   0x00000002   Code   RO         3546    i.HAL_TIM_OC_DelayElapsedCallback  stm32f4xx_hal_tim.o
    0x08004962   0x00000002   Code   RO         3573    i.HAL_TIM_PWM_PulseFinishedCallback  stm32f4xx_hal_tim.o
    0x08004964   0x00000018   Code   RO           14    i.HAL_TIM_PeriodElapsedCallback  main.o
    0x0800497c   0x00000002   Code   RO         3586    i.HAL_TIM_TriggerCallback  stm32f4xx_hal_tim.o
    0x0800497e   0x00000002   Code   RO         4488    i.HAL_UARTEx_RxEventCallback  stm32f4xx_hal_uart.o
    0x08004980   0x0000008a   Code   RO         4500    i.HAL_UART_DMAStop  stm32f4xx_hal_uart.o
    0x08004a0a   0x00000002   Code   RO         4502    i.HAL_UART_ErrorCallback  stm32f4xx_hal_uart.o
    0x08004a0c   0x000002e0   Code   RO         4505    i.HAL_UART_IRQHandler  stm32f4xx_hal_uart.o
    0x08004cec   0x00000072   Code   RO         4506    i.HAL_UART_Init     stm32f4xx_hal_uart.o
    0x08004d5e   0x00000002   PAD
    0x08004d60   0x000006ac   Code   RO          624    i.HAL_UART_MspInit  usart.o
    0x0800540c   0x00000042   Code   RO         4510    i.HAL_UART_Receive_DMA  stm32f4xx_hal_uart.o
    0x0800544e   0x00000042   Code   RO         4511    i.HAL_UART_Receive_IT  stm32f4xx_hal_uart.o
    0x08005490   0x0000001c   Code   RO          625    i.HAL_UART_RxCpltCallback  usart.o
    0x080054ac   0x00000002   Code   RO         4513    i.HAL_UART_RxHalfCpltCallback  stm32f4xx_hal_uart.o
    0x080054ae   0x00000002   PAD
    0x080054b0   0x000000ac   Code   RO         4515    i.HAL_UART_Transmit_DMA  stm32f4xx_hal_uart.o
    0x0800555c   0x00000054   Code   RO          626    i.HAL_UART_TxCpltCallback  usart.o
    0x080055b0   0x00000002   Code   RO         4518    i.HAL_UART_TxHalfCpltCallback  stm32f4xx_hal_uart.o
    0x080055b2   0x0000061c   Code   RO         1074    i.HCD_HC_IN_IRQHandler  stm32f4xx_hal_hcd.o
    0x08005bce   0x00000666   Code   RO         1075    i.HCD_HC_OUT_IRQHandler  stm32f4xx_hal_hcd.o
    0x08006234   0x000000b6   Code   RO         1076    i.HCD_Port_IRQHandler  stm32f4xx_hal_hcd.o
    0x080062ea   0x00000184   Code   RO         1077    i.HCD_RXQLVL_IRQHandler  stm32f4xx_hal_hcd.o
    0x0800646e   0x00000004   Code   RO          799    i.HardFault_Handler  stm32f4xx_it.o
    0x08006472   0x0000003e   Code   RO         3057    i.I2C_IsAcknowledgeFailed  stm32f4xx_hal_i2c.o
    0x080064b0   0x00000160   Code   RO         3068    i.I2C_RequestMemoryRead  stm32f4xx_hal_i2c.o
    0x08006610   0x000000e0   Code   RO         3069    i.I2C_RequestMemoryWrite  stm32f4xx_hal_i2c.o
    0x080066f0   0x0000005c   Code   RO         3077    i.I2C_WaitOnBTFFlagUntilTimeout  stm32f4xx_hal_i2c.o
    0x0800674c   0x00000086   Code   RO         3078    i.I2C_WaitOnFlagUntilTimeout  stm32f4xx_hal_i2c.o
    0x080067d2   0x000000c4   Code   RO         3079    i.I2C_WaitOnMasterAddressFlagUntilTimeout  stm32f4xx_hal_i2c.o
    0x08006896   0x00000080   Code   RO         3080    i.I2C_WaitOnRXNEFlagUntilTimeout  stm32f4xx_hal_i2c.o
    0x08006916   0x0000005c   Code   RO         3083    i.I2C_WaitOnTXEFlagUntilTimeout  stm32f4xx_hal_i2c.o
    0x08006972   0x00000002   PAD
    0x08006974   0x00000040   Code   RO         6895    i.ISTxHandle_Event_JumpToDataCenterPage  app_innerscreentxhandle.o
    0x080069b4   0x0000002c   Code   RO         6896    i.ISTxHandle_Event_JumpToPage  app_innerscreentxhandle.o
    0x080069e0   0x000002e0   Code   RO         6897    i.ISTxHandle_Page_Datacenter_CycleDataHandle_20250509  app_innerscreentxhandle.o
    0x08006cc0   0x00000104   Code   RO         6898    i.ISTxHandle_Page_GongHaoLuRu  app_innerscreentxhandle.o
    0x08006dc4   0x000001c4   Code   RO         6899    i.ISTxHandle_Page_Home_CycleDataHandle  app_innerscreentxhandle.o
    0x08006f88   0x00000058   Code   RO         6900    i.ISTxHandle_Page_XueJiangLeiXingXuanZhe  app_innerscreentxhandle.o
    0x08006fe0   0x0000003c   Code   RO         8259    i.InnerScreenDataCenterHandle_CheckAll_jobStatus_Complete  app_datacenter.o
    0x0800701c   0x0000002a   Code   RO         8261    i.InnerScreenDataCenterHandle_ClearAll_jobStatus  app_datacenter.o
    0x08007046   0x0000008a   Code   RO         8266    i.InnerScreenDataCenterHandle_Init_OrderTriger2025  app_datacenter.o
    0x080070d0   0x00000a74   Code   RO         8267    i.InnerScreenDataCenterHandle_MainFunction  app_datacenter.o
    0x08007b44   0x00000020   Code   RO         8275    i.InnerScreenDataCenterHandle_Set_jobStatus  app_datacenter.o
    0x08007b64   0x00000074   Code   RO         8276    i.InnerScreenDataCenterHandle_UseWeight_Classification  app_datacenter.o
    0x08007bd8   0x00000080   Code   RO         8277    i.InnerScreenDataCenterHandle_WeightClassification_Init  app_datacenter.o
    0x08007c58   0x0000001c   Code   RO         8278    i.InnerScreenDataCenter_GetClassfication  app_datacenter.o
    0x08007c74   0x00000058   Code   RO         7065    i.LedCtrlSendPulse  app_led_ctrl.o
    0x08007ccc   0x00000088   Code   RO         7066    i.LedDataSet        app_led_ctrl.o
    0x08007d54   0x0000000a   Code   RO         7067    i.Led_delay         app_led_ctrl.o
    0x08007d5e   0x00000002   PAD
    0x08007d60   0x00000070   Code   RO          475    i.MX_ADC1_Init      adc.o
    0x08007dd0   0x00000108   Code   RO          515    i.MX_DMA_Init       dma.o
    0x08007ed8   0x00000018   Code   RO         9025    i.MX_DriverVbusFS   usbh_platform.o
    0x08007ef0   0x00000018   Code   RO         9026    i.MX_DriverVbusHS   usbh_platform.o
    0x08007f08   0x0000001c   Code   RO         8629    i.MX_FATFS_Init     fatfs.o
    0x08007f24   0x00000044   Code   RO          398    i.MX_FREERTOS_Init  freertos.o
    0x08007f68   0x00000270   Code   RO          374    i.MX_GPIO_Init      gpio.o
    0x080081d8   0x0000003c   Code   RO          541    i.MX_I2C1_Init      i2c.o
    0x08008214   0x0000004c   Code   RO          583    i.MX_TIM7_Init      tim.o
    0x08008260   0x00000038   Code   RO          627    i.MX_UART4_Init     usart.o
    0x08008298   0x00000038   Code   RO          628    i.MX_UART5_Init     usart.o
    0x080082d0   0x00000038   Code   RO          629    i.MX_USART1_UART_Init  usart.o
    0x08008308   0x00000038   Code   RO          630    i.MX_USART2_UART_Init  usart.o
    0x08008340   0x00000038   Code   RO          631    i.MX_USART3_UART_Init  usart.o
    0x08008378   0x00000038   Code   RO          632    i.MX_USART6_UART_Init  usart.o
    0x080083b0   0x00000078   Code   RO         8774    i.MX_USB_HOST_Init  usb_host.o
    0x08008428   0x00000004   Code   RO          800    i.MemManage_Handler  stm32f4xx_it.o
    0x0800842c   0x00000048   Code   RO         7169    i.ModbusRtu_MainFunction  app_modbus_rtu_ctrl.o
    0x08008474   0x00000050   Code   RO         7170    i.ModbusRtu_MasterCycleReadWeightScan  app_modbus_rtu_ctrl.o
    0x080084c4   0x0000002c   Code   RO         7171    i.ModbusRtu_MasterMainFunction  app_modbus_rtu_ctrl.o
    0x080084f0   0x000000e4   Code   RO         7172    i.ModbusRtu_MasterMaskHandle  app_modbus_rtu_ctrl.o
    0x080085d4   0x000000c4   Code   RO         7173    i.ModbusRtu_MasterRxMainFunction  app_modbus_rtu_ctrl.o
    0x08008698   0x00000092   Code   RO         7174    i.ModbusRtu_MasterTxMainFunction  app_modbus_rtu_ctrl.o
    0x0800872a   0x00000082   Code   RO         7175    i.ModbusRtu_RxMainFunction  app_modbus_rtu_ctrl.o
    0x080087ac   0x0000001c   Code   RO         7176    i.ModbusRtu_SlaveMainFunction  app_modbus_rtu_ctrl.o
    0x080087c8   0x0000008c   Code   RO         7177    i.ModbusRtu_SlaveRxMainFunction  app_modbus_rtu_ctrl.o
    0x08008854   0x00000056   Code   RO         7178    i.ModbusRtu_SlaveTxMainFunction  app_modbus_rtu_ctrl.o
    0x080088aa   0x00000002   PAD
    0x080088ac   0x0000016c   Code   RO         7179    i.ModbusRtu_SlaveTxMaskHandle  app_modbus_rtu_ctrl.o
    0x08008a18   0x00000040   Code   RO         7180    i.ModbusRtu_init    app_modbus_rtu_ctrl.o
    0x08008a58   0x00000004   Code   RO          801    i.NMI_Handler       stm32f4xx_it.o
    0x08008a5c   0x00000010   Code   RO          802    i.OTG_FS_IRQHandler  stm32f4xx_it.o
    0x08008a6c   0x00000010   Code   RO          803    i.OTG_HS_EP1_IN_IRQHandler  stm32f4xx_it.o
    0x08008a7c   0x00000010   Code   RO          804    i.OTG_HS_EP1_OUT_IRQHandler  stm32f4xx_it.o
    0x08008a8c   0x00000010   Code   RO          805    i.OTG_HS_IRQHandler  stm32f4xx_it.o
    0x08008a9c   0x0000004c   Code   RO         8455    i.RTC_MainFunction  app_utctimer.o
    0x08008ae8   0x0000004c   Code   RO         7295    i.STM32CheckPassWord  app_password.o
    0x08008b34   0x0000007c   Code   RO         8095    i.SmmzHandle_Mainfunction  app_smmz.o
    0x08008bb0   0x00000044   Code   RO         8096    i.Smmz_TrigReadCode  app_smmz.o
    0x08008bf4   0x00000044   Code   RO         8098    i.Smmz_TrigReset    app_smmz.o
    0x08008c38   0x0000001c   Code   RO          399    i.StartDefaultTask  freertos.o
    0x08008c54   0x0000000e   Code   RO          400    i.StartappTask1Ms   freertos.o
    0x08008c62   0x00000002   PAD
    0x08008c64   0x00000034   Code   RO         6120    i.SysTick_Handler   port.o
    0x08008c98   0x000000b4   Code   RO           15    i.SystemClock_Config  main.o
    0x08008d4c   0x00000014   Code   RO         4845    i.SystemInit        system_stm32f4xx.o
    0x08008d60   0x0000001c   Code   RO          806    i.TIM6_DAC_IRQHandler  stm32f4xx_it.o
    0x08008d7c   0x000000d8   Code   RO         3588    i.TIM_Base_SetConfig  stm32f4xx_hal_tim.o
    0x08008e54   0x00000014   Code   RO          807    i.UART4_IRQHandler  stm32f4xx_it.o
    0x08008e68   0x00000014   Code   RO          808    i.UART5_IRQHandler  stm32f4xx_it.o
    0x08008e7c   0x00000014   Code   RO         4519    i.UART_DMAAbortOnError  stm32f4xx_hal_uart.o
    0x08008e90   0x00000050   Code   RO         4520    i.UART_DMAError     stm32f4xx_hal_uart.o
    0x08008ee0   0x000000b0   Code   RO         4521    i.UART_DMAReceiveCplt  stm32f4xx_hal_uart.o
    0x08008f90   0x00000020   Code   RO         4523    i.UART_DMARxHalfCplt  stm32f4xx_hal_uart.o
    0x08008fb0   0x00000058   Code   RO         4525    i.UART_DMATransmitCplt  stm32f4xx_hal_uart.o
    0x08009008   0x0000000e   Code   RO         4527    i.UART_DMATxHalfCplt  stm32f4xx_hal_uart.o
    0x08009016   0x0000006c   Code   RO         4529    i.UART_EndRxTransfer  stm32f4xx_hal_uart.o
    0x08009082   0x00000020   Code   RO         4530    i.UART_EndTransmit_IT  stm32f4xx_hal_uart.o
    0x080090a2   0x00000026   Code   RO         4531    i.UART_EndTxTransfer  stm32f4xx_hal_uart.o
    0x080090c8   0x000000f8   Code   RO         4532    i.UART_Receive_IT   stm32f4xx_hal_uart.o
    0x080091c0   0x0000022c   Code   RO         4533    i.UART_SetConfig    stm32f4xx_hal_uart.o
    0x080093ec   0x000000d0   Code   RO         4534    i.UART_Start_Receive_DMA  stm32f4xx_hal_uart.o
    0x080094bc   0x0000004a   Code   RO         4535    i.UART_Start_Receive_IT  stm32f4xx_hal_uart.o
    0x08009506   0x00000060   Code   RO         4536    i.UART_Transmit_IT  stm32f4xx_hal_uart.o
    0x08009566   0x00000002   PAD
    0x08009568   0x00000014   Code   RO          809    i.USART1_IRQHandler  stm32f4xx_it.o
    0x0800957c   0x00000014   Code   RO          810    i.USART2_IRQHandler  stm32f4xx_it.o
    0x08009590   0x00000014   Code   RO          811    i.USART3_IRQHandler  stm32f4xx_it.o
    0x080095a4   0x00000014   Code   RO          812    i.USART6_IRQHandler  stm32f4xx_it.o
    0x080095b8   0x0000002c   Code   RO         8053    i.USART_HW_Choice   hal_uart.o
    0x080095e4   0x00000028   Code   RO         9919    i.USBH_AllocPipe    usbh_pipes.o
    0x0800960c   0x00000026   Code   RO         9847    i.USBH_BulkReceiveData  usbh_ioreq.o
    0x08009632   0x00000030   Code   RO         9848    i.USBH_BulkSendData  usbh_ioreq.o
    0x08009662   0x0000000a   Code   RO         9920    i.USBH_ClosePipe    usbh_pipes.o
    0x0800966c   0x0000001e   Code   RO         9733    i.USBH_ClrFeature   usbh_ctlreq.o
    0x0800968a   0x00000026   Code   RO         9849    i.USBH_CtlReceiveData  usbh_ioreq.o
    0x080096b0   0x00000068   Code   RO         9734    i.USBH_CtlReq       usbh_ctlreq.o
    0x08009718   0x00000030   Code   RO         9850    i.USBH_CtlSendData  usbh_ioreq.o
    0x08009748   0x00000024   Code   RO         9851    i.USBH_CtlSendSetup  usbh_ioreq.o
    0x0800976c   0x00000004   Code   RO         8840    i.USBH_Delay        usbh_conf.o
    0x08009770   0x0000004c   Code   RO         9581    i.USBH_FindInterface  usbh_core.o
    0x080097bc   0x00000018   Code   RO         9921    i.USBH_FreePipe     usbh_pipes.o
    0x080097d4   0x00000040   Code   RO         9735    i.USBH_GetDescriptor  usbh_ctlreq.o
    0x08009814   0x00000020   Code   RO         9922    i.USBH_GetFreePipe  usbh_pipes.o
    0x08009834   0x0000000e   Code   RO         9736    i.USBH_GetNextDesc  usbh_ctlreq.o
    0x08009842   0x0000002e   Code   RO         9737    i.USBH_Get_CfgDesc  usbh_ctlreq.o
    0x08009870   0x0000002e   Code   RO         9738    i.USBH_Get_DevDesc  usbh_ctlreq.o
    0x0800989e   0x0000002e   Code   RO         9739    i.USBH_Get_StringDesc  usbh_ctlreq.o
    0x080098cc   0x00000024   Code   RO         8841    i.USBH_Get_USB_Status  usbh_conf.o
    0x080098f0   0x0000008c   Code   RO         9966    i.USBH_HID_ClassRequest  usbh_hid.o
    0x0800997c   0x00000002   Code   RO         9967    i.USBH_HID_EventCallback  usbh_hid.o
    0x0800997e   0x0000000e   Code   RO         9968    i.USBH_HID_FifoInit  usbh_hid.o
    0x0800998c   0x00000062   Code   RO         9970    i.USBH_HID_FifoWrite  usbh_hid.o
    0x080099ee   0x00000014   Code   RO         9973    i.USBH_HID_GetHIDReportDescriptor  usbh_hid.o
    0x08009a02   0x00000022   Code   RO         9975    i.USBH_HID_GetReport  usbh_hid.o
    0x08009a24   0x0000004c   Code   RO         9976    i.USBH_HID_InterfaceDeInit  usbh_hid.o
    0x08009a70   0x00000160   Code   RO         9977    i.USBH_HID_InterfaceInit  usbh_hid.o
    0x08009bd0   0x0000005c   Code   RO        10102    i.USBH_HID_KeybdInit  usbh_hid_keybd.o
    0x08009c2c   0x00000054   Code   RO        10151    i.USBH_HID_MouseInit  usbh_hid_mouse.o
    0x08009c80   0x00000056   Code   RO         9978    i.USBH_HID_ParseHIDDesc  usbh_hid.o
    0x08009cd6   0x00000132   Code   RO         9979    i.USBH_HID_Process  usbh_hid.o
    0x08009e08   0x00000034   Code   RO         9980    i.USBH_HID_SOFProcess  usbh_hid.o
    0x08009e3c   0x0000001c   Code   RO         9981    i.USBH_HID_SetIdle  usbh_hid.o
    0x08009e58   0x00000022   Code   RO         9982    i.USBH_HID_SetProtocol  usbh_hid.o
    0x08009e7a   0x000002ca   Code   RO         9740    i.USBH_HandleControl  usbh_ctlreq.o
    0x0800a144   0x00000294   Code   RO         9584    i.USBH_HandleEnum   usbh_core.o
    0x0800a3d8   0x00000014   Code   RO         9585    i.USBH_HandleSof    usbh_core.o
    0x0800a3ec   0x00000084   Code   RO         9586    i.USBH_Init         usbh_core.o
    0x0800a470   0x00000026   Code   RO         9852    i.USBH_InterruptReceiveData  usbh_ioreq.o
    0x0800a496   0x00000012   Code   RO         8842    i.USBH_LL_ClosePipe  usbh_conf.o
    0x0800a4a8   0x00000022   Code   RO         9588    i.USBH_LL_Connect   usbh_core.o
    0x0800a4ca   0x0000003e   Code   RO         9589    i.USBH_LL_Disconnect  usbh_core.o
    0x0800a508   0x0000002a   Code   RO         8844    i.USBH_LL_DriverVBUS  usbh_conf.o
    0x0800a532   0x00000008   Code   RO         8845    i.USBH_LL_GetLastXferSize  usbh_conf.o
    0x0800a53a   0x00000022   Code   RO         8846    i.USBH_LL_GetSpeed  usbh_conf.o
    0x0800a55c   0x00000024   Code   RO         8847    i.USBH_LL_GetToggle  usbh_conf.o
    0x0800a580   0x00000008   Code   RO         8848    i.USBH_LL_GetURBState  usbh_conf.o
    0x0800a588   0x0000000e   Code   RO         9590    i.USBH_LL_IncTimer  usbh_core.o
    0x0800a596   0x00000002   PAD
    0x0800a598   0x00000098   Code   RO         8849    i.USBH_LL_Init      usbh_conf.o
    0x0800a630   0x00000016   Code   RO         9591    i.USBH_LL_NotifyURBChange  usbh_core.o
    0x0800a646   0x00000026   Code   RO         8850    i.USBH_LL_OpenPipe  usbh_conf.o
    0x0800a66c   0x00000008   Code   RO         9592    i.USBH_LL_PortDisabled  usbh_core.o
    0x0800a674   0x00000014   Code   RO         9593    i.USBH_LL_PortEnabled  usbh_core.o
    0x0800a688   0x00000012   Code   RO         8851    i.USBH_LL_ResetPort  usbh_conf.o
    0x0800a69a   0x00000006   Code   RO         9594    i.USBH_LL_SetTimer  usbh_core.o
    0x0800a6a0   0x00000026   Code   RO         8852    i.USBH_LL_SetToggle  usbh_conf.o
    0x0800a6c6   0x00000012   Code   RO         8853    i.USBH_LL_Start     usbh_conf.o
    0x0800a6d8   0x00000012   Code   RO         8854    i.USBH_LL_Stop      usbh_conf.o
    0x0800a6ea   0x0000002a   Code   RO         8855    i.USBH_LL_SubmitURB  usbh_conf.o
    0x0800a714   0x00000024   Code   RO        10309    i.USBH_MSC_BOT_Abort  usbh_msc_bot.o
    0x0800a738   0x00000024   Code   RO        10310    i.USBH_MSC_BOT_Init  usbh_msc_bot.o
    0x0800a75c   0x000002e8   Code   RO        10311    i.USBH_MSC_BOT_Process  usbh_msc_bot.o
    0x0800aa44   0x00000016   Code   RO        10312    i.USBH_MSC_BOT_REQ_GetMaxLUN  usbh_msc_bot.o
    0x0800aa5a   0x00000018   Code   RO        10313    i.USBH_MSC_BOT_REQ_Reset  usbh_msc_bot.o
    0x0800aa72   0x0000007c   Code   RO        10218    i.USBH_MSC_ClassRequest  usbh_msc.o
    0x0800aaee   0x00000002   PAD
    0x0800aaf0   0x0000004c   Code   RO        10314    i.USBH_MSC_DecodeCSW  usbh_msc_bot.o
    0x0800ab3c   0x00000070   Code   RO        10219    i.USBH_MSC_GetLUNInfo  usbh_msc.o
    0x0800abac   0x0000004c   Code   RO        10221    i.USBH_MSC_InterfaceDeInit  usbh_msc.o
    0x0800abf8   0x00000122   Code   RO        10222    i.USBH_MSC_InterfaceInit  usbh_msc.o
    0x0800ad1a   0x0000036a   Code   RO        10224    i.USBH_MSC_Process  usbh_msc.o
    0x0800b084   0x000000f2   Code   RO        10225    i.USBH_MSC_RdWrProcess  usbh_msc.o
    0x0800b176   0x0000009a   Code   RO        10226    i.USBH_MSC_Read     usbh_msc.o
    0x0800b210   0x000000e4   Code   RO        10365    i.USBH_MSC_SCSI_Inquiry  usbh_msc_scsi.o
    0x0800b2f4   0x0000009c   Code   RO        10366    i.USBH_MSC_SCSI_Read  usbh_msc_scsi.o
    0x0800b390   0x0000008c   Code   RO        10367    i.USBH_MSC_SCSI_ReadCapacity  usbh_msc_scsi.o
    0x0800b41c   0x00000098   Code   RO        10368    i.USBH_MSC_SCSI_RequestSense  usbh_msc_scsi.o
    0x0800b4b4   0x0000004e   Code   RO        10369    i.USBH_MSC_SCSI_TestUnitReady  usbh_msc_scsi.o
    0x0800b502   0x0000009a   Code   RO        10370    i.USBH_MSC_SCSI_Write  usbh_msc_scsi.o
    0x0800b59c   0x00000004   Code   RO        10227    i.USBH_MSC_SOFProcess  usbh_msc.o
    0x0800b5a0   0x00000026   Code   RO        10228    i.USBH_MSC_UnitIsReady  usbh_msc.o
    0x0800b5c6   0x0000009a   Code   RO        10229    i.USBH_MSC_Write    usbh_msc.o
    0x0800b660   0x0000001e   Code   RO         9923    i.USBH_OpenPipe     usbh_pipes.o
    0x0800b67e   0x00000136   Code   RO         9741    i.USBH_ParseCfgDesc  usbh_ctlreq.o
    0x0800b7b4   0x0000006c   Code   RO         9742    i.USBH_ParseDevDesc  usbh_ctlreq.o
    0x0800b820   0x00000096   Code   RO         9743    i.USBH_ParseEPDesc  usbh_ctlreq.o
    0x0800b8b6   0x00000026   Code   RO         9744    i.USBH_ParseInterfaceDesc  usbh_ctlreq.o
    0x0800b8dc   0x00000034   Code   RO         9745    i.USBH_ParseStringDesc  usbh_ctlreq.o
    0x0800b910   0x00000322   Code   RO         9595    i.USBH_Process      usbh_core.o
    0x0800bc32   0x0000002c   Code   RO         9596    i.USBH_Process_OS   usbh_core.o
    0x0800bc5e   0x00000022   Code   RO         9598    i.USBH_RegisterClass  usbh_core.o
    0x0800bc80   0x00000016   Code   RO         9599    i.USBH_SelectInterface  usbh_core.o
    0x0800bc96   0x0000001c   Code   RO         9746    i.USBH_SetAddress   usbh_ctlreq.o
    0x0800bcb2   0x0000001c   Code   RO         9747    i.USBH_SetCfg       usbh_ctlreq.o
    0x0800bcce   0x0000001c   Code   RO         9748    i.USBH_SetFeature   usbh_ctlreq.o
    0x0800bcea   0x00000016   Code   RO         9600    i.USBH_Start        usbh_core.o
    0x0800bd00   0x00000028   Code   RO         8775    i.USBH_UserProcess1  usb_host.o
    0x0800bd28   0x00000028   Code   RO         8776    i.USBH_UserProcess2  usb_host.o
    0x0800bd50   0x00000004   Code   RO         8561    i.USBH_initialize   usbh_diskio.o
    0x0800bd54   0x00000070   Code   RO         8562    i.USBH_ioctl        usbh_diskio.o
    0x0800bdc4   0x00000044   Code   RO         8563    i.USBH_read         usbh_diskio.o
    0x0800be08   0x00000018   Code   RO         8564    i.USBH_status       usbh_diskio.o
    0x0800be20   0x0000004c   Code   RO         8565    i.USBH_write        usbh_diskio.o
    0x0800be6c   0x0000005c   Code   RO         8668    i.USBIf_Mainfunction  usb_essh.o
    0x0800bec8   0x00000066   Code   RO         8669    i.USBIf_Mainfunction_Disconnect  usb_essh.o
    0x0800bf2e   0x00000002   PAD
    0x0800bf30   0x00000324   Code   RO         8670    i.USBIf_Mainfunction_Ready  usb_essh.o
    0x0800c254   0x0000003a   Code   RO         8672    i.USBIf_OrderTrigger_Write  usb_essh.o
    0x0800c28e   0x00000002   PAD
    0x0800c290   0x00000030   Code   RO         8673    i.USBIf_PrepareFileName  usb_essh.o
    0x0800c2c0   0x00000174   Code   RO         8674    i.USBIf_WriteHanle_PrepareData  usb_essh.o
    0x0800c434   0x00000084   Code   RO         1237    i.USB_CoreInit      stm32f4xx_ll_usb.o
    0x0800c4b8   0x00000058   Code   RO         1238    i.USB_CoreReset     stm32f4xx_ll_usb.o
    0x0800c510   0x0000000e   Code   RO         1245    i.USB_DisableGlobalInt  stm32f4xx_ll_usb.o
    0x0800c51e   0x00000002   PAD
    0x0800c520   0x00000044   Code   RO         1246    i.USB_DoPing        stm32f4xx_ll_usb.o
    0x0800c564   0x0000004a   Code   RO         1247    i.USB_DriveVbus     stm32f4xx_ll_usb.o
    0x0800c5ae   0x0000000e   Code   RO         1254    i.USB_EnableGlobalInt  stm32f4xx_ll_usb.o
    0x0800c5bc   0x00000054   Code   RO         1255    i.USB_FlushRxFifo   stm32f4xx_ll_usb.o
    0x0800c610   0x00000058   Code   RO         1256    i.USB_FlushTxFifo   stm32f4xx_ll_usb.o
    0x0800c668   0x0000000e   Code   RO         1257    i.USB_GetCurrentFrame  stm32f4xx_ll_usb.o
    0x0800c676   0x00000018   Code   RO         1259    i.USB_GetHostSpeed  stm32f4xx_ll_usb.o
    0x0800c68e   0x0000000a   Code   RO         1260    i.USB_GetMode       stm32f4xx_ll_usb.o
    0x0800c698   0x00000172   Code   RO         1261    i.USB_HC_Halt       stm32f4xx_ll_usb.o
    0x0800c80a   0x000001c2   Code   RO         1262    i.USB_HC_Init       stm32f4xx_ll_usb.o
    0x0800c9cc   0x0000000e   Code   RO         1263    i.USB_HC_ReadInterrupt  stm32f4xx_ll_usb.o
    0x0800c9da   0x00000002   PAD
    0x0800c9dc   0x000001d0   Code   RO         1264    i.USB_HC_StartXfer  stm32f4xx_ll_usb.o
    0x0800cbac   0x000000fc   Code   RO         1265    i.USB_HostInit      stm32f4xx_ll_usb.o
    0x0800cca8   0x00000044   Code   RO         1266    i.USB_InitFSLSPClkSel  stm32f4xx_ll_usb.o
    0x0800ccec   0x0000000a   Code   RO         1271    i.USB_ReadInterrupts  stm32f4xx_ll_usb.o
    0x0800ccf6   0x00000060   Code   RO         1272    i.USB_ReadPacket    stm32f4xx_ll_usb.o
    0x0800cd56   0x0000003c   Code   RO         1273    i.USB_ResetPort     stm32f4xx_ll_usb.o
    0x0800cd92   0x00000002   PAD
    0x0800cd94   0x0000001c   Code   RO         8501    i.USB_SMQ_ClearDecodeData  app_usbsmq.o
    0x0800cdb0   0x00000148   Code   RO         8504    i.USB_SMQ_Decode    app_usbsmq.o
    0x0800cef8   0x00000048   Code   RO         8505    i.USB_SMQ_GetDecodeData  app_usbsmq.o
    0x0800cf40   0x00000154   Code   RO         8506    i.USB_SMQ_Handle_MainFunction  app_usbsmq.o
    0x0800d094   0x00000068   Code   RO         1274    i.USB_SetCurrentMode  stm32f4xx_ll_usb.o
    0x0800d0fc   0x000000c6   Code   RO         1279    i.USB_StopHost      stm32f4xx_ll_usb.o
    0x0800d1c2   0x00000044   Code   RO         1280    i.USB_WritePacket   stm32f4xx_ll_usb.o
    0x0800d206   0x00000004   Code   RO          813    i.UsageFault_Handler  stm32f4xx_it.o
    0x0800d20a   0x00000002   PAD
    0x0800d20c   0x00000068   Code   RO          633    i.Usart1AsScreen1Receive_IDLE  usart.o
    0x0800d274   0x0000006c   Code   RO          634    i.Usart2AsScreen2Receive_IDLE  usart.o
    0x0800d2e0   0x00000090   Code   RO          635    i.Usart3WithXXReceive_IDLE  usart.o
    0x0800d370   0x00000098   Code   RO          636    i.Usart4WithRS485Receive_IDLE  usart.o
    0x0800d408   0x00000098   Code   RO          637    i.Usart5WithYYReceive_IDLE  usart.o
    0x0800d4a0   0x00000090   Code   RO          638    i.Usart6WithZZReceive_IDLE  usart.o
    0x0800d530   0x00000010   Code   RO         2345    i.__NVIC_GetPriorityGrouping  stm32f4xx_hal_cortex.o
    0x0800d540   0x00000028   Code   RO         2346    i.__NVIC_SetPriority  stm32f4xx_hal_cortex.o
    0x0800d568   0x0000004c   Code   RO         7408    i.appScreenCfgIndexGet  app_t5l_cfg.o
    0x0800d5b4   0x00000010   Code   RO         8279    i.appTrigerDatacenter2Store  app_datacenter.o
    0x0800d5c4   0x000000bc   Code   RO         6608    i.app_HAL_I2C_Master_Read  app_i2c.o
    0x0800d680   0x000000c0   Code   RO         6609    i.app_HAL_I2C_Master_Transmit  app_i2c.o
    0x0800d740   0x00000002   Code   RO         7128    i.app_main_init     app_main_task.o
    0x0800d742   0x00000002   PAD
    0x0800d744   0x00000040   Code   RO         7129    i.app_main_task     app_main_task.o
    0x0800d784   0x0000001a   Code   RO         7068    i.balaningColorClear  app_led_ctrl.o
    0x0800d79e   0x00000002   PAD
    0x0800d7a0   0x00000048   Code   RO         6315    i.cal_crc16         app_crc.o
    0x0800d7e8   0x00000074   Code   RO         9110    i.check_fs          ff.o
    0x0800d85c   0x00000010   Code   RO         9111    i.chk_chr           ff.o
    0x0800d86c   0x00000070   Code   RO         9112    i.chk_lock          ff.o
    0x0800d8dc   0x000000c0   Code   RO         7434    i.clearLocalCalibrationKAndBAndSample  app_t5l_ctrl.o
    0x0800d99c   0x00000080   Code   RO         7435    i.clearLocalCalibrationRecordData  app_t5l_ctrl.o
    0x0800da1c   0x00000024   Code   RO         9113    i.clear_lock        ff.o
    0x0800da40   0x00000028   Code   RO         9114    i.clmt_clust        ff.o
    0x0800da68   0x00000018   Code   RO         9115    i.clust2sect        ff.o
    0x0800da80   0x00000028   Code   RO         7436    i.color_clearAllColor  app_t5l_ctrl.o
    0x0800daa8   0x000000ba   Code   RO         9116    i.create_chain      ff.o
    0x0800db62   0x00000002   PAD
    0x0800db64   0x000000fc   Code   RO         9117    i.create_name       ff.o
    0x0800dc60   0x00000030   Code   RO         9118    i.dec_lock          ff.o
    0x0800dc90   0x0000004a   Code   RO         9119    i.dir_alloc         ff.o
    0x0800dcda   0x00000058   Code   RO         9120    i.dir_find          ff.o
    0x0800dd32   0x00000126   Code   RO         9121    i.dir_next          ff.o
    0x0800de58   0x0000003c   Code   RO         9123    i.dir_register      ff.o
    0x0800de94   0x000000a4   Code   RO         9125    i.dir_sdi           ff.o
    0x0800df38   0x0000002c   Code   RO         9055    i.disk_initialize   diskio.o
    0x0800df64   0x0000001c   Code   RO         9056    i.disk_ioctl        diskio.o
    0x0800df80   0x00000020   Code   RO         9057    i.disk_read         diskio.o
    0x0800dfa0   0x00000018   Code   RO         9058    i.disk_status       diskio.o
    0x0800dfb8   0x00000020   Code   RO         9059    i.disk_write        diskio.o
    0x0800dfd8   0x00000028   Code   RO         9126    i.enq_lock          ff.o
    0x0800e000   0x00000034   Code   RO         6367    i.externalScreenRxHandle_RemoveWeightTriger  app_externalscreenrxhandle.o
    0x0800e034   0x0000001e   Code   RO         6368    i.externalScreenRxHandle_Version  app_externalscreenrxhandle.o
    0x0800e052   0x0000007e   Code   RO         6404    i.externalScreenTxHandle_ChangeDisplayPosition  app_externalscreentxhandle.o
    0x0800e0d0   0x00000550   Code   RO         6405    i.externalScreenTxHandle_Init  app_externalscreentxhandle.o
    0x0800e620   0x00000034   Code   RO         6406    i.externalScreenTxHandle_JumpToBanlingPage  app_externalscreentxhandle.o
    0x0800e654   0x00000024   Code   RO         6407    i.externalScreenTxHandle_ScreenInit  app_externalscreentxhandle.o
    0x0800e678   0x00000030   Code   RO         6408    i.externalScreenTxHandle_ScreenWeightAndColorAndHelpHandle  app_externalscreentxhandle.o
    0x0800e6a8   0x00000034   Code   RO         9127    i.f_close           ff.o
    0x0800e6dc   0x00000314   Code   RO         9131    i.f_lseek           ff.o
    0x0800e9f0   0x00000098   Code   RO         9134    i.f_mount           ff.o
    0x0800ea88   0x00000218   Code   RO         9135    i.f_open            ff.o
    0x0800eca0   0x000000aa   Code   RO         9144    i.f_sync            ff.o
    0x0800ed4a   0x00000218   Code   RO         9147    i.f_write           ff.o
    0x0800ef62   0x00000020   Code   RO         9531    i.ff_cre_syncobj    syscall.o
    0x0800ef82   0x0000000a   Code   RO         9532    i.ff_del_syncobj    syscall.o
    0x0800ef8c   0x00000004   Code   RO         9533    i.ff_rel_grant      syscall.o
    0x0800ef90   0x00000014   Code   RO         9534    i.ff_req_grant      syscall.o
    0x0800efa4   0x000002ec   Code   RO         9148    i.find_volume       ff.o
    0x0800f290   0x00000086   Code   RO         9149    i.follow_path       ff.o
    0x0800f316   0x00000002   PAD
    0x0800f318   0x0000001c   Code   RO         6462    i.getChanelStruct   app_hx711_ctrl.o
    0x0800f334   0x0000000c   Code   RO         7181    i.getModbusOtherRemoveFlag  app_modbus_rtu_ctrl.o
    0x0800f340   0x00000034   Code   RO         7437    i.getSysColorWhichUsable  app_t5l_ctrl.o
    0x0800f374   0x0000000c   Code   RO          814    i.get_SysTick_ByTimer  stm32f4xx_it.o
    0x0800f380   0x00000020   Code   RO         8456    i.get_days_in_month  app_utctimer.o
    0x0800f3a0   0x000000c4   Code   RO         9150    i.get_fat           ff.o
    0x0800f464   0x00000004   Code   RO         8630    i.get_fattime       fatfs.o
    0x0800f468   0x0000004e   Code   RO         9152    i.get_ldnumber      ff.o
    0x0800f4b6   0x00000016   Code   RO         7980    i.hal_delay_ms      hal_delay.o
    0x0800f4cc   0x00000010   Code   RO         7982    i.hal_delay_us      hal_delay.o
    0x0800f4dc   0x00000028   Code   RO         8007    i.hal_di_get        hal_gpio.o
    0x0800f504   0x00000020   Code   RO         8009    i.hal_gpio_set_do_high  hal_gpio.o
    0x0800f524   0x00000020   Code   RO         8010    i.hal_gpio_set_do_low  hal_gpio.o
    0x0800f544   0x000001a8   Code   RO         8054    i.hal_uart_choice   hal_uart.o
    0x0800f6ec   0x0000009c   Code   RO         8055    i.hal_uart_tx_bytes  hal_uart.o
    0x0800f788   0x000000cc   Code   RO         6464    i.hx711_AllChanelSample  app_hx711_ctrl.o
    0x0800f854   0x0000002c   Code   RO         6465    i.hx711_DataSampleCtrl  app_hx711_ctrl.o
    0x0800f880   0x00000058   Code   RO         6466    i.hx711_MainFunction  app_hx711_ctrl.o
    0x0800f8d8   0x00000118   Code   RO         6469    i.hx711_SampleFunction  app_hx711_ctrl.o
    0x0800f9f0   0x000001e8   Code   RO         6470    i.hx711_SenserCheck  app_hx711_ctrl.o
    0x0800fbd8   0x000000dc   Code   RO         6471    i.hx711_SigChanelAvrgAndWeightCalc  app_hx711_ctrl.o
    0x0800fcb4   0x00000020   Code   RO         6472    i.hx711_getAvgSample  app_hx711_ctrl.o
    0x0800fcd4   0x0000009c   Code   RO         6473    i.hx711_getWeight   app_hx711_ctrl.o
    0x0800fd70   0x00000168   Code   RO         6474    i.hx711_init        app_hx711_ctrl.o
    0x0800fed8   0x0000005c   Code   RO         6475    i.hx711_setAllRemoveWeight  app_hx711_ctrl.o
    0x0800ff34   0x00000010   Code   RO         5683    i.inHandlerMode     cmsis_os.o
    0x0800ff44   0x00000094   Code   RO         9153    i.inc_lock          ff.o
    0x0800ffd8   0x000000d0   Code   RO         7441    i.innerScreenReadReg  app_t5l_ctrl.o
    0x080100a8   0x00000040   Code   RO         6688    i.innerScreenRxHandle_CalibrateAddressSet  app_innerscreenrxhandle.o
    0x080100e8   0x0000003a   Code   RO         6689    i.innerScreenRxHandle_CalibrateChanelSet  app_innerscreenrxhandle.o
    0x08010122   0x000000dc   Code   RO         6690    i.innerScreenRxHandle_CalibratePointSampleAndSet  app_innerscreenrxhandle.o
    0x080101fe   0x000000ae   Code   RO         6691    i.innerScreenRxHandle_CalibratePointSet  app_innerscreenrxhandle.o
    0x080102ac   0x00000016   Code   RO         6692    i.innerScreenRxHandle_CurPage  app_innerscreenrxhandle.o
    0x080102c2   0x00000002   PAD
    0x080102c4   0x00000154   Code   RO         6693    i.innerScreenRxHandle_DataCenterPageHandle  app_innerscreenrxhandle.o
    0x08010418   0x0000002c   Code   RO         6694    i.innerScreenRxHandle_Gonghao  app_innerscreenrxhandle.o
    0x08010444   0x00000014   Code   RO         6695    i.innerScreenRxHandle_HomePageHandle  app_innerscreenrxhandle.o
    0x08010458   0x00000040   Code   RO         6696    i.innerScreenRxHandle_JumpToCalibrateOrActivePage  app_innerscreenrxhandle.o
    0x08010498   0x00000088   Code   RO         6697    i.innerScreenRxHandle_JumpToDataCenterTriger  app_innerscreenrxhandle.o
    0x08010520   0x00000028   Code   RO         6698    i.innerScreenRxHandle_JumpToSysParaPage  app_innerscreenrxhandle.o
    0x08010548   0x00000054   Code   RO         6699    i.innerScreenRxHandle_OutputAll2Upan  app_innerscreenrxhandle.o
    0x0801059c   0x00000030   Code   RO         6700    i.innerScreenRxHandle_PageHomeTriggerSingleSave  app_innerscreenrxhandle.o
    0x080105cc   0x000001d8   Code   RO         6701    i.innerScreenRxHandle_RTC_YMDHMS  app_innerscreenrxhandle.o
    0x080107a4   0x00000034   Code   RO         6702    i.innerScreenRxHandle_RemoveWeightTriger  app_innerscreenrxhandle.o
    0x080107d8   0x000000ec   Code   RO         6703    i.innerScreenRxHandle_SearchSet  app_innerscreenrxhandle.o
    0x080108c4   0x000000e8   Code   RO         6704    i.innerScreenRxHandle_Sizer_ClassifySet  app_innerscreenrxhandle.o
    0x080109ac   0x00000160   Code   RO         6705    i.innerScreenRxHandle_SysPara  app_innerscreenrxhandle.o
    0x08010b0c   0x0000002c   Code   RO         6706    i.innerScreenRxHandle_SysPassWord  app_innerscreenrxhandle.o
    0x08010b38   0x00000026   Code   RO         6707    i.innerScreenRxHandle_SystemReset  app_innerscreenrxhandle.o
    0x08010b5e   0x0000001c   Code   RO         6708    i.innerScreenRxHandle_Version  app_innerscreenrxhandle.o
    0x08010b7a   0x00000002   PAD
    0x08010b7c   0x00000044   Code   RO         6709    i.innerScreenRxHandle_Xuejiangleixing  app_innerscreenrxhandle.o
    0x08010bc0   0x0000046c   Code   RO         6904    i.innerScreenTxHandle_Init  app_innerscreentxhandle.o
    0x0801102c   0x00000028   Code   RO         6906    i.innerScreenTxHandle_JumpToCalibrationPage  app_innerscreentxhandle.o
    0x08011054   0x00000024   Code   RO         6909    i.innerScreenTxHandle_ScreenInit  app_innerscreentxhandle.o
    0x08011078   0x0000010a   Code   RO         7442    i.innerScreenWriteReg  app_t5l_ctrl.o
    0x08011182   0x00000034   Code   RO         8457    i.is_leap_year      app_utctimer.o
    0x080111b6   0x00000002   PAD
    0x080111b8   0x00000020   Code   RO         7016    i.key_FilterGet     app_key_ctrl.o
    0x080111d8   0x000000b8   Code   RO         7017    i.key_MainFunction  app_key_ctrl.o
    0x08011290   0x000000ac   Code   RO         7018    i.key_filter        app_key_ctrl.o
    0x0801133c   0x00000058   Code   RO         7019    i.key_init          app_key_ctrl.o
    0x08011394   0x00000026   Code   RO         9154    i.ld_clust          ff.o
    0x080113ba   0x00000016   Code   RO         9155    i.ld_dword          ff.o
    0x080113d0   0x0000000a   Code   RO         9156    i.ld_word           ff.o
    0x080113da   0x0000003e   Code   RO         7071    i.led_init          app_led_ctrl.o
    0x08011418   0x00000016   Code   RO         9157    i.lock_fs           ff.o
    0x0801142e   0x00000002   PAD
    0x08011430   0x00000114   Code   RO           16    i.main              main.o
    0x08011544   0x0000000e   Code   RO         5685    i.makeFreeRtosPriority  cmsis_os.o
    0x08011552   0x00000018   Code   RO         9158    i.mem_cmp           ff.o
    0x0801156a   0x00000012   Code   RO         9159    i.mem_cpy           ff.o
    0x0801157c   0x0000000c   Code   RO         9160    i.mem_set           ff.o
    0x08011588   0x00000034   Code   RO         9161    i.move_window       ff.o
    0x080115bc   0x00000108   Code   RO         8458    i.mygmtime          app_utctimer.o
    0x080116c4   0x00000128   Code   RO         8459    i.mymktime          app_utctimer.o
    0x080117ec   0x00000018   Code   RO         5687    i.osDelay           cmsis_os.o
    0x08011804   0x0000000a   Code   RO         5690    i.osKernelStart     cmsis_os.o
    0x0801180e   0x00000028   Code   RO         5699    i.osMessageCreate   cmsis_os.o
    0x08011836   0x00000002   PAD
    0x08011838   0x0000009c   Code   RO         5701    i.osMessageGet      cmsis_os.o
    0x080118d4   0x00000060   Code   RO         5703    i.osMessagePut      cmsis_os.o
    0x08011934   0x0000004a   Code   RO         5716    i.osSemaphoreCreate  cmsis_os.o
    0x0801197e   0x00000018   Code   RO         5717    i.osSemaphoreDelete  cmsis_os.o
    0x08011996   0x00000002   PAD
    0x08011998   0x00000050   Code   RO         5719    i.osSemaphoreRelease  cmsis_os.o
    0x080119e8   0x00000068   Code   RO         5720    i.osSemaphoreWait   cmsis_os.o
    0x08011a50   0x0000005e   Code   RO         5724    i.osThreadCreate    cmsis_os.o
    0x08011aae   0x00000002   PAD
    0x08011ab0   0x00000024   Code   RO         7446    i.pointSampleTrigerDataSet  app_t5l_ctrl.o
    0x08011ad4   0x00000044   Code   RO         7447    i.pointTrigerDataSet  app_t5l_ctrl.o
    0x08011b18   0x00000024   Code   RO         7448    i.pointWeightTrigerDataSet  app_t5l_ctrl.o
    0x08011b3c   0x00000098   Code   RO         5356    i.prvAddCurrentTaskToDelayedList  tasks.o
    0x08011bd4   0x000000b4   Code   RO         5357    i.prvAddNewTaskToReadyList  tasks.o
    0x08011c88   0x00000048   Code   RO         5358    i.prvCheckTasksWaitingTermination  tasks.o
    0x08011cd0   0x0000002a   Code   RO         5022    i.prvCopyDataFromQueue  queue.o
    0x08011cfa   0x0000007e   Code   RO         5023    i.prvCopyDataToQueue  queue.o
    0x08011d78   0x00000050   Code   RO         5359    i.prvDeleteTCB      tasks.o
    0x08011dc8   0x00000014   Code   RO         5024    i.prvGetDisinheritPriorityAfterTimeout  queue.o
    0x08011ddc   0x0000007c   Code   RO         6052    i.prvHeapInit       heap_4.o
    0x08011e58   0x00000028   Code   RO         5360    i.prvIdleTask       tasks.o
    0x08011e80   0x00000026   Code   RO         5026    i.prvInitialiseNewQueue  queue.o
    0x08011ea6   0x000000b4   Code   RO         5361    i.prvInitialiseNewTask  tasks.o
    0x08011f5a   0x00000002   PAD
    0x08011f5c   0x00000068   Code   RO         5362    i.prvInitialiseTaskLists  tasks.o
    0x08011fc4   0x00000068   Code   RO         6053    i.prvInsertBlockIntoFreeList  heap_4.o
    0x0801202c   0x0000001a   Code   RO         5027    i.prvIsQueueEmpty   queue.o
    0x08012046   0x0000001e   Code   RO         5028    i.prvIsQueueFull    queue.o
    0x08012064   0x00000034   Code   RO         5363    i.prvResetNextTaskUnblockTime  tasks.o
    0x08012098   0x00000040   Code   RO         6121    i.prvTaskExitError  port.o
    0x080120d8   0x0000007e   Code   RO         5029    i.prvUnlockQueue    queue.o
    0x08012156   0x00000102   Code   RO         9162    i.put_fat           ff.o
    0x08012258   0x0000014c   Code   RO         6054    i.pvPortMalloc      heap_4.o
    0x080123a4   0x00000020   Code   RO         5365    i.pvTaskIncrementMutexHeldCount  tasks.o
    0x080123c4   0x0000002c   Code   RO         6122    i.pxPortInitialiseStack  port.o
    0x080123f0   0x00000038   Code   RO         7450    i.readColorDataFromSys  app_t5l_ctrl.o
    0x08012428   0x00000038   Code   RO         7451    i.readHelpDataFromSys  app_t5l_ctrl.o
    0x08012460   0x00000176   Code   RO         7335    i.readSysDataFromFlash  app_syspara.o
    0x080125d6   0x00000002   PAD
    0x080125d8   0x00000250   Code   RO         7336    i.readSysDataFromFlash_3030  app_syspara.o
    0x08012828   0x00000054   Code   RO         7452    i.readWeightDataFromSys  app_t5l_ctrl.o
    0x0801287c   0x00000030   Code   RO         7453    i.releaseSysColor   app_t5l_ctrl.o
    0x080128ac   0x0000007e   Code   RO         9166    i.remove_chain      ff.o
    0x0801292a   0x0000003a   Code   RO         6477    i.sampleDataPush    app_hx711_ctrl.o
    0x08012964   0x000001e4   Code   RO         7454    i.screenPrivate_ChanelChangedTrigerHandle  app_t5l_ctrl.o
    0x08012b48   0x000001a0   Code   RO         7455    i.screenPrivate_Init  app_t5l_ctrl.o
    0x08012ce8   0x00000124   Code   RO         7456    i.screenPrivate_PointTrigerHandle  app_t5l_ctrl.o
    0x08012e0c   0x00000030   Code   RO         7457    i.screenPrivate_RemoveWeightTrigerHandle  app_t5l_ctrl.o
    0x08012e3c   0x00000120   Code   RO         7458    i.screenPrivate_ResetCalibrationTrigerHandle  app_t5l_ctrl.o
    0x08012f5c   0x00000022   Code   RO         7462    i.screenPublic_ChanelChangedTrigerHandle  app_t5l_ctrl.o
    0x08012f7e   0x00000002   PAD
    0x08012f80   0x000000ac   Code   RO         7463    i.screenPublic_CurrentDevice_WeightDataPrepare  app_t5l_ctrl.o
    0x0801302c   0x0000003c   Code   RO         7464    i.screenPublic_Cycle_GetCurPage  app_t5l_ctrl.o
    0x08013068   0x000000dc   Code   RO         7465    i.screenPublic_FreshDisplayPosition_Of_HelpVlu  app_t5l_ctrl.o
    0x08013144   0x000000ac   Code   RO         7466    i.screenPublic_FreshDisplayPosition_Of_OtherMisc  app_t5l_ctrl.o
    0x080131f0   0x000000a8   Code   RO         7467    i.screenPublic_FreshDisplayPosition_Of_WeightColor  app_t5l_ctrl.o
    0x08013298   0x000000ac   Code   RO         7468    i.screenPublic_FreshDisplayPosition_Of_WeightIndex  app_t5l_ctrl.o
    0x08013344   0x000000d8   Code   RO         7469    i.screenPublic_FreshDisplayPosition_Of_WeightVlu  app_t5l_ctrl.o
    0x0801341c   0x00000018   Code   RO         7471    i.screenPublic_Init  app_t5l_ctrl.o
    0x08013434   0x0000005a   Code   RO         7472    i.screenPublic_OtherDevice_WeightDataPrepare  app_t5l_ctrl.o
    0x0801348e   0x00000060   Code   RO         7473    i.screenPublic_PageJump  app_t5l_ctrl.o
    0x080134ee   0x00000022   Code   RO         7474    i.screenPublic_PointTrigerHandle  app_t5l_ctrl.o
    0x08013510   0x00000036   Code   RO         7475    i.screenPublic_RemoveWeightTrigerHandle  app_t5l_ctrl.o
    0x08013546   0x00000022   Code   RO         7476    i.screenPublic_ResetCalibrationTrigerHandle  app_t5l_ctrl.o
    0x08013568   0x00000080   Code   RO         7477    i.screenPublic_ScreenLight  app_t5l_ctrl.o
    0x080135e8   0x00000012   Code   RO         7478    i.screenPublic_ScreenRTCGet_YMDHMS  app_t5l_ctrl.o
    0x080135fa   0x00000012   Code   RO         7479    i.screenPublic_ScreenVersionGet  app_t5l_ctrl.o
    0x0801360c   0x00000182   Code   RO         7485    i.screenT5L_RxFunction  app_t5l_ctrl.o
    0x0801378e   0x00000038   Code   RO         7486    i.screenT5L_TxFunction  app_t5l_ctrl.o
    0x080137c6   0x0000007c   Code   RO         7487    i.sdweAskRegData    app_t5l_ctrl.o
    0x08013842   0x00000068   Code   RO         7488    i.sdweAskVaribleData  app_t5l_ctrl.o
    0x080138aa   0x00000002   PAD
    0x080138ac   0x0000005c   Code   RO         7490    i.sdwe_VoicePrintfPush  app_t5l_ctrl.o
    0x08013908   0x0000000c   Code   RO         7183    i.setModbusDataValid  app_modbus_rtu_ctrl.o
    0x08013914   0x0000000c   Code   RO         7184    i.setModbusOtherRemoveFlag  app_modbus_rtu_ctrl.o
    0x08013920   0x0000000c   Code   RO         7185    i.setModbusSelfRemoveFlag  app_modbus_rtu_ctrl.o
    0x0801392c   0x00000028   Code   RO         6479    i.setSampleWeightValue  app_hx711_ctrl.o
    0x08013954   0x00000040   Code   RO         7493    i.sreenT5L_MainFunction  app_t5l_ctrl.o
    0x08013994   0x00000028   Code   RO         9167    i.st_clust          ff.o
    0x080139bc   0x00000014   Code   RO         9168    i.st_dword          ff.o
    0x080139d0   0x0000000a   Code   RO         9169    i.st_word           ff.o
    0x080139da   0x00000002   PAD
    0x080139dc   0x0000014c   Code   RO         7337    i.storeSysDataToFlash  app_syspara.o
    0x08013b28   0x0000033c   Code   RO         7338    i.storeSysDataToFlash_3030  app_syspara.o
    0x08013e64   0x0000008c   Code   RO         9170    i.sync_fs           ff.o
    0x08013ef0   0x00000056   Code   RO         9171    i.sync_window       ff.o
    0x08013f46   0x00000002   PAD
    0x08013f48   0x00000098   Code   RO         7494    i.t5lDisPlayDataClear  app_t5l_ctrl.o
    0x08013fe0   0x0000011a   Code   RO         7496    i.t5lWriteData      app_t5l_ctrl.o
    0x080140fa   0x00000112   Code   RO         7498    i.t5lWriteVarible   app_t5l_ctrl.o
    0x0801420c   0x00000200   Code   RO         6480    i.trigerCalcKB      app_hx711_ctrl.o
    0x0801440c   0x00000018   Code   RO         9172    i.unlock_fs         ff.o
    0x08014424   0x00000006   Code   RO         8675    i.upanPrepareStoreData_StoreAll_20250512  usb_essh.o
    0x0801442a   0x00000002   PAD
    0x0801442c   0x00000630   Code   RO         8676    i.upanPrepareStoreData_StoreAll_20250512_While1  usb_essh.o
    0x08014a5c   0x00000028   Code   RO         4982    i.uxListRemove      list.o
    0x08014a84   0x00000018   Code   RO          401    i.vApplicationGetIdleTaskMemory  freertos.o
    0x08014a9c   0x0000001a   Code   RO         4983    i.vListInitialise   list.o
    0x08014ab6   0x00000006   Code   RO         4984    i.vListInitialiseItem  list.o
    0x08014abc   0x00000034   Code   RO         4985    i.vListInsert       list.o
    0x08014af0   0x00000018   Code   RO         4986    i.vListInsertEnd    list.o
    0x08014b08   0x00000054   Code   RO         6124    i.vPortEnterCritical  port.o
    0x08014b5c   0x0000003c   Code   RO         6125    i.vPortExitCritical  port.o
    0x08014b98   0x000000a4   Code   RO         6055    i.vPortFree         heap_4.o
    0x08014c3c   0x00000028   Code   RO         6126    i.vPortSetupTimerInterrupt  port.o
    0x08014c64   0x00000078   Code   RO         6127    i.vPortValidateInterruptPriority  port.o
    0x08014cdc   0x00000032   Code   RO         5034    i.vQueueDelete      queue.o
    0x08014d0e   0x00000002   PAD
    0x08014d10   0x00000030   Code   RO         5035    i.vQueueUnregisterQueue  queue.o
    0x08014d40   0x0000005c   Code   RO         5372    i.vTaskDelay        tasks.o
    0x08014d9c   0x00000018   Code   RO         5375    i.vTaskInternalSetTimeOutState  tasks.o
    0x08014db4   0x0000000c   Code   RO         5376    i.vTaskMissedYield  tasks.o
    0x08014dc0   0x00000038   Code   RO         5378    i.vTaskPlaceOnEventList  tasks.o
    0x08014df8   0x000000e4   Code   RO         5380    i.vTaskPriorityDisinheritAfterTimeout  tasks.o
    0x08014edc   0x000000b0   Code   RO         5385    i.vTaskStartScheduler  tasks.o
    0x08014f8c   0x00000010   Code   RO         5387    i.vTaskSuspendAll   tasks.o
    0x08014f9c   0x0000008c   Code   RO         5388    i.vTaskSwitchContext  tasks.o
    0x08015028   0x0000004e   Code   RO         9173    i.validate          ff.o
    0x08015076   0x00000002   PAD
    0x08015078   0x00000060   Code   RO         7499    i.writeColorDataFromCom  app_t5l_ctrl.o
    0x080150d8   0x00000060   Code   RO         7500    i.writeHelpDataFromCom  app_t5l_ctrl.o
    0x08015138   0x000000bc   Code   RO         7501    i.writeWeightDataFromCom  app_t5l_ctrl.o
    0x080151f4   0x00000168   Code   RO         6128    i.xPortStartScheduler  port.o
    0x0801535c   0x0000005a   Code   RO         5038    i.xQueueGenericCreate  queue.o
    0x080153b6   0x000000e0   Code   RO         5039    i.xQueueGenericCreateStatic  queue.o
    0x08015496   0x00000002   PAD
    0x08015498   0x00000098   Code   RO         5040    i.xQueueGenericReset  queue.o
    0x08015530   0x000001a8   Code   RO         5041    i.xQueueGenericSend  queue.o
    0x080156d8   0x000000fc   Code   RO         5042    i.xQueueGenericSendFromISR  queue.o
    0x080157d4   0x000000e0   Code   RO         5043    i.xQueueGiveFromISR  queue.o
    0x080158b4   0x00000168   Code   RO         5048    i.xQueueReceive     queue.o
    0x08015a1c   0x000000ca   Code   RO         5049    i.xQueueReceiveFromISR  queue.o
    0x08015ae6   0x00000002   PAD
    0x08015ae8   0x000001b8   Code   RO         5050    i.xQueueSemaphoreTake  queue.o
    0x08015ca0   0x0000008c   Code   RO         5390    i.xTaskCheckForTimeOut  tasks.o
    0x08015d2c   0x00000064   Code   RO         5391    i.xTaskCreate       tasks.o
    0x08015d90   0x000000ba   Code   RO         5392    i.xTaskCreateStatic  tasks.o
    0x08015e4a   0x00000002   PAD
    0x08015e4c   0x00000020   Code   RO         5396    i.xTaskGetSchedulerState  tasks.o
    0x08015e6c   0x00000148   Code   RO         5399    i.xTaskIncrementTick  tasks.o
    0x08015fb4   0x000000c8   Code   RO         5402    i.xTaskPriorityDisinherit  tasks.o
    0x0801607c   0x000000b8   Code   RO         5403    i.xTaskPriorityInherit  tasks.o
    0x08016134   0x00000098   Code   RO         5404    i.xTaskRemoveFromEventList  tasks.o
    0x080161cc   0x00000104   Code   RO         5405    i.xTaskResumeAll    tasks.o
    0x080162d0   0x00000062   Code   RO        10502    x$fpl$d2f           fz_wm.l(d2f.o)
    0x08016332   0x00000018   Code   RO        10641    x$fpl$dcmpinf       fz_wm.l(dcmpi.o)
    0x0801634a   0x0000002e   Code   RO        10505    x$fpl$dflt          fz_wm.l(dflt_clz.o)
    0x08016378   0x00000026   Code   RO        10504    x$fpl$dfltu         fz_wm.l(dflt_clz.o)
    0x0801639e   0x00000002   PAD
    0x080163a0   0x00000078   Code   RO        10593    x$fpl$dleqf         fz_wm.l(dleqf.o)
    0x08016418   0x00000154   Code   RO        10510    x$fpl$dmul          fz_wm.l(dmul.o)
    0x0801656c   0x0000009c   Code   RO        10595    x$fpl$dnaninf       fz_wm.l(dnaninf.o)
    0x08016608   0x0000000c   Code   RO        10597    x$fpl$dretinf       fz_wm.l(dretinf.o)
    0x08016614   0x0000006c   Code   RO        10512    x$fpl$drleqf        fz_wm.l(drleqf.o)
    0x08016680   0x0000000a   Code   RO        10643    x$fpl$fpinit        fz_wm.l(fpinit.o)
    0x0801668a   0x0000000a   Code   RO        10599    x$fpl$fretinf       fz_wm.l(fretinf.o)
    0x08016694   0x00000000   Code   RO        10601    x$fpl$usenofp       fz_wm.l(usenofp.o)
    0x08016694   0x00000038   Data   RO          403    .constdata          freertos.o
    0x080166cc   0x00000008   Data   RO         2062    .constdata          stm32f4xx_hal_dma.o
    0x080166d4   0x00000018   Data   RO         4846    .constdata          system_stm32f4xx.o
    0x080166ec   0x00000200   Data   RO         6316    .constdata          app_crc.o
    0x080168ec   0x00000028   Data   RO         6482    .constdata          app_hx711_ctrl.o
    0x08016914   0x00000008   Data   RO         7503    .constdata          app_t5l_ctrl.o
    0x0801691c   0x00000020   Data   RO         8011    .constdata          hal_gpio.o
    0x0801693c   0x00000060   Data   RO         8461    .constdata          app_utctimer.o
    0x0801699c   0x00000014   Data   RO         8566    .constdata          usbh_diskio.o
    0x080169b0   0x0000002c   Data   RO         9602    .constdata          usbh_core.o
    0x080169dc   0x00000017   Data   RO          404    .conststring        freertos.o
    0x080169f3   0x00000001   PAD
    0x080169f4   0x0000005c   Data   RO         8679    .conststring        usb_essh.o
    0x08016a50   0x0000000c   Data   RO         9603    .conststring        usbh_core.o
    0x08016a5c   0x00000004   Data   RO         9984    .conststring        usbh_hid.o
    0x08016a60   0x00000004   Data   RO        10230    .conststring        usbh_msc.o
    0x08016a64   0x00000020   Data   RO        10732    Region$$Table       anon$$obj.o


    Execution Region RW_IRAM1 (Base: 0x20000000, Size: 0x00010c58, Max: 0x00020000, ABSOLUTE, COMPRESSED[0x00000d8c])

    Base Addr    Size         Type   Attr      Idx    E Section Name        Object

    0x20000000   0x0000000c   Data   RW          405    .data               freertos.o
    0x2000000c   0x00000004   Data   RW          815    .data               stm32f4xx_it.o
    0x20000010   0x00000009   Data   RW         2494    .data               stm32f4xx_hal.o
    0x20000019   0x00000003   PAD
    0x2000001c   0x00000004   Data   RW         4847    .data               system_stm32f4xx.o
    0x20000020   0x0000003c   Data   RW         5408    .data               tasks.o
    0x2000005c   0x00000020   Data   RW         6061    .data               heap_4.o
    0x2000007c   0x0000000c   Data   RW         6129    .data               port.o
    0x20000088   0x000009e4   Data   RW         6343    .data               app_externalscreen_cfg.o
    0x20000a6c   0x00000014   Data   RW         6369    .data               app_externalscreenrxhandle.o
    0x20000a80   0x00000028   Data   RW         6409    .data               app_externalscreentxhandle.o
    0x20000aa8   0x00000015   Data   RW         6483    .data               app_hx711_ctrl.o
    0x20000abd   0x00000003   PAD
    0x20000ac0   0x00000038   Data   RW         6612    .data               app_i2c.o
    0x20000af8   0x000006c0   Data   RW         6664    .data               app_innerscreen_cfg.o
    0x200011b8   0x000000d4   Data   RW         6711    .data               app_innerscreenrxhandle.o
    0x2000128c   0x000000bf   Data   RW         6911    .data               app_innerscreentxhandle.o
    0x2000134b   0x00000003   Data   RW         7021    .data               app_key_ctrl.o
    0x2000134e   0x00000008   Data   RW         7072    .data               app_led_ctrl.o
    0x20001356   0x00000002   PAD
    0x20001358   0x00000005   Data   RW         7131    .data               app_main_task.o
    0x2000135d   0x00000003   PAD
    0x20001360   0x0000032c   Data   RW         7186    .data               app_modbus_rtu_ctrl.o
    0x2000168c   0x00000034   Data   RW         7298    .data               app_password.o
    0x200016c0   0x00000150   Data   RW         7340    .data               app_syspara.o
    0x20001810   0x000006dc   Data   RW         7504    .data               app_t5l_ctrl.o
    0x20001eec   0x00000040   Data   RW         8012    .data               hal_gpio.o
    0x20001f2c   0x00000138   Data   RW         8056    .data               hal_uart.o
    0x20002064   0x00000002   Data   RW         8101    .data               app_smmz.o
    0x20002066   0x00000002   PAD
    0x20002068   0x00000138   Data   RW         8190    .data               app_at24c.o
    0x200021a0   0x00004cbe   Data   RW         8285    .data               app_datacenter.o
    0x20006e5e   0x00000002   PAD
    0x20006e60   0x00000008   Data   RW         8462    .data               app_utctimer.o
    0x20006e68   0x000006ac   Data   RW         8507    .data               app_usbsmq.o
    0x20007514   0x00000005   Data   RW         8633    .data               fatfs.o
    0x20007519   0x00000003   PAD
    0x2000751c   0x000000d0   Data   RW         8680    .data               usb_essh.o
    0x200075ec   0x00000002   Data   RW         8681    .data               usb_essh.o
    0x200075ee   0x00000002   Data   RW         8682    .data               usb_essh.o
    0x200075f0   0x00000002   Data   RW         8778    .data               usb_host.o
    0x200075f2   0x00000002   PAD
    0x200075f4   0x00000008   Data   RW         9176    .data               ff.o
    0x200075fc   0x00000020   Data   RW         9985    .data               usbh_hid.o
    0x2000761c   0x00000010   Data   RW        10105    .data               usbh_hid_keybd.o
    0x2000762c   0x00000018   Data   RW        10153    .data               usbh_hid_mouse.o
    0x20007644   0x00000020   Data   RW        10231    .data               usbh_msc.o
    0x20007664   0x00000254   Zero   RW          402    .bss                freertos.o
    0x200078b8   0x00000048   Zero   RW          476    .bss                adc.o
    0x20007900   0x00000054   Zero   RW          542    .bss                i2c.o
    0x20007954   0x00000048   Zero   RW          584    .bss                tim.o
    0x2000799c   0x00000a50   Zero   RW          639    .bss                usart.o
    0x200083ec   0x00000048   Zero   RW         1014    .bss                stm32f4xx_hal_timebase_tim.o
    0x20008434   0x00000040   Zero   RW         5051    .bss                queue.o
    0x20008474   0x000000f0   Zero   RW         5407    .bss                tasks.o
    0x20008564   0x00003c00   Zero   RW         6060    .bss                heap_4.o
    0x2000c164   0x000000ec   Zero   RW         6481    .bss                app_hx711_ctrl.o
    0x2000c250   0x00000880   Zero   RW         6611    .bss                app_i2c.o
    0x2000cad0   0x0000002c   Zero   RW         6710    .bss                app_innerscreenrxhandle.o
    0x2000cafc   0x00000058   Zero   RW         6910    .bss                app_innerscreentxhandle.o
    0x2000cb54   0x0000000c   Zero   RW         7020    .bss                app_key_ctrl.o
    0x2000cb60   0x0000000c   Zero   RW         7297    .bss                app_password.o
    0x2000cb6c   0x000001d8   Zero   RW         7339    .bss                app_syspara.o
    0x2000cd44   0x00000112   Zero   RW         7502    .bss                app_t5l_ctrl.o
    0x2000ce56   0x0000018c   Zero   RW         8100    .bss                app_smmz.o
    0x2000cfe2   0x00000002   PAD
    0x2000cfe4   0x00000190   Zero   RW         8151    .bss                app_wzdyj.o
    0x2000d174   0x00000004   PAD
    0x2000d178   0x00000098   Zero   RW         8284    .bss                app_datacenter.o
    0x2000d210   0x00000058   Zero   RW         8460    .bss                app_utctimer.o
    0x2000d268   0x00000230   Zero   RW         8632    .bss                fatfs.o
    0x2000d498   0x00000234   Zero   RW         8677    .bss                usb_essh.o
    0x2000d6cc   0x0000071c   Zero   RW         8678    .bss                usb_essh.o
    0x2000dde8   0x000007c8   Zero   RW         8777    .bss                usb_host.o
    0x2000e5b0   0x00000608   Zero   RW         8856    .bss                usbh_conf.o
    0x2000ebb8   0x00000020   Zero   RW         9174    .bss                ff.o
    0x2000ebd8   0x0000000c   Zero   RW         9485    .bss                ff_gen_drv.o
    0x2000ebe4   0x0000000f   Zero   RW        10103    .bss                usbh_hid_keybd.o
    0x2000ebf3   0x00000001   PAD
    0x2000ebf4   0x00000060   Zero   RW        10605    .bss                c_w.l(libspace.o)
    0x2000ec54   0x00000004   PAD
    0x2000ec58   0x00001000   Zero   RW            2    HEAP                startup_stm32f407xx.o
    0x2000fc58   0x00001000   Zero   RW            1    STACK               startup_stm32f407xx.o


==============================================================================

Image component sizes


      Code (inc. data)   RO Data    RW Data    ZI Data      Debug   Object Name

       236         24          0          0         72       1897   adc.o
      1044         40          0        312          0       7097   app_at24c.o
      2624         58          0          0          0      13443   app_balancingdatahandle.o
       302         14        512          0          0       3273   app_crc.o
      5172        136          0      19646        152      21891   app_datacenter.o
         0          0          0       2532          0       5846   app_externalscreen_cfg.o
        82          4          0         20          0      23500   app_externalscreenrxhandle.o
      1622         32          0         40          0      26462   app_externalscreentxhandle.o
      2602        178         40         21        236      14669   app_hx711_ctrl.o
       380         16          0         56       2176       6010   app_i2c.o
         0          0          0       1728          0       3481   app_innerscreen_cfg.o
      2836        144          0        212         44      50719   app_innerscreenrxhandle.o
      2852        126          0        191         88      32325   app_innerscreentxhandle.o
       476         30          0          3         12       3992   app_key_ctrl.o
       322          4          0          8          0       4913   app_led_ctrl.o
        66          6          0          5          0       3554   app_main_task.o
      1626         62          0        812          0      15272   app_modbus_rtu_ctrl.o
        76         18          0         52         12       1562   app_password.o
       260         12          0          2        396       3994   app_smmz.o
      2126         38          0        336        472      12763   app_syspara.o
        76         10          0          0          0        751   app_t5l_cfg.o
      6566        364          8       1756        274      64359   app_t5l_ctrl.o
       768         28          0       1708          0       7087   app_usbsmq.o
       720         28         96          8         88       4718   app_utctimer.o
         0          0          0          0        400       1104   app_wzdyj.o
       732         18          0          0          0      35270   cmsis_os.o
       160         26          0          0          0       3953   diskio.o
       264          6          0          0          0        982   dma.o
         0          0          0          0          0      20200   event_groups.o
        32         12          0          5        560       1748   fatfs.o
      6068         76          0          8         32      44142   ff.o
        74          4          0          0         12       1779   ff_gen_drv.o
       134         30         79         12        596       6513   freertos.o
       624         26          0          0          0       1399   gpio.o
        38          0          0          0          0       1186   hal_delay.o
       104         26         32         64          0       2662   hal_gpio.o
       624         38          0        312          0       7607   hal_uart.o
       724         74          0         32      15360       7739   heap_4.o
       196         24          0          0         84       1841   i2c.o
       148          0          0          0          0       3842   list.o
       486         54          0          0          0     765180   main.o
      1014         92          0         12          0      12577   port.o
      2874         24          0          0         64      24475   queue.o
        64         26        392          0       8192        884   startup_stm32f407xx.o
       136         24          0          9          0       9038   stm32f4xx_hal.o
       852         28          0          0          0       2927   stm32f4xx_hal_adc.o
       320         30          0          0          0      34637   stm32f4xx_hal_cortex.o
      1436         16          8          0          0       7434   stm32f4xx_hal_dma.o
       528         46          0          0          0       2967   stm32f4xx_hal_gpio.o
      5436          0          0          0          0      14425   stm32f4xx_hal_hcd.o
      2856         46          0          0          0      12214   stm32f4xx_hal_i2c.o
        84          6          0          0          0        950   stm32f4xx_hal_msp.o
      1888         94          0          0          0       6633   stm32f4xx_hal_rcc.o
       900         76          0          0          0       6307   stm32f4xx_hal_tim.o
       184         30          0          0          0       2677   stm32f4xx_hal_tim_ex.o
       180         20          0          0         72       1607   stm32f4xx_hal_timebase_tim.o
      3070         38          0          0          0      19777   stm32f4xx_hal_uart.o
       438        134          0          4          0      16541   stm32f4xx_it.o
      2764         48          0          0          0      19487   stm32f4xx_ll_usb.o
         0          0          0          0          0        380   stream_buffer.o
        66          0          0          0          0       3708   syscall.o
        20          6         24          4          0       1267   system_stm32f4xx.o
      3218        370          0         60        240      29825   tasks.o
       128         18          0          0         72       1754   tim.o
      2960        256          0          0       2640      51297   usart.o
      3082        146         92        212       2384      26275   usb_essh.o
       200         34          0          2       1992      21309   usb_host.o
       810         34          0          0       1544      38933   usbh_conf.o
      2052         24         56          0          0      14201   usbh_core.o
      1806         12          0          0          0      14470   usbh_ctlreq.o
       284         20         20          0          0      20976   usbh_diskio.o
      1242         22          4         32          0      16347   usbh_hid.o
        92         10          0         16         15       6156   usbh_hid_keybd.o
        84          8          0         24          0       1872   usbh_hid_mouse.o
       246          0          0          0          0       5600   usbh_ioreq.o
      2068         10          4         32          0      12129   usbh_msc.o
       938         26          0          0          0       7540   usbh_msc_bot.o
       908          0          0          0          0       6631   usbh_msc_scsi.o
       136          0          0          0          0       4226   usbh_pipes.o
        48          8          0          0          0       1236   usbh_platform.o

    ----------------------------------------------------------------------
     88748       3568       1400      30308      38288    1722414   Object Totals
         0          0         32          0          0          0   (incl. Generated)
        94          0          1         20          7          0   (incl. Padding)

    ----------------------------------------------------------------------

      Code (inc. data)   RO Data    RW Data    ZI Data      Debug   Library Member Name

        90          0          0          0          0          0   __dczerorl2.o
         8          0          0          0          0         68   __main.o
         0          0          0          0          0          0   __rtentry.o
        12          0          0          0          0          0   __rtentry2.o
         6          0          0          0          0          0   __rtentry4.o
        52          8          0          0          0          0   __scatter.o
        28          0          0          0          0          0   __scatter_zi.o
        10          0          0          0          0         68   defsig_exit.o
        50          0          0          0          0         88   defsig_general.o
        80         58          0          0          0         76   defsig_rtmem_inner.o
        14          0          0          0          0         80   defsig_rtmem_outer.o
        18          0          0          0          0         80   exit.o
        94          0          0          0          0         80   h1_alloc.o
        52          0          0          0          0         68   h1_extend.o
        78          0          0          0          0         80   h1_free.o
        14          0          0          0          0         84   h1_init.o
         6          0          0          0          0        152   heapauxi.o
         4          0          0          0          0        136   hguard.o
         0          0          0          0          0          0   indicate_semi.o
       138          0          0          0          0        168   init_alloc.o
         2          0          0          0          0          0   libinit.o
        14          0          0          0          0          0   libinit2.o
         2          0          0          0          0          0   libshutdown.o
         2          0          0          0          0          0   libshutdown2.o
         8          4          0          0         96         68   libspace.o
        72          0          0          0          0         76   llsdiv.o
       238          0          0          0          0        100   lludivv7m.o
         0          0          0          0          0          0   maybetermalloc1.o
        88          0          0          0          0         76   memcmp.o
         8          4          0          0          0         68   rt_heap_descriptor_intlibspace.o
        68          0          0          0          0         68   rt_memclr.o
        78          0          0          0          0         80   rt_memclr_w.o
       138          0          0          0          0         68   rt_memcpy_v6.o
       100          0          0          0          0         80   rt_memcpy_w.o
         2          0          0          0          0          0   rtexit.o
        10          0          0          0          0          0   rtexit2.o
        12          4          0          0          0         68   sys_exit.o
        74          0          0          0          0         80   sys_stackheap_outer.o
        14          0          0          0          0         76   sys_wrch.o
         2          0          0          0          0         68   use_no_semi.o
        98          4          0          0          0        140   d2f.o
        24          0          0          0          0        116   dcmpi.o
        84          0          0          0          0        232   dflt_clz.o
       120          4          0          0          0        140   dleqf.o
       340         12          0          0          0        152   dmul.o
       156          4          0          0          0        140   dnaninf.o
        12          0          0          0          0        116   dretinf.o
       108          0          0          0          0        128   drleqf.o
        10          0          0          0          0        116   fpinit.o
        10          0          0          0          0        116   fretinf.o
         0          0          0          0          0          0   usenofp.o

    ----------------------------------------------------------------------
      2656        102          0          0        100       3600   Library Totals
         8          0          0          0          4          0   (incl. Padding)

    ----------------------------------------------------------------------

      Code (inc. data)   RO Data    RW Data    ZI Data      Debug   Library Name

      1686         78          0          0         96       2204   c_w.l
       962         24          0          0          0       1396   fz_wm.l

    ----------------------------------------------------------------------
      2656        102          0          0        100       3600   Library Totals

    ----------------------------------------------------------------------

==============================================================================


      Code (inc. data)   RO Data    RW Data    ZI Data      Debug   

     91404       3670       1400      30308      38388    1662318   Grand Totals
     91404       3670       1400       3468      38388    1662318   ELF Image Totals (compressed)
     91404       3670       1400       3468          0          0   ROM Totals

==============================================================================

    Total RO  Size (Code + RO Data)                92804 (  90.63kB)
    Total RW  Size (RW Data + ZI Data)             68696 (  67.09kB)
    Total ROM Size (Code + RO Data + RW Data)      96272 (  94.02kB)

==============================================================================

